Archive member included because of file (symbol)

/Applications/SimplicityStudio_v3/developer/toolchains/gnu_arm/4.8_2013q4/bin/../lib/gcc/arm-none-eabi/4.8.3/armv6-m/libgcc.a(_udivsi3.o)
                              ./src/blink.o (__aeabi_uidiv)
/Applications/SimplicityStudio_v3/developer/toolchains/gnu_arm/4.8_2013q4/bin/../lib/gcc/arm-none-eabi/4.8.3/armv6-m/libgcc.a(_dvmd_tls.o)
                              /Applications/SimplicityStudio_v3/developer/toolchains/gnu_arm/4.8_2013q4/bin/../lib/gcc/arm-none-eabi/4.8.3/armv6-m/libgcc.a(_udivsi3.o) (__aeabi_idiv0)
/Applications/SimplicityStudio_v3/developer/toolchains/gnu_arm/4.8_2013q4/bin/../lib/gcc/arm-none-eabi/4.8.3/../../../../arm-none-eabi/lib/armv6-m/libc_s.a(lib_a-exit.o)
                              /Applications/SimplicityStudio_v3/developer/toolchains/gnu_arm/4.8_2013q4/bin/../lib/gcc/arm-none-eabi/4.8.3/../../../../arm-none-eabi/lib/armv6-m/crt0.o (exit)
/Applications/SimplicityStudio_v3/developer/toolchains/gnu_arm/4.8_2013q4/bin/../lib/gcc/arm-none-eabi/4.8.3/../../../../arm-none-eabi/lib/armv6-m/libc_s.a(lib_a-impure.o)
                              /Applications/SimplicityStudio_v3/developer/toolchains/gnu_arm/4.8_2013q4/bin/../lib/gcc/arm-none-eabi/4.8.3/../../../../arm-none-eabi/lib/armv6-m/libc_s.a(lib_a-exit.o) (_global_impure_ptr)
/Applications/SimplicityStudio_v3/developer/toolchains/gnu_arm/4.8_2013q4/bin/../lib/gcc/arm-none-eabi/4.8.3/../../../../arm-none-eabi/lib/armv6-m/libc_s.a(lib_a-init.o)
                              /Applications/SimplicityStudio_v3/developer/toolchains/gnu_arm/4.8_2013q4/bin/../lib/gcc/arm-none-eabi/4.8.3/../../../../arm-none-eabi/lib/armv6-m/crt0.o (__libc_init_array)
/Applications/SimplicityStudio_v3/developer/toolchains/gnu_arm/4.8_2013q4/bin/../lib/gcc/arm-none-eabi/4.8.3/../../../../arm-none-eabi/lib/armv6-m/libc_s.a(lib_a-memset.o)
                              /Applications/SimplicityStudio_v3/developer/toolchains/gnu_arm/4.8_2013q4/bin/../lib/gcc/arm-none-eabi/4.8.3/../../../../arm-none-eabi/lib/armv6-m/crt0.o (memset)
/Applications/SimplicityStudio_v3/developer/toolchains/gnu_arm/4.8_2013q4/bin/../lib/gcc/arm-none-eabi/4.8.3/../../../../arm-none-eabi/lib/armv6-m/libnosys.a(_exit.o)
                              /Applications/SimplicityStudio_v3/developer/toolchains/gnu_arm/4.8_2013q4/bin/../lib/gcc/arm-none-eabi/4.8.3/../../../../arm-none-eabi/lib/armv6-m/libc_s.a(lib_a-exit.o) (_exit)

Allocating common symbols
Common symbol       size              file

SystemCoreClock     0x4               ./CMSIS/efm32hg/system_efm32hg.o

Discarded input sections

 .text          0x0000000000000000        0x0 /Applications/SimplicityStudio_v3/developer/toolchains/gnu_arm/4.8_2013q4/bin/../lib/gcc/arm-none-eabi/4.8.3/armv6-m/crti.o
 .data          0x0000000000000000        0x0 /Applications/SimplicityStudio_v3/developer/toolchains/gnu_arm/4.8_2013q4/bin/../lib/gcc/arm-none-eabi/4.8.3/armv6-m/crti.o
 .bss           0x0000000000000000        0x0 /Applications/SimplicityStudio_v3/developer/toolchains/gnu_arm/4.8_2013q4/bin/../lib/gcc/arm-none-eabi/4.8.3/armv6-m/crti.o
 .data          0x0000000000000000        0x4 /Applications/SimplicityStudio_v3/developer/toolchains/gnu_arm/4.8_2013q4/bin/../lib/gcc/arm-none-eabi/4.8.3/armv6-m/crtbegin.o
 .data          0x0000000000000000        0x0 /Applications/SimplicityStudio_v3/developer/toolchains/gnu_arm/4.8_2013q4/bin/../lib/gcc/arm-none-eabi/4.8.3/../../../../arm-none-eabi/lib/armv6-m/crt0.o
 .bss           0x0000000000000000        0x0 /Applications/SimplicityStudio_v3/developer/toolchains/gnu_arm/4.8_2013q4/bin/../lib/gcc/arm-none-eabi/4.8.3/../../../../arm-none-eabi/lib/armv6-m/crt0.o
 .ARM.extab     0x0000000000000000        0x0 /Applications/SimplicityStudio_v3/developer/toolchains/gnu_arm/4.8_2013q4/bin/../lib/gcc/arm-none-eabi/4.8.3/../../../../arm-none-eabi/lib/armv6-m/crt0.o
 .text          0x0000000000000000        0x0 ./src/blink.o
 .data          0x0000000000000000        0x0 ./src/blink.o
 .bss           0x0000000000000000        0x0 ./src/blink.o
 .text          0x0000000000000000        0x0 ./emlib/em_assert.o
 .data          0x0000000000000000        0x0 ./emlib/em_assert.o
 .bss           0x0000000000000000        0x0 ./emlib/em_assert.o
 .text          0x0000000000000000        0x0 ./emlib/em_cmu.o
 .data          0x0000000000000000        0x0 ./emlib/em_cmu.o
 .bss           0x0000000000000000        0x0 ./emlib/em_cmu.o
 .text.__CLZ    0x0000000000000000       0x34 ./emlib/em_cmu.o
 .text.BUS_RegBitRead
                0x0000000000000000       0x20 ./emlib/em_cmu.o
 .text.CMU_DivToLog2
                0x0000000000000000       0x48 ./emlib/em_cmu.o
 .text.CMU_Log2ToDiv
                0x0000000000000000       0x1c ./emlib/em_cmu.o
 .text.flashWaitStateControl
                0x0000000000000000       0x7c ./emlib/em_cmu.o
 .text.flashWaitStateMax
                0x0000000000000000       0x14 ./emlib/em_cmu.o
 .text.CMU_AUXHFRCOBandGet
                0x0000000000000000       0x1c ./emlib/em_cmu.o
 .text.CMU_AUXHFRCOBandSet
                0x0000000000000000       0xa0 ./emlib/em_cmu.o
 .rodata.CMU_AUXHFRCOBandSet
                0x0000000000000000       0x20 ./emlib/em_cmu.o
 .text.CMU_Calibrate
                0x0000000000000000       0xb0 ./emlib/em_cmu.o
 .rodata.CMU_Calibrate
                0x0000000000000000       0x14 ./emlib/em_cmu.o
 .text.CMU_CalibrateConfig
                0x0000000000000000       0xfc ./emlib/em_cmu.o
 .rodata.CMU_CalibrateConfig
                0x0000000000000000       0x28 ./emlib/em_cmu.o
 .text.CMU_CalibrateCountGet
                0x0000000000000000       0x3c ./emlib/em_cmu.o
 .text.CMU_ClockDivGet
                0x0000000000000000      0x10c ./emlib/em_cmu.o
 .rodata.CMU_ClockDivGet
                0x0000000000000000       0x24 ./emlib/em_cmu.o
 .text.CMU_ClockDivSet
                0x0000000000000000      0x1e8 ./emlib/em_cmu.o
 .rodata.CMU_ClockDivSet
                0x0000000000000000       0x24 ./emlib/em_cmu.o
 .text.CMU_ClockSelectSet
                0x0000000000000000      0x2a0 ./emlib/em_cmu.o
 .rodata.CMU_ClockSelectSet
                0x0000000000000000       0x80 ./emlib/em_cmu.o
 .text.CMU_FreezeEnable
                0x0000000000000000       0x38 ./emlib/em_cmu.o
 .text.CMU_HFRCOBandGet
                0x0000000000000000       0x1c ./emlib/em_cmu.o
 .text.CMU_HFRCOBandSet
                0x0000000000000000       0xd8 ./emlib/em_cmu.o
 .rodata.CMU_HFRCOBandSet
                0x0000000000000000       0x14 ./emlib/em_cmu.o
 .text.CMU_HFRCOStartupDelayGet
                0x0000000000000000       0x1c ./emlib/em_cmu.o
 .text.CMU_HFRCOStartupDelaySet
                0x0000000000000000       0x4c ./emlib/em_cmu.o
 .text.CMU_LCDClkFDIVGet
                0x0000000000000000        0xc ./emlib/em_cmu.o
 .text.CMU_LCDClkFDIVSet
                0x0000000000000000       0x10 ./emlib/em_cmu.o
 .text.CMU_OscillatorEnable
                0x0000000000000000       0xe4 ./emlib/em_cmu.o
 .rodata.CMU_OscillatorEnable
                0x0000000000000000       0x1c ./emlib/em_cmu.o
 .text.CMU_OscillatorTuningGet
                0x0000000000000000       0x68 ./emlib/em_cmu.o
 .text.CMU_OscillatorTuningSet
                0x0000000000000000       0xdc ./emlib/em_cmu.o
 .text.CMU_PCNTClockExternalGet
                0x0000000000000000       0x34 ./emlib/em_cmu.o
 .text.CMU_PCNTClockExternalSet
                0x0000000000000000       0x58 ./emlib/em_cmu.o
 .text.CMU_USHFRCOBandGet
                0x0000000000000000       0x1c ./emlib/em_cmu.o
 .text.CMU_USHFRCOBandSet
                0x0000000000000000      0x118 ./emlib/em_cmu.o
 .text          0x0000000000000000        0x0 ./emlib/em_emu.o
 .data          0x0000000000000000        0x0 ./emlib/em_emu.o
 .bss           0x0000000000000000        0x0 ./emlib/em_emu.o
 .text.SystemCoreClockUpdate
                0x0000000000000000        0xc ./emlib/em_emu.o
 .text.EMU_Unlock
                0x0000000000000000       0x18 ./emlib/em_emu.o
 .text.CMU_Lock
                0x0000000000000000       0x14 ./emlib/em_emu.o
 .text.CMU_Unlock
                0x0000000000000000       0x18 ./emlib/em_emu.o
 .bss.cmuStatus
                0x0000000000000000        0x4 ./emlib/em_emu.o
 .text.emuRestore
                0x0000000000000000      0x138 ./emlib/em_emu.o
 .text.EMU_EnterEM2
                0x0000000000000000       0x54 ./emlib/em_emu.o
 .text.EMU_EnterEM3
                0x0000000000000000       0x74 ./emlib/em_emu.o
 .text.EMU_EnterEM4
                0x0000000000000000       0x5c ./emlib/em_emu.o
 .text.EMU_MemPwrDown
                0x0000000000000000       0x10 ./emlib/em_emu.o
 .text.EMU_UpdateOscConfig
                0x0000000000000000       0x18 ./emlib/em_emu.o
 .text.EMU_EM23Init
                0x0000000000000000       0x30 ./emlib/em_emu.o
 .debug_info    0x0000000000000000      0x65c ./emlib/em_emu.o
 .debug_abbrev  0x0000000000000000      0x1c5 ./emlib/em_emu.o
 .debug_loc     0x0000000000000000      0x22c ./emlib/em_emu.o
 .debug_aranges
                0x0000000000000000       0x70 ./emlib/em_emu.o
 .debug_ranges  0x0000000000000000       0x60 ./emlib/em_emu.o
 .debug_line    0x0000000000000000      0x3af ./emlib/em_emu.o
 .debug_str     0x0000000000000000      0x4ca ./emlib/em_emu.o
 .comment       0x0000000000000000       0x71 ./emlib/em_emu.o
 .ARM.attributes
                0x0000000000000000       0x32 ./emlib/em_emu.o
 .debug_frame   0x0000000000000000      0x15c ./emlib/em_emu.o
 .text          0x0000000000000000        0x0 ./emlib/em_gpio.o
 .data          0x0000000000000000        0x0 ./emlib/em_gpio.o
 .bss           0x0000000000000000        0x0 ./emlib/em_gpio.o
 .text.BUS_RegBitWrite
                0x0000000000000000       0x3c ./emlib/em_gpio.o
 .text.GPIO_EM4SetPinRetention
                0x0000000000000000       0x4c ./emlib/em_gpio.o
 .text.GPIO_DbgLocationSet
                0x0000000000000000       0x10 ./emlib/em_gpio.o
 .text.GPIO_DriveModeSet
                0x0000000000000000       0x90 ./emlib/em_gpio.o
 .text.GPIO_IntConfig
                0x0000000000000000      0x15c ./emlib/em_gpio.o
 .text.GPIO_EM4EnablePinWakeup
                0x0000000000000000       0x98 ./emlib/em_gpio.o
 .data          0x0000000000000000        0x0 ./CMSIS/efm32hg/startup_gcc_efm32hg.o
 .bss           0x0000000000000000        0x0 ./CMSIS/efm32hg/startup_gcc_efm32hg.o
 .text          0x0000000000000000        0x0 ./CMSIS/efm32hg/system_efm32hg.o
 .data          0x0000000000000000        0x0 ./CMSIS/efm32hg/system_efm32hg.o
 .bss           0x0000000000000000        0x0 ./CMSIS/efm32hg/system_efm32hg.o
 .text.SystemMaxCoreClockGet
                0x0000000000000000       0x10 ./CMSIS/efm32hg/system_efm32hg.o
 .text.SystemHFXOClockGet
                0x0000000000000000       0x14 ./CMSIS/efm32hg/system_efm32hg.o
 .text.SystemHFXOClockSet
                0x0000000000000000       0x2c ./CMSIS/efm32hg/system_efm32hg.o
 .text.SystemLFXOClockSet
                0x0000000000000000       0x2c ./CMSIS/efm32hg/system_efm32hg.o
 .text          0x0000000000000000        0x0 ./BSP/bsp_stk_leds.o
 .data          0x0000000000000000        0x0 ./BSP/bsp_stk_leds.o
 .bss           0x0000000000000000        0x0 ./BSP/bsp_stk_leds.o
 .text.BUS_RegBitRead
                0x0000000000000000       0x20 ./BSP/bsp_stk_leds.o
 .text.GPIO_PinOutGet
                0x0000000000000000       0xb0 ./BSP/bsp_stk_leds.o
 .text.GPIO_PinOutToggle
                0x0000000000000000       0xb0 ./BSP/bsp_stk_leds.o
 .text.BSP_LedsGet
                0x0000000000000000       0x60 ./BSP/bsp_stk_leds.o
 .text.BSP_LedClear
                0x0000000000000000       0x44 ./BSP/bsp_stk_leds.o
 .text.BSP_LedGet
                0x0000000000000000       0x48 ./BSP/bsp_stk_leds.o
 .text.BSP_LedSet
                0x0000000000000000       0x44 ./BSP/bsp_stk_leds.o
 .text.BSP_LedToggle
                0x0000000000000000       0x44 ./BSP/bsp_stk_leds.o
 .data          0x0000000000000000        0x0 /Applications/SimplicityStudio_v3/developer/toolchains/gnu_arm/4.8_2013q4/bin/../lib/gcc/arm-none-eabi/4.8.3/armv6-m/libgcc.a(_udivsi3.o)
 .bss           0x0000000000000000        0x0 /Applications/SimplicityStudio_v3/developer/toolchains/gnu_arm/4.8_2013q4/bin/../lib/gcc/arm-none-eabi/4.8.3/armv6-m/libgcc.a(_udivsi3.o)
 .data          0x0000000000000000        0x0 /Applications/SimplicityStudio_v3/developer/toolchains/gnu_arm/4.8_2013q4/bin/../lib/gcc/arm-none-eabi/4.8.3/armv6-m/libgcc.a(_dvmd_tls.o)
 .bss           0x0000000000000000        0x0 /Applications/SimplicityStudio_v3/developer/toolchains/gnu_arm/4.8_2013q4/bin/../lib/gcc/arm-none-eabi/4.8.3/armv6-m/libgcc.a(_dvmd_tls.o)
 .text          0x0000000000000000        0x0 /Applications/SimplicityStudio_v3/developer/toolchains/gnu_arm/4.8_2013q4/bin/../lib/gcc/arm-none-eabi/4.8.3/../../../../arm-none-eabi/lib/armv6-m/libc_s.a(lib_a-exit.o)
 .data          0x0000000000000000        0x0 /Applications/SimplicityStudio_v3/developer/toolchains/gnu_arm/4.8_2013q4/bin/../lib/gcc/arm-none-eabi/4.8.3/../../../../arm-none-eabi/lib/armv6-m/libc_s.a(lib_a-exit.o)
 .bss           0x0000000000000000        0x0 /Applications/SimplicityStudio_v3/developer/toolchains/gnu_arm/4.8_2013q4/bin/../lib/gcc/arm-none-eabi/4.8.3/../../../../arm-none-eabi/lib/armv6-m/libc_s.a(lib_a-exit.o)
 .text          0x0000000000000000        0x0 /Applications/SimplicityStudio_v3/developer/toolchains/gnu_arm/4.8_2013q4/bin/../lib/gcc/arm-none-eabi/4.8.3/../../../../arm-none-eabi/lib/armv6-m/libc_s.a(lib_a-impure.o)
 .data          0x0000000000000000        0x0 /Applications/SimplicityStudio_v3/developer/toolchains/gnu_arm/4.8_2013q4/bin/../lib/gcc/arm-none-eabi/4.8.3/../../../../arm-none-eabi/lib/armv6-m/libc_s.a(lib_a-impure.o)
 .bss           0x0000000000000000        0x0 /Applications/SimplicityStudio_v3/developer/toolchains/gnu_arm/4.8_2013q4/bin/../lib/gcc/arm-none-eabi/4.8.3/../../../../arm-none-eabi/lib/armv6-m/libc_s.a(lib_a-impure.o)
 .data._impure_ptr
                0x0000000000000000        0x4 /Applications/SimplicityStudio_v3/developer/toolchains/gnu_arm/4.8_2013q4/bin/../lib/gcc/arm-none-eabi/4.8.3/../../../../arm-none-eabi/lib/armv6-m/libc_s.a(lib_a-impure.o)
 .text          0x0000000000000000        0x0 /Applications/SimplicityStudio_v3/developer/toolchains/gnu_arm/4.8_2013q4/bin/../lib/gcc/arm-none-eabi/4.8.3/../../../../arm-none-eabi/lib/armv6-m/libc_s.a(lib_a-init.o)
 .data          0x0000000000000000        0x0 /Applications/SimplicityStudio_v3/developer/toolchains/gnu_arm/4.8_2013q4/bin/../lib/gcc/arm-none-eabi/4.8.3/../../../../arm-none-eabi/lib/armv6-m/libc_s.a(lib_a-init.o)
 .bss           0x0000000000000000        0x0 /Applications/SimplicityStudio_v3/developer/toolchains/gnu_arm/4.8_2013q4/bin/../lib/gcc/arm-none-eabi/4.8.3/../../../../arm-none-eabi/lib/armv6-m/libc_s.a(lib_a-init.o)
 .text          0x0000000000000000        0x0 /Applications/SimplicityStudio_v3/developer/toolchains/gnu_arm/4.8_2013q4/bin/../lib/gcc/arm-none-eabi/4.8.3/../../../../arm-none-eabi/lib/armv6-m/libc_s.a(lib_a-memset.o)
 .data          0x0000000000000000        0x0 /Applications/SimplicityStudio_v3/developer/toolchains/gnu_arm/4.8_2013q4/bin/../lib/gcc/arm-none-eabi/4.8.3/../../../../arm-none-eabi/lib/armv6-m/libc_s.a(lib_a-memset.o)
 .bss           0x0000000000000000        0x0 /Applications/SimplicityStudio_v3/developer/toolchains/gnu_arm/4.8_2013q4/bin/../lib/gcc/arm-none-eabi/4.8.3/../../../../arm-none-eabi/lib/armv6-m/libc_s.a(lib_a-memset.o)
 .text          0x0000000000000000        0x0 /Applications/SimplicityStudio_v3/developer/toolchains/gnu_arm/4.8_2013q4/bin/../lib/gcc/arm-none-eabi/4.8.3/../../../../arm-none-eabi/lib/armv6-m/libnosys.a(_exit.o)
 .data          0x0000000000000000        0x0 /Applications/SimplicityStudio_v3/developer/toolchains/gnu_arm/4.8_2013q4/bin/../lib/gcc/arm-none-eabi/4.8.3/../../../../arm-none-eabi/lib/armv6-m/libnosys.a(_exit.o)
 .bss           0x0000000000000000        0x0 /Applications/SimplicityStudio_v3/developer/toolchains/gnu_arm/4.8_2013q4/bin/../lib/gcc/arm-none-eabi/4.8.3/../../../../arm-none-eabi/lib/armv6-m/libnosys.a(_exit.o)
 .text          0x0000000000000000        0x0 /Applications/SimplicityStudio_v3/developer/toolchains/gnu_arm/4.8_2013q4/bin/../lib/gcc/arm-none-eabi/4.8.3/armv6-m/crtend.o
 .data          0x0000000000000000        0x0 /Applications/SimplicityStudio_v3/developer/toolchains/gnu_arm/4.8_2013q4/bin/../lib/gcc/arm-none-eabi/4.8.3/armv6-m/crtend.o
 .bss           0x0000000000000000        0x0 /Applications/SimplicityStudio_v3/developer/toolchains/gnu_arm/4.8_2013q4/bin/../lib/gcc/arm-none-eabi/4.8.3/armv6-m/crtend.o
 .text          0x0000000000000000        0x0 /Applications/SimplicityStudio_v3/developer/toolchains/gnu_arm/4.8_2013q4/bin/../lib/gcc/arm-none-eabi/4.8.3/armv6-m/crtn.o
 .data          0x0000000000000000        0x0 /Applications/SimplicityStudio_v3/developer/toolchains/gnu_arm/4.8_2013q4/bin/../lib/gcc/arm-none-eabi/4.8.3/armv6-m/crtn.o
 .bss           0x0000000000000000        0x0 /Applications/SimplicityStudio_v3/developer/toolchains/gnu_arm/4.8_2013q4/bin/../lib/gcc/arm-none-eabi/4.8.3/armv6-m/crtn.o

Memory Configuration

Name             Origin             Length             Attributes
FLASH            0x0000000000000000 0x0000000000010000 xr
RAM              0x0000000020000000 0x0000000000002000 xrw
*default*        0x0000000000000000 0xffffffffffffffff

Linker script and memory map

LOAD /Applications/SimplicityStudio_v3/developer/toolchains/gnu_arm/4.8_2013q4/bin/../lib/gcc/arm-none-eabi/4.8.3/armv6-m/crti.o
LOAD /Applications/SimplicityStudio_v3/developer/toolchains/gnu_arm/4.8_2013q4/bin/../lib/gcc/arm-none-eabi/4.8.3/armv6-m/crtbegin.o
LOAD /Applications/SimplicityStudio_v3/developer/toolchains/gnu_arm/4.8_2013q4/bin/../lib/gcc/arm-none-eabi/4.8.3/../../../../arm-none-eabi/lib/armv6-m/crt0.o
LOAD ./src/blink.o
LOAD ./emlib/em_assert.o
LOAD ./emlib/em_cmu.o
LOAD ./emlib/em_emu.o
LOAD ./emlib/em_gpio.o
LOAD ./CMSIS/efm32hg/startup_gcc_efm32hg.o
LOAD ./CMSIS/efm32hg/system_efm32hg.o
LOAD ./BSP/bsp_stk_leds.o
START GROUP
LOAD /Applications/SimplicityStudio_v3/developer/toolchains/gnu_arm/4.8_2013q4/bin/../lib/gcc/arm-none-eabi/4.8.3/armv6-m/libgcc.a
LOAD /Applications/SimplicityStudio_v3/developer/toolchains/gnu_arm/4.8_2013q4/bin/../lib/gcc/arm-none-eabi/4.8.3/../../../../arm-none-eabi/lib/armv6-m/libc_s.a
LOAD /Applications/SimplicityStudio_v3/developer/toolchains/gnu_arm/4.8_2013q4/bin/../lib/gcc/arm-none-eabi/4.8.3/../../../../arm-none-eabi/lib/armv6-m/libnosys.a
END GROUP
START GROUP
LOAD /Applications/SimplicityStudio_v3/developer/toolchains/gnu_arm/4.8_2013q4/bin/../lib/gcc/arm-none-eabi/4.8.3/armv6-m/libgcc.a
LOAD /Applications/SimplicityStudio_v3/developer/toolchains/gnu_arm/4.8_2013q4/bin/../lib/gcc/arm-none-eabi/4.8.3/../../../../arm-none-eabi/lib/armv6-m/libg_s.a
LOAD /Applications/SimplicityStudio_v3/developer/toolchains/gnu_arm/4.8_2013q4/bin/../lib/gcc/arm-none-eabi/4.8.3/../../../../arm-none-eabi/lib/armv6-m/libc_s.a
END GROUP
START GROUP
LOAD /Applications/SimplicityStudio_v3/developer/toolchains/gnu_arm/4.8_2013q4/bin/../lib/gcc/arm-none-eabi/4.8.3/armv6-m/libgcc.a
LOAD /Applications/SimplicityStudio_v3/developer/toolchains/gnu_arm/4.8_2013q4/bin/../lib/gcc/arm-none-eabi/4.8.3/../../../../arm-none-eabi/lib/armv6-m/libc_s.a
END GROUP
LOAD /Applications/SimplicityStudio_v3/developer/toolchains/gnu_arm/4.8_2013q4/bin/../lib/gcc/arm-none-eabi/4.8.3/armv6-m/crtend.o
LOAD /Applications/SimplicityStudio_v3/developer/toolchains/gnu_arm/4.8_2013q4/bin/../lib/gcc/arm-none-eabi/4.8.3/armv6-m/crtn.o

.text           0x0000000000000000     0x1454
 *(.vectors)
 .vectors       0x0000000000000000       0x94 ./CMSIS/efm32hg/startup_gcc_efm32hg.o
                0x0000000000000000                __Vectors
                0x0000000000000094                __Vectors_End = .
                0x0000000000000094                __Vectors_Size = (__Vectors_End - __Vectors)
                0x0000000000000094                __end__ = .
 *(.text*)
 .text          0x0000000000000094       0x60 /Applications/SimplicityStudio_v3/developer/toolchains/gnu_arm/4.8_2013q4/bin/../lib/gcc/arm-none-eabi/4.8.3/armv6-m/crtbegin.o
 .text          0x00000000000000f4       0x78 /Applications/SimplicityStudio_v3/developer/toolchains/gnu_arm/4.8_2013q4/bin/../lib/gcc/arm-none-eabi/4.8.3/../../../../arm-none-eabi/lib/armv6-m/crt0.o
                0x00000000000000f4                _mainCRTStartup
                0x00000000000000f4                _start
 .text.NVIC_SetPriority
                0x000000000000016c       0xe0 ./src/blink.o
 .text.SysTick_Config
                0x000000000000024c       0x48 ./src/blink.o
 .text.CHIP_Init
                0x0000000000000294       0x40 ./src/blink.o
 .text.SysTick_Handler
                0x00000000000002d4       0x18 ./src/blink.o
                0x00000000000002d4                SysTick_Handler
 .text.Delay    0x00000000000002ec       0x28 ./src/blink.o
 .text.main     0x0000000000000314       0x50 ./src/blink.o
                0x0000000000000314                main
 .text.assertEFM
                0x0000000000000364        0xc ./emlib/em_assert.o
                0x0000000000000364                assertEFM
 .text.BUS_RegBitWrite
                0x0000000000000370       0x3c ./emlib/em_cmu.o
 .text.auxClkGet
                0x00000000000003ac       0x94 ./emlib/em_cmu.o
 .text.dbgClkGet
                0x0000000000000440       0x74 ./emlib/em_cmu.o
 .text.lfClkGet
                0x00000000000004b4      0x12c ./emlib/em_cmu.o
 .text.syncReg  0x00000000000005e0       0x2c ./emlib/em_cmu.o
 .text.usbCClkGet
                0x000000000000060c       0x58 ./emlib/em_cmu.o
 .text.CMU_ClockEnable
                0x0000000000000664       0xc8 ./emlib/em_cmu.o
                0x0000000000000664                CMU_ClockEnable
 .text.CMU_ClockFreqGet
                0x000000000000072c      0x194 ./emlib/em_cmu.o
                0x000000000000072c                CMU_ClockFreqGet
 .text.CMU_ClockSelectGet
                0x00000000000008c0      0x1f8 ./emlib/em_cmu.o
                0x00000000000008c0                CMU_ClockSelectGet
 .text.GPIO_PinOutClear
                0x0000000000000ab8       0xb0 ./emlib/em_gpio.o
 .text.GPIO_PinOutSet
                0x0000000000000b68       0xb0 ./emlib/em_gpio.o
 .text.GPIO_PinModeSet
                0x0000000000000c18      0x1b0 ./emlib/em_gpio.o
                0x0000000000000c18                GPIO_PinModeSet
 .text          0x0000000000000dc8       0x30 ./CMSIS/efm32hg/startup_gcc_efm32hg.o
                0x0000000000000dc8                Reset_Handler
                0x0000000000000df4                USART0_TX_IRQHandler
                0x0000000000000df4                I2C0_IRQHandler
                0x0000000000000df4                HardFault_Handler
                0x0000000000000df4                USART1_RX_IRQHandler
                0x0000000000000df4                PendSV_Handler
                0x0000000000000df4                NMI_Handler
                0x0000000000000df4                USART1_TX_IRQHandler
                0x0000000000000df4                MSC_IRQHandler
                0x0000000000000df4                ADC0_IRQHandler
                0x0000000000000df4                LEUART0_IRQHandler
                0x0000000000000df4                GPIO_EVEN_IRQHandler
                0x0000000000000df4                RTC_IRQHandler
                0x0000000000000df4                TIMER0_IRQHandler
                0x0000000000000df4                TIMER1_IRQHandler
                0x0000000000000df4                Default_Handler
                0x0000000000000df4                PCNT0_IRQHandler
                0x0000000000000df4                USB_IRQHandler
                0x0000000000000df4                ACMP0_IRQHandler
                0x0000000000000df4                USART0_RX_IRQHandler
                0x0000000000000df4                SVC_Handler
                0x0000000000000df4                CMU_IRQHandler
                0x0000000000000df4                GPIO_ODD_IRQHandler
                0x0000000000000df4                AES_IRQHandler
                0x0000000000000df4                VCMP_IRQHandler
                0x0000000000000df4                TIMER2_IRQHandler
                0x0000000000000df4                DMA_IRQHandler
 .text.SystemCoreClockGet
                0x0000000000000df8       0x3c ./CMSIS/efm32hg/system_efm32hg.o
                0x0000000000000df8                SystemCoreClockGet
 .text.SystemHFClockGet
                0x0000000000000e34       0xe8 ./CMSIS/efm32hg/system_efm32hg.o
                0x0000000000000e34                SystemHFClockGet
 .text.SystemInit
                0x0000000000000f1c        0x8 ./CMSIS/efm32hg/system_efm32hg.o
                0x0000000000000f1c                SystemInit
 .text.SystemLFRCOClockGet
                0x0000000000000f24       0x10 ./CMSIS/efm32hg/system_efm32hg.o
                0x0000000000000f24                SystemLFRCOClockGet
 .text.SystemULFRCOClockGet
                0x0000000000000f34       0x10 ./CMSIS/efm32hg/system_efm32hg.o
                0x0000000000000f34                SystemULFRCOClockGet
 .text.SystemLFXOClockGet
                0x0000000000000f44       0x14 ./CMSIS/efm32hg/system_efm32hg.o
                0x0000000000000f44                SystemLFXOClockGet
 .text.GPIO_PinOutClear
                0x0000000000000f58       0xb0 ./BSP/bsp_stk_leds.o
 .text.GPIO_PinOutSet
                0x0000000000001008       0xb0 ./BSP/bsp_stk_leds.o
 .text.BSP_LedsInit
                0x00000000000010b8       0x64 ./BSP/bsp_stk_leds.o
                0x00000000000010b8                BSP_LedsInit
 .text.BSP_LedsSet
                0x000000000000111c       0x74 ./BSP/bsp_stk_leds.o
                0x000000000000111c                BSP_LedsSet
 .text          0x0000000000001190       0x9c /Applications/SimplicityStudio_v3/developer/toolchains/gnu_arm/4.8_2013q4/bin/../lib/gcc/arm-none-eabi/4.8.3/armv6-m/libgcc.a(_udivsi3.o)
                0x0000000000001190                __udivsi3
                0x0000000000001190                __aeabi_uidiv
                0x0000000000001218                __aeabi_uidivmod
 .text          0x000000000000122c        0x4 /Applications/SimplicityStudio_v3/developer/toolchains/gnu_arm/4.8_2013q4/bin/../lib/gcc/arm-none-eabi/4.8.3/armv6-m/libgcc.a(_dvmd_tls.o)
                0x000000000000122c                __aeabi_ldiv0
                0x000000000000122c                __aeabi_idiv0
 .text.exit     0x0000000000001230       0x2c /Applications/SimplicityStudio_v3/developer/toolchains/gnu_arm/4.8_2013q4/bin/../lib/gcc/arm-none-eabi/4.8.3/../../../../arm-none-eabi/lib/armv6-m/libc_s.a(lib_a-exit.o)
                0x0000000000001230                exit
 .text.__libc_init_array
                0x000000000000125c       0x4c /Applications/SimplicityStudio_v3/developer/toolchains/gnu_arm/4.8_2013q4/bin/../lib/gcc/arm-none-eabi/4.8.3/../../../../arm-none-eabi/lib/armv6-m/libc_s.a(lib_a-init.o)
                0x000000000000125c                __libc_init_array
 .text.memset   0x00000000000012a8       0x10 /Applications/SimplicityStudio_v3/developer/toolchains/gnu_arm/4.8_2013q4/bin/../lib/gcc/arm-none-eabi/4.8.3/../../../../arm-none-eabi/lib/armv6-m/libc_s.a(lib_a-memset.o)
                0x00000000000012a8                memset
 .text._exit    0x00000000000012b8        0x4 /Applications/SimplicityStudio_v3/developer/toolchains/gnu_arm/4.8_2013q4/bin/../lib/gcc/arm-none-eabi/4.8.3/../../../../arm-none-eabi/lib/armv6-m/libnosys.a(_exit.o)
                0x00000000000012b8                _exit
 *(.init)
 .init          0x00000000000012bc        0x4 /Applications/SimplicityStudio_v3/developer/toolchains/gnu_arm/4.8_2013q4/bin/../lib/gcc/arm-none-eabi/4.8.3/armv6-m/crti.o
                0x00000000000012bc                _init
 .init          0x00000000000012c0        0x8 /Applications/SimplicityStudio_v3/developer/toolchains/gnu_arm/4.8_2013q4/bin/../lib/gcc/arm-none-eabi/4.8.3/armv6-m/crtn.o
 *(.fini)
 .fini          0x00000000000012c8        0x4 /Applications/SimplicityStudio_v3/developer/toolchains/gnu_arm/4.8_2013q4/bin/../lib/gcc/arm-none-eabi/4.8.3/armv6-m/crti.o
                0x00000000000012c8                _fini
 .fini          0x00000000000012cc        0x8 /Applications/SimplicityStudio_v3/developer/toolchains/gnu_arm/4.8_2013q4/bin/../lib/gcc/arm-none-eabi/4.8.3/armv6-m/crtn.o
 *crtbegin.o(.ctors)
 *crtbegin?.o(.ctors)
 *(EXCLUDE_FILE(*crtend.o *crtend?.o) .ctors)
 *(SORT(.ctors.*))
 *(.ctors)
 *crtbegin.o(.dtors)
 *crtbegin?.o(.dtors)
 *(EXCLUDE_FILE(*crtend.o *crtend?.o) .dtors)
 *(SORT(.dtors.*))
 *(.dtors)
 *(.rodata*)
 .rodata        0x00000000000012d4       0x64 ./emlib/em_cmu.o
 .rodata.CMU_ClockEnable
                0x0000000000001338       0x2c ./emlib/em_cmu.o
 .rodata.CMU_ClockSelectGet
                0x0000000000001364       0x20 ./emlib/em_cmu.o
 .rodata        0x0000000000001384       0x64 ./emlib/em_gpio.o
 .rodata        0x00000000000013e8       0x50 ./BSP/bsp_stk_leds.o
 .rodata.ledArray
                0x0000000000001438       0x10 ./BSP/bsp_stk_leds.o
 .rodata.str1.1
                0x0000000000001448        0x2 /Applications/SimplicityStudio_v3/developer/toolchains/gnu_arm/4.8_2013q4/bin/../lib/gcc/arm-none-eabi/4.8.3/../../../../arm-none-eabi/lib/armv6-m/libc_s.a(lib_a-impure.o)
 *fill*         0x000000000000144a        0x2 
 .rodata._global_impure_ptr
                0x000000000000144c        0x4 /Applications/SimplicityStudio_v3/developer/toolchains/gnu_arm/4.8_2013q4/bin/../lib/gcc/arm-none-eabi/4.8.3/../../../../arm-none-eabi/lib/armv6-m/libc_s.a(lib_a-impure.o)
                0x000000000000144c                _global_impure_ptr
 *(.eh_frame*)
 .eh_frame      0x0000000000001450        0x0 /Applications/SimplicityStudio_v3/developer/toolchains/gnu_arm/4.8_2013q4/bin/../lib/gcc/arm-none-eabi/4.8.3/armv6-m/crtbegin.o
 .eh_frame      0x0000000000001450        0x4 /Applications/SimplicityStudio_v3/developer/toolchains/gnu_arm/4.8_2013q4/bin/../lib/gcc/arm-none-eabi/4.8.3/armv6-m/crtend.o

.glue_7         0x0000000000001454        0x0
 .glue_7        0x0000000000000000        0x0 linker stubs

.glue_7t        0x0000000000001454        0x0
 .glue_7t       0x0000000000000000        0x0 linker stubs

.vfp11_veneer   0x0000000000001454        0x0
 .vfp11_veneer  0x0000000000000000        0x0 linker stubs

.v4_bx          0x0000000000001454        0x0
 .v4_bx         0x0000000000000000        0x0 linker stubs

.iplt           0x0000000000001454        0x0
 .iplt          0x0000000000000000        0x0 /Applications/SimplicityStudio_v3/developer/toolchains/gnu_arm/4.8_2013q4/bin/../lib/gcc/arm-none-eabi/4.8.3/armv6-m/crtbegin.o

.ARM.extab
 *(.ARM.extab* .gnu.linkonce.armextab.*)
                0x0000000000001454                __exidx_start = .

.ARM.exidx      0x0000000000001454        0x8
 *(.ARM.exidx* .gnu.linkonce.armexidx.*)
 .ARM.exidx     0x0000000000001454        0x8 /Applications/SimplicityStudio_v3/developer/toolchains/gnu_arm/4.8_2013q4/bin/../lib/gcc/arm-none-eabi/4.8.3/../../../../arm-none-eabi/lib/armv6-m/crt0.o
                0x000000000000145c                __exidx_end = .
                0x000000000000145c                __etext = .

.rel.dyn        0x000000000000145c        0x0
 .rel.iplt      0x0000000000000000        0x0 /Applications/SimplicityStudio_v3/developer/toolchains/gnu_arm/4.8_2013q4/bin/../lib/gcc/arm-none-eabi/4.8.3/armv6-m/crtbegin.o

.data           0x0000000020000000       0x74 load address 0x000000000000145c
                0x0000000020000000                __data_start__ = .
 *(vtable)
 *(.data*)
 .data.SystemHFXOClock
                0x0000000020000000        0x4 ./CMSIS/efm32hg/system_efm32hg.o
 .data.SystemLFXOClock
                0x0000000020000004        0x4 ./CMSIS/efm32hg/system_efm32hg.o
 .data.impure_data
                0x0000000020000008       0x60 /Applications/SimplicityStudio_v3/developer/toolchains/gnu_arm/4.8_2013q4/bin/../lib/gcc/arm-none-eabi/4.8.3/../../../../arm-none-eabi/lib/armv6-m/libc_s.a(lib_a-impure.o)
                0x0000000020000068                . = ALIGN (0x4)
 *(.ram)
                0x0000000020000068                . = ALIGN (0x4)
                0x0000000020000068                PROVIDE (__preinit_array_start, .)
 *(.preinit_array)
                0x0000000020000068                PROVIDE (__preinit_array_end, .)
                0x0000000020000068                . = ALIGN (0x4)
                0x0000000020000068                PROVIDE (__init_array_start, .)
 *(SORT(.init_array.*))
 *(.init_array)
 .init_array    0x0000000020000068        0x4 /Applications/SimplicityStudio_v3/developer/toolchains/gnu_arm/4.8_2013q4/bin/../lib/gcc/arm-none-eabi/4.8.3/armv6-m/crtbegin.o
                0x000000002000006c                PROVIDE (__init_array_end, .)
                0x000000002000006c                . = ALIGN (0x4)
                0x000000002000006c                PROVIDE (__fini_array_start, .)
 *(SORT(.fini_array.*))
 *(.fini_array)
 .fini_array    0x000000002000006c        0x4 /Applications/SimplicityStudio_v3/developer/toolchains/gnu_arm/4.8_2013q4/bin/../lib/gcc/arm-none-eabi/4.8.3/armv6-m/crtbegin.o
                0x0000000020000070                PROVIDE (__fini_array_end, .)
 *(.jcr*)
 .jcr           0x0000000020000070        0x0 /Applications/SimplicityStudio_v3/developer/toolchains/gnu_arm/4.8_2013q4/bin/../lib/gcc/arm-none-eabi/4.8.3/armv6-m/crtbegin.o
 .jcr           0x0000000020000070        0x4 /Applications/SimplicityStudio_v3/developer/toolchains/gnu_arm/4.8_2013q4/bin/../lib/gcc/arm-none-eabi/4.8.3/armv6-m/crtend.o
                0x0000000020000074                . = ALIGN (0x4)
                0x0000000020000074                __data_end__ = .

.igot.plt       0x0000000020000074        0x0 load address 0x00000000000014d0
 .igot.plt      0x0000000000000000        0x0 /Applications/SimplicityStudio_v3/developer/toolchains/gnu_arm/4.8_2013q4/bin/../lib/gcc/arm-none-eabi/4.8.3/armv6-m/crtbegin.o

.bss            0x0000000020000074       0x24 load address 0x00000000000014d0
                0x0000000020000074                . = ALIGN (0x4)
                0x0000000020000074                __bss_start__ = .
 *(.bss*)
 .bss           0x0000000020000074       0x1c /Applications/SimplicityStudio_v3/developer/toolchains/gnu_arm/4.8_2013q4/bin/../lib/gcc/arm-none-eabi/4.8.3/armv6-m/crtbegin.o
 .bss.msTicks   0x0000000020000090        0x4 ./src/blink.o
 *(COMMON)
 COMMON         0x0000000020000094        0x4 ./CMSIS/efm32hg/system_efm32hg.o
                0x0000000020000094                SystemCoreClock
                0x0000000020000098                . = ALIGN (0x4)
                0x0000000020000098                __bss_end__ = .

.heap           0x0000000020000098      0x400
                0x0000000020000098                __HeapBase = .
                0x0000000020000098                __end__ = .
                0x0000000020000098                end = __end__
                0x0000000020000098                _end = __end__
 *(.heap*)
 .heap          0x0000000020000098      0x400 ./CMSIS/efm32hg/startup_gcc_efm32hg.o
                0x0000000020000498                __HeapLimit = .

.stack_dummy    0x0000000020000098      0x400
 *(.stack*)
 .stack         0x0000000020000098      0x400 ./CMSIS/efm32hg/startup_gcc_efm32hg.o
                0x0000000020002000                __StackTop = (ORIGIN (RAM) + 0x2000)
                0x0000000020001c00                __StackLimit = (__StackTop - SIZEOF (.stack_dummy))
                0x0000000020002000                PROVIDE (__stack, __StackTop)
                0x0000000000000001                ASSERT ((__StackLimit >= __HeapLimit), region RAM overflowed with stack)
                0x0000000000000001                ASSERT ((0x10000 >= (__etext + SIZEOF (.data))), FLASH memory overflowed !)
OUTPUT(SLSTK3400A_blink.axf elf32-littlearm)

.ARM.attributes
                0x0000000000000000       0x28
 .ARM.attributes
                0x0000000000000000       0x1e /Applications/SimplicityStudio_v3/developer/toolchains/gnu_arm/4.8_2013q4/bin/../lib/gcc/arm-none-eabi/4.8.3/armv6-m/crti.o
 .ARM.attributes
                0x000000000000001e       0x2c /Applications/SimplicityStudio_v3/developer/toolchains/gnu_arm/4.8_2013q4/bin/../lib/gcc/arm-none-eabi/4.8.3/armv6-m/crtbegin.o
 .ARM.attributes
                0x000000000000004a       0x1b /Applications/SimplicityStudio_v3/developer/toolchains/gnu_arm/4.8_2013q4/bin/../lib/gcc/arm-none-eabi/4.8.3/../../../../arm-none-eabi/lib/armv6-m/crt0.o
 .ARM.attributes
                0x0000000000000065       0x32 ./src/blink.o
 .ARM.attributes
                0x0000000000000097       0x32 ./emlib/em_assert.o
 .ARM.attributes
                0x00000000000000c9       0x32 ./emlib/em_cmu.o
 .ARM.attributes
                0x00000000000000fb       0x32 ./emlib/em_gpio.o
 .ARM.attributes
                0x000000000000012d       0x1b ./CMSIS/efm32hg/startup_gcc_efm32hg.o
 .ARM.attributes
                0x0000000000000148       0x32 ./CMSIS/efm32hg/system_efm32hg.o
 .ARM.attributes
                0x000000000000017a       0x32 ./BSP/bsp_stk_leds.o
 .ARM.attributes
                0x00000000000001ac       0x1e /Applications/SimplicityStudio_v3/developer/toolchains/gnu_arm/4.8_2013q4/bin/../lib/gcc/arm-none-eabi/4.8.3/armv6-m/libgcc.a(_udivsi3.o)
 .ARM.attributes
                0x00000000000001ca       0x1e /Applications/SimplicityStudio_v3/developer/toolchains/gnu_arm/4.8_2013q4/bin/../lib/gcc/arm-none-eabi/4.8.3/armv6-m/libgcc.a(_dvmd_tls.o)
 .ARM.attributes
                0x00000000000001e8       0x2c /Applications/SimplicityStudio_v3/developer/toolchains/gnu_arm/4.8_2013q4/bin/../lib/gcc/arm-none-eabi/4.8.3/../../../../arm-none-eabi/lib/armv6-m/libc_s.a(lib_a-exit.o)
 .ARM.attributes
                0x0000000000000214       0x2c /Applications/SimplicityStudio_v3/developer/toolchains/gnu_arm/4.8_2013q4/bin/../lib/gcc/arm-none-eabi/4.8.3/../../../../arm-none-eabi/lib/armv6-m/libc_s.a(lib_a-impure.o)
 .ARM.attributes
                0x0000000000000240       0x2c /Applications/SimplicityStudio_v3/developer/toolchains/gnu_arm/4.8_2013q4/bin/../lib/gcc/arm-none-eabi/4.8.3/../../../../arm-none-eabi/lib/armv6-m/libc_s.a(lib_a-init.o)
 .ARM.attributes
                0x000000000000026c       0x2c /Applications/SimplicityStudio_v3/developer/toolchains/gnu_arm/4.8_2013q4/bin/../lib/gcc/arm-none-eabi/4.8.3/../../../../arm-none-eabi/lib/armv6-m/libc_s.a(lib_a-memset.o)
 .ARM.attributes
                0x0000000000000298       0x2c /Applications/SimplicityStudio_v3/developer/toolchains/gnu_arm/4.8_2013q4/bin/../lib/gcc/arm-none-eabi/4.8.3/../../../../arm-none-eabi/lib/armv6-m/libnosys.a(_exit.o)
 .ARM.attributes
                0x00000000000002c4       0x2c /Applications/SimplicityStudio_v3/developer/toolchains/gnu_arm/4.8_2013q4/bin/../lib/gcc/arm-none-eabi/4.8.3/armv6-m/crtend.o
 .ARM.attributes
                0x00000000000002f0       0x1e /Applications/SimplicityStudio_v3/developer/toolchains/gnu_arm/4.8_2013q4/bin/../lib/gcc/arm-none-eabi/4.8.3/armv6-m/crtn.o

.comment        0x0000000000000000       0x70
 .comment       0x0000000000000000       0x70 ./src/blink.o
                                         0x71 (size before relaxing)
 .comment       0x0000000000000000       0x71 ./emlib/em_assert.o
 .comment       0x0000000000000000       0x71 ./emlib/em_cmu.o
 .comment       0x0000000000000000       0x71 ./emlib/em_gpio.o
 .comment       0x0000000000000000       0x71 ./CMSIS/efm32hg/system_efm32hg.o
 .comment       0x0000000000000000       0x71 ./BSP/bsp_stk_leds.o

.debug_info     0x0000000000000000     0x2894
 .debug_info    0x0000000000000000      0x585 ./src/blink.o
 .debug_info    0x0000000000000585       0x7a ./emlib/em_assert.o
 .debug_info    0x00000000000005ff     0x10af ./emlib/em_cmu.o
 .debug_info    0x00000000000016ae      0x5a6 ./emlib/em_gpio.o
 .debug_info    0x0000000000001c54       0xa7 ./CMSIS/efm32hg/startup_gcc_efm32hg.o
 .debug_info    0x0000000000001cfb      0x486 ./CMSIS/efm32hg/system_efm32hg.o
 .debug_info    0x0000000000002181      0x713 ./BSP/bsp_stk_leds.o

.debug_abbrev   0x0000000000000000      0x919
 .debug_abbrev  0x0000000000000000      0x17d ./src/blink.o
 .debug_abbrev  0x000000000000017d       0x65 ./emlib/em_assert.o
 .debug_abbrev  0x00000000000001e2      0x29b ./emlib/em_cmu.o
 .debug_abbrev  0x000000000000047d      0x1a9 ./emlib/em_gpio.o
 .debug_abbrev  0x0000000000000626       0x14 ./CMSIS/efm32hg/startup_gcc_efm32hg.o
 .debug_abbrev  0x000000000000063a      0x160 ./CMSIS/efm32hg/system_efm32hg.o
 .debug_abbrev  0x000000000000079a      0x17f ./BSP/bsp_stk_leds.o

.debug_loc      0x0000000000000000      0xfc0
 .debug_loc     0x0000000000000000      0x144 ./src/blink.o
 .debug_loc     0x0000000000000144       0x38 ./emlib/em_assert.o
 .debug_loc     0x000000000000017c      0x7c4 ./emlib/em_cmu.o
 .debug_loc     0x0000000000000940      0x1f8 ./emlib/em_gpio.o
 .debug_loc     0x0000000000000b38      0x1e8 ./CMSIS/efm32hg/system_efm32hg.o
 .debug_loc     0x0000000000000d20      0x2a0 ./BSP/bsp_stk_leds.o

.debug_aranges  0x0000000000000000      0x308
 .debug_aranges
                0x0000000000000000       0x48 ./src/blink.o
 .debug_aranges
                0x0000000000000048       0x20 ./emlib/em_assert.o
 .debug_aranges
                0x0000000000000068      0x140 ./emlib/em_cmu.o
 .debug_aranges
                0x00000000000001a8       0x60 ./emlib/em_gpio.o
 .debug_aranges
                0x0000000000000208       0x20 ./CMSIS/efm32hg/startup_gcc_efm32hg.o
 .debug_aranges
                0x0000000000000228       0x68 ./CMSIS/efm32hg/system_efm32hg.o
 .debug_aranges
                0x0000000000000290       0x78 ./BSP/bsp_stk_leds.o

.debug_ranges   0x0000000000000000      0x288
 .debug_ranges  0x0000000000000000       0x38 ./src/blink.o
 .debug_ranges  0x0000000000000038       0x10 ./emlib/em_assert.o
 .debug_ranges  0x0000000000000048      0x130 ./emlib/em_cmu.o
 .debug_ranges  0x0000000000000178       0x50 ./emlib/em_gpio.o
 .debug_ranges  0x00000000000001c8       0x58 ./CMSIS/efm32hg/system_efm32hg.o
 .debug_ranges  0x0000000000000220       0x68 ./BSP/bsp_stk_leds.o

.debug_line     0x0000000000000000     0x1380
 .debug_line    0x0000000000000000      0x274 ./src/blink.o
 .debug_line    0x0000000000000274       0x49 ./emlib/em_assert.o
 .debug_line    0x00000000000002bd      0x847 ./emlib/em_cmu.o
 .debug_line    0x0000000000000b04      0x2ea ./emlib/em_gpio.o
 .debug_line    0x0000000000000dee       0x74 ./CMSIS/efm32hg/startup_gcc_efm32hg.o
 .debug_line    0x0000000000000e62      0x1f1 ./CMSIS/efm32hg/system_efm32hg.o
 .debug_line    0x0000000000001053      0x32d ./BSP/bsp_stk_leds.o

.debug_str      0x0000000000000000     0x1359
 .debug_str     0x0000000000000000      0x5a4 ./src/blink.o
                                        0x5ee (size before relaxing)
 .debug_str     0x00000000000005a4       0x29 ./emlib/em_assert.o
                                        0x15b (size before relaxing)
 .debug_str     0x00000000000005cd      0x82c ./emlib/em_cmu.o
                                        0xc1e (size before relaxing)
 .debug_str     0x0000000000000df9      0x3a2 ./emlib/em_gpio.o
                                        0x5c4 (size before relaxing)
 .debug_str     0x000000000000119b      0x10c ./CMSIS/efm32hg/system_efm32hg.o
                                        0x43e (size before relaxing)
 .debug_str     0x00000000000012a7       0xb2 ./BSP/bsp_stk_leds.o
                                        0x6d9 (size before relaxing)

.debug_frame    0x0000000000000000      0xa44
 .debug_frame   0x0000000000000000       0xd0 ./src/blink.o
 .debug_frame   0x00000000000000d0       0x30 ./emlib/em_assert.o
 .debug_frame   0x0000000000000100      0x494 ./emlib/em_cmu.o
 .debug_frame   0x0000000000000594      0x134 ./emlib/em_gpio.o
 .debug_frame   0x00000000000006c8      0x138 ./CMSIS/efm32hg/system_efm32hg.o
 .debug_frame   0x0000000000000800      0x190 ./BSP/bsp_stk_leds.o
 .debug_frame   0x0000000000000990       0x20 /Applications/SimplicityStudio_v3/developer/toolchains/gnu_arm/4.8_2013q4/bin/../lib/gcc/arm-none-eabi/4.8.3/armv6-m/libgcc.a(_udivsi3.o)
 .debug_frame   0x00000000000009b0       0x28 /Applications/SimplicityStudio_v3/developer/toolchains/gnu_arm/4.8_2013q4/bin/../lib/gcc/arm-none-eabi/4.8.3/../../../../arm-none-eabi/lib/armv6-m/libc_s.a(lib_a-exit.o)
 .debug_frame   0x00000000000009d8       0x2c /Applications/SimplicityStudio_v3/developer/toolchains/gnu_arm/4.8_2013q4/bin/../lib/gcc/arm-none-eabi/4.8.3/../../../../arm-none-eabi/lib/armv6-m/libc_s.a(lib_a-init.o)
 .debug_frame   0x0000000000000a04       0x20 /Applications/SimplicityStudio_v3/developer/toolchains/gnu_arm/4.8_2013q4/bin/../lib/gcc/arm-none-eabi/4.8.3/../../../../arm-none-eabi/lib/armv6-m/libc_s.a(lib_a-memset.o)
 .debug_frame   0x0000000000000a24       0x20 /Applications/SimplicityStudio_v3/developer/toolchains/gnu_arm/4.8_2013q4/bin/../lib/gcc/arm-none-eabi/4.8.3/../../../../arm-none-eabi/lib/armv6-m/libnosys.a(_exit.o)
