Archive member included because of file (symbol)

/Applications/SimplicityStudio_v3/developer/toolchains/gnu_arm/4.8_2013q4/bin/../lib/gcc/arm-none-eabi/4.8.3/armv6-m/libgcc.a(_udivsi3.o)
                              ./src/Main.o (__aeabi_uidiv)
/Applications/SimplicityStudio_v3/developer/toolchains/gnu_arm/4.8_2013q4/bin/../lib/gcc/arm-none-eabi/4.8.3/armv6-m/libgcc.a(_dvmd_tls.o)
                              /Applications/SimplicityStudio_v3/developer/toolchains/gnu_arm/4.8_2013q4/bin/../lib/gcc/arm-none-eabi/4.8.3/armv6-m/libgcc.a(_udivsi3.o) (__aeabi_idiv0)
/Applications/SimplicityStudio_v3/developer/toolchains/gnu_arm/4.8_2013q4/bin/../lib/gcc/arm-none-eabi/4.8.3/../../../../arm-none-eabi/lib/armv6-m/libc_s.a(lib_a-exit.o)
                              /Applications/SimplicityStudio_v3/developer/toolchains/gnu_arm/4.8_2013q4/bin/../lib/gcc/arm-none-eabi/4.8.3/../../../../arm-none-eabi/lib/armv6-m/crt0.o (exit)
/Applications/SimplicityStudio_v3/developer/toolchains/gnu_arm/4.8_2013q4/bin/../lib/gcc/arm-none-eabi/4.8.3/../../../../arm-none-eabi/lib/armv6-m/libc_s.a(lib_a-impure.o)
                              /Applications/SimplicityStudio_v3/developer/toolchains/gnu_arm/4.8_2013q4/bin/../lib/gcc/arm-none-eabi/4.8.3/../../../../arm-none-eabi/lib/armv6-m/libc_s.a(lib_a-exit.o) (_global_impure_ptr)
/Applications/SimplicityStudio_v3/developer/toolchains/gnu_arm/4.8_2013q4/bin/../lib/gcc/arm-none-eabi/4.8.3/../../../../arm-none-eabi/lib/armv6-m/libc_s.a(lib_a-init.o)
                              /Applications/SimplicityStudio_v3/developer/toolchains/gnu_arm/4.8_2013q4/bin/../lib/gcc/arm-none-eabi/4.8.3/../../../../arm-none-eabi/lib/armv6-m/crt0.o (__libc_init_array)
/Applications/SimplicityStudio_v3/developer/toolchains/gnu_arm/4.8_2013q4/bin/../lib/gcc/arm-none-eabi/4.8.3/../../../../arm-none-eabi/lib/armv6-m/libc_s.a(lib_a-memset.o)
                              /Applications/SimplicityStudio_v3/developer/toolchains/gnu_arm/4.8_2013q4/bin/../lib/gcc/arm-none-eabi/4.8.3/../../../../arm-none-eabi/lib/armv6-m/crt0.o (memset)
/Applications/SimplicityStudio_v3/developer/toolchains/gnu_arm/4.8_2013q4/bin/../lib/gcc/arm-none-eabi/4.8.3/../../../../arm-none-eabi/lib/armv6-m/libnosys.a(_exit.o)
                              /Applications/SimplicityStudio_v3/developer/toolchains/gnu_arm/4.8_2013q4/bin/../lib/gcc/arm-none-eabi/4.8.3/../../../../arm-none-eabi/lib/armv6-m/libc_s.a(lib_a-exit.o) (_exit)

Allocating common symbols
Common symbol       size              file

seconden            0x4               ./src/Klok.o
SystemCoreClock     0x4               ./CMSIS/efm32hg/system_efm32hg.o
uren                0x4               ./src/Klok.o
counterOfDeath      0x4               ./src/Watchdog.o
msTeller            0x4               ./src/Klok.o
minuten             0x4               ./src/Klok.o
msTicks             0x4               ./src/Main.o

Discarded input sections

 .text          0x0000000000000000        0x0 /Applications/SimplicityStudio_v3/developer/toolchains/gnu_arm/4.8_2013q4/bin/../lib/gcc/arm-none-eabi/4.8.3/armv6-m/crti.o
 .data          0x0000000000000000        0x0 /Applications/SimplicityStudio_v3/developer/toolchains/gnu_arm/4.8_2013q4/bin/../lib/gcc/arm-none-eabi/4.8.3/armv6-m/crti.o
 .bss           0x0000000000000000        0x0 /Applications/SimplicityStudio_v3/developer/toolchains/gnu_arm/4.8_2013q4/bin/../lib/gcc/arm-none-eabi/4.8.3/armv6-m/crti.o
 .data          0x0000000000000000        0x4 /Applications/SimplicityStudio_v3/developer/toolchains/gnu_arm/4.8_2013q4/bin/../lib/gcc/arm-none-eabi/4.8.3/armv6-m/crtbegin.o
 .data          0x0000000000000000        0x0 /Applications/SimplicityStudio_v3/developer/toolchains/gnu_arm/4.8_2013q4/bin/../lib/gcc/arm-none-eabi/4.8.3/../../../../arm-none-eabi/lib/armv6-m/crt0.o
 .bss           0x0000000000000000        0x0 /Applications/SimplicityStudio_v3/developer/toolchains/gnu_arm/4.8_2013q4/bin/../lib/gcc/arm-none-eabi/4.8.3/../../../../arm-none-eabi/lib/armv6-m/crt0.o
 .ARM.extab     0x0000000000000000        0x0 /Applications/SimplicityStudio_v3/developer/toolchains/gnu_arm/4.8_2013q4/bin/../lib/gcc/arm-none-eabi/4.8.3/../../../../arm-none-eabi/lib/armv6-m/crt0.o
 .text          0x0000000000000000        0x0 ./src/Klok.o
 .data          0x0000000000000000        0x0 ./src/Klok.o
 .bss           0x0000000000000000        0x0 ./src/Klok.o
 .text.initKlok
                0x0000000000000000       0x30 ./src/Klok.o
 .text          0x0000000000000000        0x0 ./src/Main.o
 .data          0x0000000000000000        0x0 ./src/Main.o
 .bss           0x0000000000000000        0x0 ./src/Main.o
 .text          0x0000000000000000        0x0 ./src/Relais.o
 .data          0x0000000000000000        0x0 ./src/Relais.o
 .bss           0x0000000000000000        0x0 ./src/Relais.o
 .text          0x0000000000000000        0x0 ./src/Watchdog.o
 .data          0x0000000000000000        0x0 ./src/Watchdog.o
 .bss           0x0000000000000000        0x0 ./src/Watchdog.o
 .text.initWatchdog
                0x0000000000000000       0x14 ./src/Watchdog.o
 .debug_info    0x0000000000000000       0x58 ./src/Watchdog.o
 .debug_abbrev  0x0000000000000000       0x48 ./src/Watchdog.o
 .debug_loc     0x0000000000000000       0x2c ./src/Watchdog.o
 .debug_aranges
                0x0000000000000000       0x20 ./src/Watchdog.o
 .debug_ranges  0x0000000000000000       0x10 ./src/Watchdog.o
 .debug_line    0x0000000000000000       0x43 ./src/Watchdog.o
 .debug_str     0x0000000000000000      0x180 ./src/Watchdog.o
 .comment       0x0000000000000000       0x71 ./src/Watchdog.o
 .ARM.attributes
                0x0000000000000000       0x32 ./src/Watchdog.o
 .debug_frame   0x0000000000000000       0x2c ./src/Watchdog.o
 COMMON         0x0000000000000000        0x4 ./src/Watchdog.o
 .text          0x0000000000000000        0x0 ./emlib/em_cmu.o
 .data          0x0000000000000000        0x0 ./emlib/em_cmu.o
 .bss           0x0000000000000000        0x0 ./emlib/em_cmu.o
 .text.__CLZ    0x0000000000000000       0x34 ./emlib/em_cmu.o
 .text.BUS_RegBitRead
                0x0000000000000000       0x20 ./emlib/em_cmu.o
 .text.CMU_DivToLog2
                0x0000000000000000       0x34 ./emlib/em_cmu.o
 .text.CMU_Log2ToDiv
                0x0000000000000000       0x1c ./emlib/em_cmu.o
 .text.flashWaitStateControl
                0x0000000000000000       0x7c ./emlib/em_cmu.o
 .text.flashWaitStateMax
                0x0000000000000000       0x14 ./emlib/em_cmu.o
 .text.CMU_AUXHFRCOBandGet
                0x0000000000000000       0x1c ./emlib/em_cmu.o
 .text.CMU_AUXHFRCOBandSet
                0x0000000000000000       0x90 ./emlib/em_cmu.o
 .rodata.CMU_AUXHFRCOBandSet
                0x0000000000000000       0x20 ./emlib/em_cmu.o
 .text.CMU_Calibrate
                0x0000000000000000       0x84 ./emlib/em_cmu.o
 .rodata.CMU_Calibrate
                0x0000000000000000       0x14 ./emlib/em_cmu.o
 .text.CMU_CalibrateConfig
                0x0000000000000000       0xc0 ./emlib/em_cmu.o
 .rodata.CMU_CalibrateConfig
                0x0000000000000000       0x28 ./emlib/em_cmu.o
 .text.CMU_CalibrateCountGet
                0x0000000000000000       0x3c ./emlib/em_cmu.o
 .text.CMU_ClockDivGet
                0x0000000000000000       0xd8 ./emlib/em_cmu.o
 .rodata.CMU_ClockDivGet
                0x0000000000000000       0x24 ./emlib/em_cmu.o
 .text.CMU_ClockDivSet
                0x0000000000000000      0x150 ./emlib/em_cmu.o
 .rodata.CMU_ClockDivSet
                0x0000000000000000       0x24 ./emlib/em_cmu.o
 .text.CMU_ClockSelectSet
                0x0000000000000000      0x244 ./emlib/em_cmu.o
 .rodata.CMU_ClockSelectSet
                0x0000000000000000       0x80 ./emlib/em_cmu.o
 .text.CMU_FreezeEnable
                0x0000000000000000       0x38 ./emlib/em_cmu.o
 .text.CMU_HFRCOBandGet
                0x0000000000000000       0x1c ./emlib/em_cmu.o
 .text.CMU_HFRCOBandSet
                0x0000000000000000       0xc4 ./emlib/em_cmu.o
 .rodata.CMU_HFRCOBandSet
                0x0000000000000000       0x14 ./emlib/em_cmu.o
 .text.CMU_HFRCOStartupDelayGet
                0x0000000000000000       0x1c ./emlib/em_cmu.o
 .text.CMU_HFRCOStartupDelaySet
                0x0000000000000000       0x30 ./emlib/em_cmu.o
 .text.CMU_LCDClkFDIVGet
                0x0000000000000000        0xc ./emlib/em_cmu.o
 .text.CMU_LCDClkFDIVSet
                0x0000000000000000       0x10 ./emlib/em_cmu.o
 .text.CMU_OscillatorEnable
                0x0000000000000000       0xd0 ./emlib/em_cmu.o
 .rodata.CMU_OscillatorEnable
                0x0000000000000000       0x1c ./emlib/em_cmu.o
 .text.CMU_OscillatorTuningGet
                0x0000000000000000       0x54 ./emlib/em_cmu.o
 .text.CMU_OscillatorTuningSet
                0x0000000000000000       0x84 ./emlib/em_cmu.o
 .text.CMU_PCNTClockExternalGet
                0x0000000000000000       0x34 ./emlib/em_cmu.o
 .text.CMU_PCNTClockExternalSet
                0x0000000000000000       0x3c ./emlib/em_cmu.o
 .text.CMU_USHFRCOBandGet
                0x0000000000000000       0x1c ./emlib/em_cmu.o
 .text.CMU_USHFRCOBandSet
                0x0000000000000000       0xf8 ./emlib/em_cmu.o
 .text          0x0000000000000000        0x0 ./emlib/em_emu.o
 .data          0x0000000000000000        0x0 ./emlib/em_emu.o
 .bss           0x0000000000000000        0x0 ./emlib/em_emu.o
 .text.SystemCoreClockUpdate
                0x0000000000000000        0xc ./emlib/em_emu.o
 .text.EMU_Unlock
                0x0000000000000000       0x18 ./emlib/em_emu.o
 .text.CMU_Lock
                0x0000000000000000       0x14 ./emlib/em_emu.o
 .text.CMU_Unlock
                0x0000000000000000       0x18 ./emlib/em_emu.o
 .bss.cmuStatus
                0x0000000000000000        0x4 ./emlib/em_emu.o
 .text.emuRestore
                0x0000000000000000      0x138 ./emlib/em_emu.o
 .text.EMU_EnterEM2
                0x0000000000000000       0x54 ./emlib/em_emu.o
 .text.EMU_EnterEM3
                0x0000000000000000       0x74 ./emlib/em_emu.o
 .text.EMU_EnterEM4
                0x0000000000000000       0x5c ./emlib/em_emu.o
 .text.EMU_MemPwrDown
                0x0000000000000000       0x10 ./emlib/em_emu.o
 .text.EMU_UpdateOscConfig
                0x0000000000000000       0x18 ./emlib/em_emu.o
 .text.EMU_EM23Init
                0x0000000000000000       0x30 ./emlib/em_emu.o
 .debug_info    0x0000000000000000      0x65c ./emlib/em_emu.o
 .debug_abbrev  0x0000000000000000      0x1c5 ./emlib/em_emu.o
 .debug_loc     0x0000000000000000      0x22c ./emlib/em_emu.o
 .debug_aranges
                0x0000000000000000       0x70 ./emlib/em_emu.o
 .debug_ranges  0x0000000000000000       0x60 ./emlib/em_emu.o
 .debug_line    0x0000000000000000      0x3af ./emlib/em_emu.o
 .debug_str     0x0000000000000000      0x4ef ./emlib/em_emu.o
 .comment       0x0000000000000000       0x71 ./emlib/em_emu.o
 .ARM.attributes
                0x0000000000000000       0x32 ./emlib/em_emu.o
 .debug_frame   0x0000000000000000      0x15c ./emlib/em_emu.o
 .text          0x0000000000000000        0x0 ./emlib/em_gpio.o
 .data          0x0000000000000000        0x0 ./emlib/em_gpio.o
 .bss           0x0000000000000000        0x0 ./emlib/em_gpio.o
 .text.BUS_RegBitWrite
                0x0000000000000000       0x3c ./emlib/em_gpio.o
 .text.GPIO_EM4SetPinRetention
                0x0000000000000000       0x4c ./emlib/em_gpio.o
 .text.GPIO_DbgLocationSet
                0x0000000000000000       0x10 ./emlib/em_gpio.o
 .text.GPIO_DriveModeSet
                0x0000000000000000       0x84 ./emlib/em_gpio.o
 .text.GPIO_IntConfig
                0x0000000000000000      0x124 ./emlib/em_gpio.o
 .text.GPIO_EM4EnablePinWakeup
                0x0000000000000000       0x68 ./emlib/em_gpio.o
 .text          0x0000000000000000        0x0 ./emlib/em_lcd.o
 .data          0x0000000000000000        0x0 ./emlib/em_lcd.o
 .bss           0x0000000000000000        0x0 ./emlib/em_lcd.o
 .debug_info    0x0000000000000000       0x87 ./emlib/em_lcd.o
 .debug_abbrev  0x0000000000000000       0x26 ./emlib/em_lcd.o
 .debug_aranges
                0x0000000000000000       0x18 ./emlib/em_lcd.o
 .debug_line    0x0000000000000000       0x1d ./emlib/em_lcd.o
 .debug_str     0x0000000000000000      0x20f ./emlib/em_lcd.o
 .comment       0x0000000000000000       0x71 ./emlib/em_lcd.o
 .ARM.attributes
                0x0000000000000000       0x32 ./emlib/em_lcd.o
 .text          0x0000000000000000        0x0 ./emlib/em_system.o
 .data          0x0000000000000000        0x0 ./emlib/em_system.o
 .bss           0x0000000000000000        0x0 ./emlib/em_system.o
 .text.SYSTEM_ChipRevisionGet
                0x0000000000000000       0x90 ./emlib/em_system.o
 .text.SYSTEM_GetCalibrationValue
                0x0000000000000000       0x4c ./emlib/em_system.o
 .debug_info    0x0000000000000000      0x243 ./emlib/em_system.o
 .debug_abbrev  0x0000000000000000       0xde ./emlib/em_system.o
 .debug_loc     0x0000000000000000       0x70 ./emlib/em_system.o
 .debug_aranges
                0x0000000000000000       0x28 ./emlib/em_system.o
 .debug_ranges  0x0000000000000000       0x18 ./emlib/em_system.o
 .debug_line    0x0000000000000000      0x1b9 ./emlib/em_system.o
 .debug_str     0x0000000000000000      0x2f6 ./emlib/em_system.o
 .comment       0x0000000000000000       0x71 ./emlib/em_system.o
 .ARM.attributes
                0x0000000000000000       0x32 ./emlib/em_system.o
 .debug_frame   0x0000000000000000       0x50 ./emlib/em_system.o
 .data          0x0000000000000000        0x0 ./CMSIS/efm32hg/startup_gcc_efm32hg.o
 .bss           0x0000000000000000        0x0 ./CMSIS/efm32hg/startup_gcc_efm32hg.o
 .text          0x0000000000000000        0x0 ./CMSIS/efm32hg/system_efm32hg.o
 .data          0x0000000000000000        0x0 ./CMSIS/efm32hg/system_efm32hg.o
 .bss           0x0000000000000000        0x0 ./CMSIS/efm32hg/system_efm32hg.o
 .text.SystemMaxCoreClockGet
                0x0000000000000000       0x10 ./CMSIS/efm32hg/system_efm32hg.o
 .text.SystemHFXOClockGet
                0x0000000000000000       0x14 ./CMSIS/efm32hg/system_efm32hg.o
 .text.SystemHFXOClockSet
                0x0000000000000000       0x2c ./CMSIS/efm32hg/system_efm32hg.o
 .text.SystemLFXOClockSet
                0x0000000000000000       0x2c ./CMSIS/efm32hg/system_efm32hg.o
 .text          0x0000000000000000        0x0 ./BSP/bsp_bcc.o
 .data          0x0000000000000000        0x0 ./BSP/bsp_bcc.o
 .bss           0x0000000000000000        0x0 ./BSP/bsp_bcc.o
 .bss.rxByteCount
                0x0000000000000000        0x4 ./BSP/bsp_bcc.o
 .bss.txByteCount
                0x0000000000000000        0x4 ./BSP/bsp_bcc.o
 .text.BSP_BccDeInit
                0x0000000000000000       0x44 ./BSP/bsp_bcc.o
 .rodata        0x0000000000000000       0x18 ./BSP/bsp_bcc.o
 .text.BSP_BccInit
                0x0000000000000000       0x74 ./BSP/bsp_bcc.o
 .text.BSP_BccPacketReceive
                0x0000000000000000       0xac ./BSP/bsp_bcc.o
 .text.BSP_BccPacketSend
                0x0000000000000000       0x68 ./BSP/bsp_bcc.o
 .text.BSP_BccPinsEnable
                0x0000000000000000       0x84 ./BSP/bsp_bcc.o
 .text.RxByte   0x0000000000000000       0x38 ./BSP/bsp_bcc.o
 .text.TxByte   0x0000000000000000       0x38 ./BSP/bsp_bcc.o
 .debug_info    0x0000000000000000      0x781 ./BSP/bsp_bcc.o
 .debug_abbrev  0x0000000000000000      0x1a6 ./BSP/bsp_bcc.o
 .debug_loc     0x0000000000000000      0x17c ./BSP/bsp_bcc.o
 .debug_aranges
                0x0000000000000000       0x50 ./BSP/bsp_bcc.o
 .debug_ranges  0x0000000000000000       0x40 ./BSP/bsp_bcc.o
 .debug_line    0x0000000000000000      0x2b1 ./BSP/bsp_bcc.o
 .debug_str     0x0000000000000000      0x94f ./BSP/bsp_bcc.o
 .comment       0x0000000000000000       0x71 ./BSP/bsp_bcc.o
 .ARM.attributes
                0x0000000000000000       0x32 ./BSP/bsp_bcc.o
 .debug_frame   0x0000000000000000       0xec ./BSP/bsp_bcc.o
 .text          0x0000000000000000        0x0 ./BSP/bsp_stk.o
 .data          0x0000000000000000        0x0 ./BSP/bsp_stk.o
 .bss           0x0000000000000000        0x0 ./BSP/bsp_stk.o
 .text.BSP_Disable
                0x0000000000000000       0x14 ./BSP/bsp_stk.o
 .text.BSP_EbiInit
                0x0000000000000000       0x10 ./BSP/bsp_stk.o
 .text.BSP_EbiDeInit
                0x0000000000000000       0x10 ./BSP/bsp_stk.o
 .text.BSP_Init
                0x0000000000000000       0x20 ./BSP/bsp_stk.o
 .text.BSP_CurrentGet
                0x0000000000000000       0x50 ./BSP/bsp_stk.o
 .text.BSP_VoltageGet
                0x0000000000000000       0x50 ./BSP/bsp_stk.o
 .debug_info    0x0000000000000000      0x20b ./BSP/bsp_stk.o
 .debug_abbrev  0x0000000000000000      0x105 ./BSP/bsp_stk.o
 .debug_loc     0x0000000000000000      0x130 ./BSP/bsp_stk.o
 .debug_aranges
                0x0000000000000000       0x48 ./BSP/bsp_stk.o
 .debug_ranges  0x0000000000000000       0x38 ./BSP/bsp_stk.o
 .debug_line    0x0000000000000000      0x16d ./BSP/bsp_stk.o
 .debug_str     0x0000000000000000      0x282 ./BSP/bsp_stk.o
 .comment       0x0000000000000000       0x71 ./BSP/bsp_stk.o
 .ARM.attributes
                0x0000000000000000       0x32 ./BSP/bsp_stk.o
 .debug_frame   0x0000000000000000       0xc4 ./BSP/bsp_stk.o
 .text          0x0000000000000000        0x0 ./BSP/bsp_stk_leds.o
 .data          0x0000000000000000        0x0 ./BSP/bsp_stk_leds.o
 .bss           0x0000000000000000        0x0 ./BSP/bsp_stk_leds.o
 .text.BUS_RegBitRead
                0x0000000000000000       0x20 ./BSP/bsp_stk_leds.o
 .text.GPIO_PinOutClear
                0x0000000000000000       0x6c ./BSP/bsp_stk_leds.o
 .text.GPIO_PinOutGet
                0x0000000000000000       0x6c ./BSP/bsp_stk_leds.o
 .text.GPIO_PinOutSet
                0x0000000000000000       0x6c ./BSP/bsp_stk_leds.o
 .text.GPIO_PinOutToggle
                0x0000000000000000       0x6c ./BSP/bsp_stk_leds.o
 .rodata.ledArray
                0x0000000000000000       0x10 ./BSP/bsp_stk_leds.o
 .text.BSP_LedsInit
                0x0000000000000000       0x64 ./BSP/bsp_stk_leds.o
 .text.BSP_LedsGet
                0x0000000000000000       0x60 ./BSP/bsp_stk_leds.o
 .text.BSP_LedsSet
                0x0000000000000000       0x74 ./BSP/bsp_stk_leds.o
 .text.BSP_LedClear
                0x0000000000000000       0x44 ./BSP/bsp_stk_leds.o
 .text.BSP_LedGet
                0x0000000000000000       0x48 ./BSP/bsp_stk_leds.o
 .text.BSP_LedSet
                0x0000000000000000       0x44 ./BSP/bsp_stk_leds.o
 .text.BSP_LedToggle
                0x0000000000000000       0x44 ./BSP/bsp_stk_leds.o
 .debug_info    0x0000000000000000      0x70f ./BSP/bsp_stk_leds.o
 .debug_abbrev  0x0000000000000000      0x17d ./BSP/bsp_stk_leds.o
 .debug_loc     0x0000000000000000      0x2a0 ./BSP/bsp_stk_leds.o
 .debug_aranges
                0x0000000000000000       0x78 ./BSP/bsp_stk_leds.o
 .debug_ranges  0x0000000000000000       0x68 ./BSP/bsp_stk_leds.o
 .debug_line    0x0000000000000000      0x357 ./BSP/bsp_stk_leds.o
 .debug_str     0x0000000000000000      0x6c4 ./BSP/bsp_stk_leds.o
 .comment       0x0000000000000000       0x71 ./BSP/bsp_stk_leds.o
 .ARM.attributes
                0x0000000000000000       0x32 ./BSP/bsp_stk_leds.o
 .debug_frame   0x0000000000000000      0x190 ./BSP/bsp_stk_leds.o
 .text          0x0000000000000000        0x0 ./BSP/bsp_trace.o
 .data          0x0000000000000000        0x0 ./BSP/bsp_trace.o
 .bss           0x0000000000000000        0x0 ./BSP/bsp_trace.o
 .debug_info    0x0000000000000000       0x8a ./BSP/bsp_trace.o
 .debug_abbrev  0x0000000000000000       0x24 ./BSP/bsp_trace.o
 .debug_aranges
                0x0000000000000000       0x18 ./BSP/bsp_trace.o
 .debug_line    0x0000000000000000       0x1d ./BSP/bsp_trace.o
 .debug_str     0x0000000000000000      0x1dc ./BSP/bsp_trace.o
 .comment       0x0000000000000000       0x71 ./BSP/bsp_trace.o
 .ARM.attributes
                0x0000000000000000       0x32 ./BSP/bsp_trace.o
 .data          0x0000000000000000        0x0 /Applications/SimplicityStudio_v3/developer/toolchains/gnu_arm/4.8_2013q4/bin/../lib/gcc/arm-none-eabi/4.8.3/armv6-m/libgcc.a(_udivsi3.o)
 .bss           0x0000000000000000        0x0 /Applications/SimplicityStudio_v3/developer/toolchains/gnu_arm/4.8_2013q4/bin/../lib/gcc/arm-none-eabi/4.8.3/armv6-m/libgcc.a(_udivsi3.o)
 .data          0x0000000000000000        0x0 /Applications/SimplicityStudio_v3/developer/toolchains/gnu_arm/4.8_2013q4/bin/../lib/gcc/arm-none-eabi/4.8.3/armv6-m/libgcc.a(_dvmd_tls.o)
 .bss           0x0000000000000000        0x0 /Applications/SimplicityStudio_v3/developer/toolchains/gnu_arm/4.8_2013q4/bin/../lib/gcc/arm-none-eabi/4.8.3/armv6-m/libgcc.a(_dvmd_tls.o)
 .text          0x0000000000000000        0x0 /Applications/SimplicityStudio_v3/developer/toolchains/gnu_arm/4.8_2013q4/bin/../lib/gcc/arm-none-eabi/4.8.3/../../../../arm-none-eabi/lib/armv6-m/libc_s.a(lib_a-exit.o)
 .data          0x0000000000000000        0x0 /Applications/SimplicityStudio_v3/developer/toolchains/gnu_arm/4.8_2013q4/bin/../lib/gcc/arm-none-eabi/4.8.3/../../../../arm-none-eabi/lib/armv6-m/libc_s.a(lib_a-exit.o)
 .bss           0x0000000000000000        0x0 /Applications/SimplicityStudio_v3/developer/toolchains/gnu_arm/4.8_2013q4/bin/../lib/gcc/arm-none-eabi/4.8.3/../../../../arm-none-eabi/lib/armv6-m/libc_s.a(lib_a-exit.o)
 .text          0x0000000000000000        0x0 /Applications/SimplicityStudio_v3/developer/toolchains/gnu_arm/4.8_2013q4/bin/../lib/gcc/arm-none-eabi/4.8.3/../../../../arm-none-eabi/lib/armv6-m/libc_s.a(lib_a-impure.o)
 .data          0x0000000000000000        0x0 /Applications/SimplicityStudio_v3/developer/toolchains/gnu_arm/4.8_2013q4/bin/../lib/gcc/arm-none-eabi/4.8.3/../../../../arm-none-eabi/lib/armv6-m/libc_s.a(lib_a-impure.o)
 .bss           0x0000000000000000        0x0 /Applications/SimplicityStudio_v3/developer/toolchains/gnu_arm/4.8_2013q4/bin/../lib/gcc/arm-none-eabi/4.8.3/../../../../arm-none-eabi/lib/armv6-m/libc_s.a(lib_a-impure.o)
 .data._impure_ptr
                0x0000000000000000        0x4 /Applications/SimplicityStudio_v3/developer/toolchains/gnu_arm/4.8_2013q4/bin/../lib/gcc/arm-none-eabi/4.8.3/../../../../arm-none-eabi/lib/armv6-m/libc_s.a(lib_a-impure.o)
 .text          0x0000000000000000        0x0 /Applications/SimplicityStudio_v3/developer/toolchains/gnu_arm/4.8_2013q4/bin/../lib/gcc/arm-none-eabi/4.8.3/../../../../arm-none-eabi/lib/armv6-m/libc_s.a(lib_a-init.o)
 .data          0x0000000000000000        0x0 /Applications/SimplicityStudio_v3/developer/toolchains/gnu_arm/4.8_2013q4/bin/../lib/gcc/arm-none-eabi/4.8.3/../../../../arm-none-eabi/lib/armv6-m/libc_s.a(lib_a-init.o)
 .bss           0x0000000000000000        0x0 /Applications/SimplicityStudio_v3/developer/toolchains/gnu_arm/4.8_2013q4/bin/../lib/gcc/arm-none-eabi/4.8.3/../../../../arm-none-eabi/lib/armv6-m/libc_s.a(lib_a-init.o)
 .text          0x0000000000000000        0x0 /Applications/SimplicityStudio_v3/developer/toolchains/gnu_arm/4.8_2013q4/bin/../lib/gcc/arm-none-eabi/4.8.3/../../../../arm-none-eabi/lib/armv6-m/libc_s.a(lib_a-memset.o)
 .data          0x0000000000000000        0x0 /Applications/SimplicityStudio_v3/developer/toolchains/gnu_arm/4.8_2013q4/bin/../lib/gcc/arm-none-eabi/4.8.3/../../../../arm-none-eabi/lib/armv6-m/libc_s.a(lib_a-memset.o)
 .bss           0x0000000000000000        0x0 /Applications/SimplicityStudio_v3/developer/toolchains/gnu_arm/4.8_2013q4/bin/../lib/gcc/arm-none-eabi/4.8.3/../../../../arm-none-eabi/lib/armv6-m/libc_s.a(lib_a-memset.o)
 .text          0x0000000000000000        0x0 /Applications/SimplicityStudio_v3/developer/toolchains/gnu_arm/4.8_2013q4/bin/../lib/gcc/arm-none-eabi/4.8.3/../../../../arm-none-eabi/lib/armv6-m/libnosys.a(_exit.o)
 .data          0x0000000000000000        0x0 /Applications/SimplicityStudio_v3/developer/toolchains/gnu_arm/4.8_2013q4/bin/../lib/gcc/arm-none-eabi/4.8.3/../../../../arm-none-eabi/lib/armv6-m/libnosys.a(_exit.o)
 .bss           0x0000000000000000        0x0 /Applications/SimplicityStudio_v3/developer/toolchains/gnu_arm/4.8_2013q4/bin/../lib/gcc/arm-none-eabi/4.8.3/../../../../arm-none-eabi/lib/armv6-m/libnosys.a(_exit.o)
 .text          0x0000000000000000        0x0 /Applications/SimplicityStudio_v3/developer/toolchains/gnu_arm/4.8_2013q4/bin/../lib/gcc/arm-none-eabi/4.8.3/armv6-m/crtend.o
 .data          0x0000000000000000        0x0 /Applications/SimplicityStudio_v3/developer/toolchains/gnu_arm/4.8_2013q4/bin/../lib/gcc/arm-none-eabi/4.8.3/armv6-m/crtend.o
 .bss           0x0000000000000000        0x0 /Applications/SimplicityStudio_v3/developer/toolchains/gnu_arm/4.8_2013q4/bin/../lib/gcc/arm-none-eabi/4.8.3/armv6-m/crtend.o
 .text          0x0000000000000000        0x0 /Applications/SimplicityStudio_v3/developer/toolchains/gnu_arm/4.8_2013q4/bin/../lib/gcc/arm-none-eabi/4.8.3/armv6-m/crtn.o
 .data          0x0000000000000000        0x0 /Applications/SimplicityStudio_v3/developer/toolchains/gnu_arm/4.8_2013q4/bin/../lib/gcc/arm-none-eabi/4.8.3/armv6-m/crtn.o
 .bss           0x0000000000000000        0x0 /Applications/SimplicityStudio_v3/developer/toolchains/gnu_arm/4.8_2013q4/bin/../lib/gcc/arm-none-eabi/4.8.3/armv6-m/crtn.o

Memory Configuration

Name             Origin             Length             Attributes
FLASH            0x0000000000000000 0x0000000000010000 xr
RAM              0x0000000020000000 0x0000000000002000 xrw
*default*        0x0000000000000000 0xffffffffffffffff

Linker script and memory map

LOAD /Applications/SimplicityStudio_v3/developer/toolchains/gnu_arm/4.8_2013q4/bin/../lib/gcc/arm-none-eabi/4.8.3/armv6-m/crti.o
LOAD /Applications/SimplicityStudio_v3/developer/toolchains/gnu_arm/4.8_2013q4/bin/../lib/gcc/arm-none-eabi/4.8.3/armv6-m/crtbegin.o
LOAD /Applications/SimplicityStudio_v3/developer/toolchains/gnu_arm/4.8_2013q4/bin/../lib/gcc/arm-none-eabi/4.8.3/../../../../arm-none-eabi/lib/armv6-m/crt0.o
LOAD ./src/Klok.o
LOAD ./src/Main.o
LOAD ./src/Relais.o
LOAD ./src/Watchdog.o
LOAD ./emlib/em_cmu.o
LOAD ./emlib/em_emu.o
LOAD ./emlib/em_gpio.o
LOAD ./emlib/em_lcd.o
LOAD ./emlib/em_system.o
LOAD ./CMSIS/efm32hg/startup_gcc_efm32hg.o
LOAD ./CMSIS/efm32hg/system_efm32hg.o
LOAD ./BSP/bsp_bcc.o
LOAD ./BSP/bsp_stk.o
LOAD ./BSP/bsp_stk_leds.o
LOAD ./BSP/bsp_trace.o
START GROUP
LOAD /Applications/SimplicityStudio_v3/developer/toolchains/gnu_arm/4.8_2013q4/bin/../lib/gcc/arm-none-eabi/4.8.3/armv6-m/libgcc.a
LOAD /Applications/SimplicityStudio_v3/developer/toolchains/gnu_arm/4.8_2013q4/bin/../lib/gcc/arm-none-eabi/4.8.3/../../../../arm-none-eabi/lib/armv6-m/libc_s.a
LOAD /Applications/SimplicityStudio_v3/developer/toolchains/gnu_arm/4.8_2013q4/bin/../lib/gcc/arm-none-eabi/4.8.3/../../../../arm-none-eabi/lib/armv6-m/libnosys.a
END GROUP
START GROUP
LOAD /Applications/SimplicityStudio_v3/developer/toolchains/gnu_arm/4.8_2013q4/bin/../lib/gcc/arm-none-eabi/4.8.3/armv6-m/libgcc.a
LOAD /Applications/SimplicityStudio_v3/developer/toolchains/gnu_arm/4.8_2013q4/bin/../lib/gcc/arm-none-eabi/4.8.3/../../../../arm-none-eabi/lib/armv6-m/libg_s.a
LOAD /Applications/SimplicityStudio_v3/developer/toolchains/gnu_arm/4.8_2013q4/bin/../lib/gcc/arm-none-eabi/4.8.3/../../../../arm-none-eabi/lib/armv6-m/libc_s.a
END GROUP
START GROUP
LOAD /Applications/SimplicityStudio_v3/developer/toolchains/gnu_arm/4.8_2013q4/bin/../lib/gcc/arm-none-eabi/4.8.3/armv6-m/libgcc.a
LOAD /Applications/SimplicityStudio_v3/developer/toolchains/gnu_arm/4.8_2013q4/bin/../lib/gcc/arm-none-eabi/4.8.3/../../../../arm-none-eabi/lib/armv6-m/libc_s.a
END GROUP
LOAD /Applications/SimplicityStudio_v3/developer/toolchains/gnu_arm/4.8_2013q4/bin/../lib/gcc/arm-none-eabi/4.8.3/armv6-m/crtend.o
LOAD /Applications/SimplicityStudio_v3/developer/toolchains/gnu_arm/4.8_2013q4/bin/../lib/gcc/arm-none-eabi/4.8.3/armv6-m/crtn.o

.text           0x0000000000000000     0x1238
 *(.vectors)
 .vectors       0x0000000000000000       0x94 ./CMSIS/efm32hg/startup_gcc_efm32hg.o
                0x0000000000000000                __Vectors
                0x0000000000000094                __Vectors_End = .
                0x0000000000000094                __Vectors_Size = (__Vectors_End - __Vectors)
                0x0000000000000094                __end__ = .
 *(.text*)
 .text          0x0000000000000094       0x60 /Applications/SimplicityStudio_v3/developer/toolchains/gnu_arm/4.8_2013q4/bin/../lib/gcc/arm-none-eabi/4.8.3/armv6-m/crtbegin.o
 .text          0x00000000000000f4       0x78 /Applications/SimplicityStudio_v3/developer/toolchains/gnu_arm/4.8_2013q4/bin/../lib/gcc/arm-none-eabi/4.8.3/../../../../arm-none-eabi/lib/armv6-m/crt0.o
                0x00000000000000f4                _mainCRTStartup
                0x00000000000000f4                _start
 .text.updateKlok
                0x000000000000016c       0x88 ./src/Klok.o
                0x000000000000016c                updateKlok
 .text.getUren  0x00000000000001f4       0x14 ./src/Klok.o
                0x00000000000001f4                getUren
 .text.getMinuten
                0x0000000000000208       0x14 ./src/Klok.o
                0x0000000000000208                getMinuten
 .text.getSeconden
                0x000000000000021c       0x14 ./src/Klok.o
                0x000000000000021c                getSeconden
 .text.setKlok  0x0000000000000230       0x30 ./src/Klok.o
                0x0000000000000230                setKlok
 .text.NVIC_SetPriority
                0x0000000000000260       0xe0 ./src/Main.o
 .text.SysTick_Config
                0x0000000000000340       0x48 ./src/Main.o
 .text.CHIP_Init
                0x0000000000000388       0x40 ./src/Main.o
 .text.SysTick_Handler
                0x00000000000003c8       0x1c ./src/Main.o
                0x00000000000003c8                SysTick_Handler
 .text.Delay    0x00000000000003e4       0x28 ./src/Main.o
                0x00000000000003e4                Delay
 .text.main     0x000000000000040c       0xbc ./src/Main.o
                0x000000000000040c                main
 .text.GPIO_PinOutClear
                0x00000000000004c8       0x6c ./src/Relais.o
 .text.GPIO_PinOutSet
                0x0000000000000534       0x6c ./src/Relais.o
 .text.Relais_bediening
                0x00000000000005a0       0x70 ./src/Relais.o
                0x00000000000005a0                Relais_bediening
 .text.BUS_RegBitWrite
                0x0000000000000610       0x3c ./emlib/em_cmu.o
 .text.auxClkGet
                0x000000000000064c       0x88 ./emlib/em_cmu.o
 .text.dbgClkGet
                0x00000000000006d4       0x68 ./emlib/em_cmu.o
 .text.lfClkGet
                0x000000000000073c       0xfc ./emlib/em_cmu.o
 .text.syncReg  0x0000000000000838       0x2c ./emlib/em_cmu.o
 .text.usbCClkGet
                0x0000000000000864       0x58 ./emlib/em_cmu.o
 .text.CMU_ClockEnable
                0x00000000000008bc       0xb4 ./emlib/em_cmu.o
                0x00000000000008bc                CMU_ClockEnable
 .text.CMU_ClockFreqGet
                0x0000000000000970      0x180 ./emlib/em_cmu.o
                0x0000000000000970                CMU_ClockFreqGet
 .text.CMU_ClockSelectGet
                0x0000000000000af0      0x1e4 ./emlib/em_cmu.o
                0x0000000000000af0                CMU_ClockSelectGet
 .text.GPIO_PinOutClear
                0x0000000000000cd4       0x6c ./emlib/em_gpio.o
 .text.GPIO_PinOutSet
                0x0000000000000d40       0x6c ./emlib/em_gpio.o
 .text.GPIO_PinModeSet
                0x0000000000000dac      0x160 ./emlib/em_gpio.o
                0x0000000000000dac                GPIO_PinModeSet
 .text          0x0000000000000f0c       0x30 ./CMSIS/efm32hg/startup_gcc_efm32hg.o
                0x0000000000000f0c                Reset_Handler
                0x0000000000000f38                USART0_TX_IRQHandler
                0x0000000000000f38                I2C0_IRQHandler
                0x0000000000000f38                HardFault_Handler
                0x0000000000000f38                USART1_RX_IRQHandler
                0x0000000000000f38                PendSV_Handler
                0x0000000000000f38                NMI_Handler
                0x0000000000000f38                USART1_TX_IRQHandler
                0x0000000000000f38                MSC_IRQHandler
                0x0000000000000f38                ADC0_IRQHandler
                0x0000000000000f38                LEUART0_IRQHandler
                0x0000000000000f38                GPIO_EVEN_IRQHandler
                0x0000000000000f38                RTC_IRQHandler
                0x0000000000000f38                TIMER0_IRQHandler
                0x0000000000000f38                TIMER1_IRQHandler
                0x0000000000000f38                Default_Handler
                0x0000000000000f38                PCNT0_IRQHandler
                0x0000000000000f38                USB_IRQHandler
                0x0000000000000f38                ACMP0_IRQHandler
                0x0000000000000f38                USART0_RX_IRQHandler
                0x0000000000000f38                SVC_Handler
                0x0000000000000f38                CMU_IRQHandler
                0x0000000000000f38                GPIO_ODD_IRQHandler
                0x0000000000000f38                AES_IRQHandler
                0x0000000000000f38                VCMP_IRQHandler
                0x0000000000000f38                TIMER2_IRQHandler
                0x0000000000000f38                DMA_IRQHandler
 .text.SystemCoreClockGet
                0x0000000000000f3c       0x3c ./CMSIS/efm32hg/system_efm32hg.o
                0x0000000000000f3c                SystemCoreClockGet
 .text.SystemHFClockGet
                0x0000000000000f78       0xe8 ./CMSIS/efm32hg/system_efm32hg.o
                0x0000000000000f78                SystemHFClockGet
 .text.SystemInit
                0x0000000000001060        0x8 ./CMSIS/efm32hg/system_efm32hg.o
                0x0000000000001060                SystemInit
 .text.SystemLFRCOClockGet
                0x0000000000001068       0x10 ./CMSIS/efm32hg/system_efm32hg.o
                0x0000000000001068                SystemLFRCOClockGet
 .text.SystemULFRCOClockGet
                0x0000000000001078       0x10 ./CMSIS/efm32hg/system_efm32hg.o
                0x0000000000001078                SystemULFRCOClockGet
 .text.SystemLFXOClockGet
                0x0000000000001088       0x14 ./CMSIS/efm32hg/system_efm32hg.o
                0x0000000000001088                SystemLFXOClockGet
 .text          0x000000000000109c       0x9c /Applications/SimplicityStudio_v3/developer/toolchains/gnu_arm/4.8_2013q4/bin/../lib/gcc/arm-none-eabi/4.8.3/armv6-m/libgcc.a(_udivsi3.o)
                0x000000000000109c                __udivsi3
                0x000000000000109c                __aeabi_uidiv
                0x0000000000001124                __aeabi_uidivmod
 .text          0x0000000000001138        0x4 /Applications/SimplicityStudio_v3/developer/toolchains/gnu_arm/4.8_2013q4/bin/../lib/gcc/arm-none-eabi/4.8.3/armv6-m/libgcc.a(_dvmd_tls.o)
                0x0000000000001138                __aeabi_ldiv0
                0x0000000000001138                __aeabi_idiv0
 .text.exit     0x000000000000113c       0x2c /Applications/SimplicityStudio_v3/developer/toolchains/gnu_arm/4.8_2013q4/bin/../lib/gcc/arm-none-eabi/4.8.3/../../../../arm-none-eabi/lib/armv6-m/libc_s.a(lib_a-exit.o)
                0x000000000000113c                exit
 .text.__libc_init_array
                0x0000000000001168       0x4c /Applications/SimplicityStudio_v3/developer/toolchains/gnu_arm/4.8_2013q4/bin/../lib/gcc/arm-none-eabi/4.8.3/../../../../arm-none-eabi/lib/armv6-m/libc_s.a(lib_a-init.o)
                0x0000000000001168                __libc_init_array
 .text.memset   0x00000000000011b4       0x10 /Applications/SimplicityStudio_v3/developer/toolchains/gnu_arm/4.8_2013q4/bin/../lib/gcc/arm-none-eabi/4.8.3/../../../../arm-none-eabi/lib/armv6-m/libc_s.a(lib_a-memset.o)
                0x00000000000011b4                memset
 .text._exit    0x00000000000011c4        0x4 /Applications/SimplicityStudio_v3/developer/toolchains/gnu_arm/4.8_2013q4/bin/../lib/gcc/arm-none-eabi/4.8.3/../../../../arm-none-eabi/lib/armv6-m/libnosys.a(_exit.o)
                0x00000000000011c4                _exit
 *(.init)
 .init          0x00000000000011c8        0x4 /Applications/SimplicityStudio_v3/developer/toolchains/gnu_arm/4.8_2013q4/bin/../lib/gcc/arm-none-eabi/4.8.3/armv6-m/crti.o
                0x00000000000011c8                _init
 .init          0x00000000000011cc        0x8 /Applications/SimplicityStudio_v3/developer/toolchains/gnu_arm/4.8_2013q4/bin/../lib/gcc/arm-none-eabi/4.8.3/armv6-m/crtn.o
 *(.fini)
 .fini          0x00000000000011d4        0x4 /Applications/SimplicityStudio_v3/developer/toolchains/gnu_arm/4.8_2013q4/bin/../lib/gcc/arm-none-eabi/4.8.3/armv6-m/crti.o
                0x00000000000011d4                _fini
 .fini          0x00000000000011d8        0x8 /Applications/SimplicityStudio_v3/developer/toolchains/gnu_arm/4.8_2013q4/bin/../lib/gcc/arm-none-eabi/4.8.3/armv6-m/crtn.o
 *crtbegin.o(.ctors)
 *crtbegin?.o(.ctors)
 *(EXCLUDE_FILE(*crtend.o *crtend?.o) .ctors)
 *(SORT(.ctors.*))
 *(.ctors)
 *crtbegin.o(.dtors)
 *crtbegin?.o(.dtors)
 *(EXCLUDE_FILE(*crtend.o *crtend?.o) .dtors)
 *(SORT(.dtors.*))
 *(.dtors)
 *(.rodata*)
 .rodata.CMU_ClockEnable
                0x00000000000011e0       0x2c ./emlib/em_cmu.o
 .rodata.CMU_ClockSelectGet
                0x000000000000120c       0x20 ./emlib/em_cmu.o
 .rodata.str1.1
                0x000000000000122c        0x2 /Applications/SimplicityStudio_v3/developer/toolchains/gnu_arm/4.8_2013q4/bin/../lib/gcc/arm-none-eabi/4.8.3/../../../../arm-none-eabi/lib/armv6-m/libc_s.a(lib_a-impure.o)
 *fill*         0x000000000000122e        0x2 
 .rodata._global_impure_ptr
                0x0000000000001230        0x4 /Applications/SimplicityStudio_v3/developer/toolchains/gnu_arm/4.8_2013q4/bin/../lib/gcc/arm-none-eabi/4.8.3/../../../../arm-none-eabi/lib/armv6-m/libc_s.a(lib_a-impure.o)
                0x0000000000001230                _global_impure_ptr
 *(.eh_frame*)
 .eh_frame      0x0000000000001234        0x0 /Applications/SimplicityStudio_v3/developer/toolchains/gnu_arm/4.8_2013q4/bin/../lib/gcc/arm-none-eabi/4.8.3/armv6-m/crtbegin.o
 .eh_frame      0x0000000000001234        0x4 /Applications/SimplicityStudio_v3/developer/toolchains/gnu_arm/4.8_2013q4/bin/../lib/gcc/arm-none-eabi/4.8.3/armv6-m/crtend.o

.glue_7         0x0000000000001238        0x0
 .glue_7        0x0000000000000000        0x0 linker stubs

.glue_7t        0x0000000000001238        0x0
 .glue_7t       0x0000000000000000        0x0 linker stubs

.vfp11_veneer   0x0000000000001238        0x0
 .vfp11_veneer  0x0000000000000000        0x0 linker stubs

.v4_bx          0x0000000000001238        0x0
 .v4_bx         0x0000000000000000        0x0 linker stubs

.iplt           0x0000000000001238        0x0
 .iplt          0x0000000000000000        0x0 /Applications/SimplicityStudio_v3/developer/toolchains/gnu_arm/4.8_2013q4/bin/../lib/gcc/arm-none-eabi/4.8.3/armv6-m/crtbegin.o

.ARM.extab
 *(.ARM.extab* .gnu.linkonce.armextab.*)
                0x0000000000001238                __exidx_start = .

.ARM.exidx      0x0000000000001238        0x8
 *(.ARM.exidx* .gnu.linkonce.armexidx.*)
 .ARM.exidx     0x0000000000001238        0x8 /Applications/SimplicityStudio_v3/developer/toolchains/gnu_arm/4.8_2013q4/bin/../lib/gcc/arm-none-eabi/4.8.3/../../../../arm-none-eabi/lib/armv6-m/crt0.o
                0x0000000000001240                __exidx_end = .
                0x0000000000001240                __etext = .

.rel.dyn        0x0000000000001240        0x0
 .rel.iplt      0x0000000000000000        0x0 /Applications/SimplicityStudio_v3/developer/toolchains/gnu_arm/4.8_2013q4/bin/../lib/gcc/arm-none-eabi/4.8.3/armv6-m/crtbegin.o

.data           0x0000000020000000       0x74 load address 0x0000000000001240
                0x0000000020000000                __data_start__ = .
 *(vtable)
 *(.data*)
 .data.SystemHFXOClock
                0x0000000020000000        0x4 ./CMSIS/efm32hg/system_efm32hg.o
 .data.SystemLFXOClock
                0x0000000020000004        0x4 ./CMSIS/efm32hg/system_efm32hg.o
 .data.impure_data
                0x0000000020000008       0x60 /Applications/SimplicityStudio_v3/developer/toolchains/gnu_arm/4.8_2013q4/bin/../lib/gcc/arm-none-eabi/4.8.3/../../../../arm-none-eabi/lib/armv6-m/libc_s.a(lib_a-impure.o)
                0x0000000020000068                . = ALIGN (0x4)
 *(.ram)
                0x0000000020000068                . = ALIGN (0x4)
                0x0000000020000068                PROVIDE (__preinit_array_start, .)
 *(.preinit_array)
                0x0000000020000068                PROVIDE (__preinit_array_end, .)
                0x0000000020000068                . = ALIGN (0x4)
                0x0000000020000068                PROVIDE (__init_array_start, .)
 *(SORT(.init_array.*))
 *(.init_array)
 .init_array    0x0000000020000068        0x4 /Applications/SimplicityStudio_v3/developer/toolchains/gnu_arm/4.8_2013q4/bin/../lib/gcc/arm-none-eabi/4.8.3/armv6-m/crtbegin.o
                0x000000002000006c                PROVIDE (__init_array_end, .)
                0x000000002000006c                . = ALIGN (0x4)
                0x000000002000006c                PROVIDE (__fini_array_start, .)
 *(SORT(.fini_array.*))
 *(.fini_array)
 .fini_array    0x000000002000006c        0x4 /Applications/SimplicityStudio_v3/developer/toolchains/gnu_arm/4.8_2013q4/bin/../lib/gcc/arm-none-eabi/4.8.3/armv6-m/crtbegin.o
                0x0000000020000070                PROVIDE (__fini_array_end, .)
 *(.jcr*)
 .jcr           0x0000000020000070        0x0 /Applications/SimplicityStudio_v3/developer/toolchains/gnu_arm/4.8_2013q4/bin/../lib/gcc/arm-none-eabi/4.8.3/armv6-m/crtbegin.o
 .jcr           0x0000000020000070        0x4 /Applications/SimplicityStudio_v3/developer/toolchains/gnu_arm/4.8_2013q4/bin/../lib/gcc/arm-none-eabi/4.8.3/armv6-m/crtend.o
                0x0000000020000074                . = ALIGN (0x4)
                0x0000000020000074                __data_end__ = .

.igot.plt       0x0000000020000074        0x0 load address 0x00000000000012b4
 .igot.plt      0x0000000000000000        0x0 /Applications/SimplicityStudio_v3/developer/toolchains/gnu_arm/4.8_2013q4/bin/../lib/gcc/arm-none-eabi/4.8.3/armv6-m/crtbegin.o

.bss            0x0000000020000074       0x34 load address 0x00000000000012b4
                0x0000000020000074                . = ALIGN (0x4)
                0x0000000020000074                __bss_start__ = .
 *(.bss*)
 .bss           0x0000000020000074       0x1c /Applications/SimplicityStudio_v3/developer/toolchains/gnu_arm/4.8_2013q4/bin/../lib/gcc/arm-none-eabi/4.8.3/armv6-m/crtbegin.o
 *(COMMON)
 COMMON         0x0000000020000090       0x10 ./src/Klok.o
                0x0000000020000090                seconden
                0x0000000020000094                uren
                0x0000000020000098                msTeller
                0x000000002000009c                minuten
 COMMON         0x00000000200000a0        0x4 ./src/Main.o
                0x00000000200000a0                msTicks
 COMMON         0x00000000200000a4        0x4 ./CMSIS/efm32hg/system_efm32hg.o
                0x00000000200000a4                SystemCoreClock
                0x00000000200000a8                . = ALIGN (0x4)
                0x00000000200000a8                __bss_end__ = .

.heap           0x00000000200000a8      0x400
                0x00000000200000a8                __HeapBase = .
                0x00000000200000a8                __end__ = .
                0x00000000200000a8                end = __end__
                0x00000000200000a8                _end = __end__
 *(.heap*)
 .heap          0x00000000200000a8      0x400 ./CMSIS/efm32hg/startup_gcc_efm32hg.o
                0x00000000200004a8                __HeapLimit = .

.stack_dummy    0x00000000200000a8      0x400
 *(.stack*)
 .stack         0x00000000200000a8      0x400 ./CMSIS/efm32hg/startup_gcc_efm32hg.o
                0x0000000020002000                __StackTop = (ORIGIN (RAM) + 0x2000)
                0x0000000020001c00                __StackLimit = (__StackTop - SIZEOF (.stack_dummy))
                0x0000000020002000                PROVIDE (__stack, __StackTop)
                0x0000000000000001                ASSERT ((__StackLimit >= __HeapLimit), region RAM overflowed with stack)
                0x0000000000000001                ASSERT ((0x10000 >= (__etext + SIZEOF (.data))), FLASH memory overflowed !)
OUTPUT(Workspace_Domotica.axf elf32-littlearm)

.ARM.attributes
                0x0000000000000000       0x28
 .ARM.attributes
                0x0000000000000000       0x1e /Applications/SimplicityStudio_v3/developer/toolchains/gnu_arm/4.8_2013q4/bin/../lib/gcc/arm-none-eabi/4.8.3/armv6-m/crti.o
 .ARM.attributes
                0x000000000000001e       0x2c /Applications/SimplicityStudio_v3/developer/toolchains/gnu_arm/4.8_2013q4/bin/../lib/gcc/arm-none-eabi/4.8.3/armv6-m/crtbegin.o
 .ARM.attributes
                0x000000000000004a       0x1b /Applications/SimplicityStudio_v3/developer/toolchains/gnu_arm/4.8_2013q4/bin/../lib/gcc/arm-none-eabi/4.8.3/../../../../arm-none-eabi/lib/armv6-m/crt0.o
 .ARM.attributes
                0x0000000000000065       0x32 ./src/Klok.o
 .ARM.attributes
                0x0000000000000097       0x32 ./src/Main.o
 .ARM.attributes
                0x00000000000000c9       0x32 ./src/Relais.o
 .ARM.attributes
                0x00000000000000fb       0x32 ./emlib/em_cmu.o
 .ARM.attributes
                0x000000000000012d       0x32 ./emlib/em_gpio.o
 .ARM.attributes
                0x000000000000015f       0x1b ./CMSIS/efm32hg/startup_gcc_efm32hg.o
 .ARM.attributes
                0x000000000000017a       0x32 ./CMSIS/efm32hg/system_efm32hg.o
 .ARM.attributes
                0x00000000000001ac       0x1e /Applications/SimplicityStudio_v3/developer/toolchains/gnu_arm/4.8_2013q4/bin/../lib/gcc/arm-none-eabi/4.8.3/armv6-m/libgcc.a(_udivsi3.o)
 .ARM.attributes
                0x00000000000001ca       0x1e /Applications/SimplicityStudio_v3/developer/toolchains/gnu_arm/4.8_2013q4/bin/../lib/gcc/arm-none-eabi/4.8.3/armv6-m/libgcc.a(_dvmd_tls.o)
 .ARM.attributes
                0x00000000000001e8       0x2c /Applications/SimplicityStudio_v3/developer/toolchains/gnu_arm/4.8_2013q4/bin/../lib/gcc/arm-none-eabi/4.8.3/../../../../arm-none-eabi/lib/armv6-m/libc_s.a(lib_a-exit.o)
 .ARM.attributes
                0x0000000000000214       0x2c /Applications/SimplicityStudio_v3/developer/toolchains/gnu_arm/4.8_2013q4/bin/../lib/gcc/arm-none-eabi/4.8.3/../../../../arm-none-eabi/lib/armv6-m/libc_s.a(lib_a-impure.o)
 .ARM.attributes
                0x0000000000000240       0x2c /Applications/SimplicityStudio_v3/developer/toolchains/gnu_arm/4.8_2013q4/bin/../lib/gcc/arm-none-eabi/4.8.3/../../../../arm-none-eabi/lib/armv6-m/libc_s.a(lib_a-init.o)
 .ARM.attributes
                0x000000000000026c       0x2c /Applications/SimplicityStudio_v3/developer/toolchains/gnu_arm/4.8_2013q4/bin/../lib/gcc/arm-none-eabi/4.8.3/../../../../arm-none-eabi/lib/armv6-m/libc_s.a(lib_a-memset.o)
 .ARM.attributes
                0x0000000000000298       0x2c /Applications/SimplicityStudio_v3/developer/toolchains/gnu_arm/4.8_2013q4/bin/../lib/gcc/arm-none-eabi/4.8.3/../../../../arm-none-eabi/lib/armv6-m/libnosys.a(_exit.o)
 .ARM.attributes
                0x00000000000002c4       0x2c /Applications/SimplicityStudio_v3/developer/toolchains/gnu_arm/4.8_2013q4/bin/../lib/gcc/arm-none-eabi/4.8.3/armv6-m/crtend.o
 .ARM.attributes
                0x00000000000002f0       0x1e /Applications/SimplicityStudio_v3/developer/toolchains/gnu_arm/4.8_2013q4/bin/../lib/gcc/arm-none-eabi/4.8.3/armv6-m/crtn.o

.comment        0x0000000000000000       0x70
 .comment       0x0000000000000000       0x70 ./src/Klok.o
                                         0x71 (size before relaxing)
 .comment       0x0000000000000000       0x71 ./src/Main.o
 .comment       0x0000000000000000       0x71 ./src/Relais.o
 .comment       0x0000000000000000       0x71 ./emlib/em_cmu.o
 .comment       0x0000000000000000       0x71 ./emlib/em_gpio.o
 .comment       0x0000000000000000       0x71 ./CMSIS/efm32hg/system_efm32hg.o

.debug_info     0x0000000000000000     0x2672
 .debug_info    0x0000000000000000      0x133 ./src/Klok.o
 .debug_info    0x0000000000000133      0x626 ./src/Main.o
 .debug_info    0x0000000000000759      0x376 ./src/Relais.o
 .debug_info    0x0000000000000acf     0x10af ./emlib/em_cmu.o
 .debug_info    0x0000000000001b7e      0x5a2 ./emlib/em_gpio.o
 .debug_info    0x0000000000002120       0xcc ./CMSIS/efm32hg/startup_gcc_efm32hg.o
 .debug_info    0x00000000000021ec      0x486 ./CMSIS/efm32hg/system_efm32hg.o

.debug_abbrev   0x0000000000000000      0x910
 .debug_abbrev  0x0000000000000000       0x89 ./src/Klok.o
 .debug_abbrev  0x0000000000000089      0x1be ./src/Main.o
 .debug_abbrev  0x0000000000000247      0x12b ./src/Relais.o
 .debug_abbrev  0x0000000000000372      0x29b ./emlib/em_cmu.o
 .debug_abbrev  0x000000000000060d      0x18f ./emlib/em_gpio.o
 .debug_abbrev  0x000000000000079c       0x14 ./CMSIS/efm32hg/startup_gcc_efm32hg.o
 .debug_abbrev  0x00000000000007b0      0x160 ./CMSIS/efm32hg/system_efm32hg.o

.debug_loc      0x0000000000000000      0xea4
 .debug_loc     0x0000000000000000      0x114 ./src/Klok.o
 .debug_loc     0x0000000000000114      0x144 ./src/Main.o
 .debug_loc     0x0000000000000258       0xa8 ./src/Relais.o
 .debug_loc     0x0000000000000300      0x7c4 ./emlib/em_cmu.o
 .debug_loc     0x0000000000000ac4      0x1f8 ./emlib/em_gpio.o
 .debug_loc     0x0000000000000cbc      0x1e8 ./CMSIS/efm32hg/system_efm32hg.o

.debug_aranges  0x0000000000000000      0x2e8
 .debug_aranges
                0x0000000000000000       0x48 ./src/Klok.o
 .debug_aranges
                0x0000000000000048       0x48 ./src/Main.o
 .debug_aranges
                0x0000000000000090       0x30 ./src/Relais.o
 .debug_aranges
                0x00000000000000c0      0x140 ./emlib/em_cmu.o
 .debug_aranges
                0x0000000000000200       0x60 ./emlib/em_gpio.o
 .debug_aranges
                0x0000000000000260       0x20 ./CMSIS/efm32hg/startup_gcc_efm32hg.o
 .debug_aranges
                0x0000000000000280       0x68 ./CMSIS/efm32hg/system_efm32hg.o

.debug_ranges   0x0000000000000000      0x268
 .debug_ranges  0x0000000000000000       0x38 ./src/Klok.o
 .debug_ranges  0x0000000000000038       0x38 ./src/Main.o
 .debug_ranges  0x0000000000000070       0x20 ./src/Relais.o
 .debug_ranges  0x0000000000000090      0x130 ./emlib/em_cmu.o
 .debug_ranges  0x00000000000001c0       0x50 ./emlib/em_gpio.o
 .debug_ranges  0x0000000000000210       0x58 ./CMSIS/efm32hg/system_efm32hg.o

.debug_line     0x0000000000000000     0x128a
 .debug_line    0x0000000000000000       0xa4 ./src/Klok.o
 .debug_line    0x00000000000000a4      0x2ad ./src/Main.o
 .debug_line    0x0000000000000351      0x1e1 ./src/Relais.o
 .debug_line    0x0000000000000532      0x7ff ./emlib/em_cmu.o
 .debug_line    0x0000000000000d31      0x2f4 ./emlib/em_gpio.o
 .debug_line    0x0000000000001025       0x74 ./CMSIS/efm32hg/startup_gcc_efm32hg.o
 .debug_line    0x0000000000001099      0x1f1 ./CMSIS/efm32hg/system_efm32hg.o

.debug_str      0x0000000000000000     0x1399
 .debug_str     0x0000000000000000      0x1dc ./src/Klok.o
 .debug_str     0x00000000000001dc      0x610 ./src/Main.o
                                        0x7ac (size before relaxing)
 .debug_str     0x00000000000007ec      0x107 ./src/Relais.o
                                        0x35d (size before relaxing)
 .debug_str     0x00000000000008f3      0x82c ./emlib/em_cmu.o
                                        0xc43 (size before relaxing)
 .debug_str     0x000000000000111f      0x16e ./emlib/em_gpio.o
                                        0x5a7 (size before relaxing)
 .debug_str     0x000000000000128d      0x10c ./CMSIS/efm32hg/system_efm32hg.o
                                        0x463 (size before relaxing)

.debug_frame    0x0000000000000000      0x9b0
 .debug_frame   0x0000000000000000       0xbc ./src/Klok.o
 .debug_frame   0x00000000000000bc       0xd0 ./src/Main.o
 .debug_frame   0x000000000000018c       0x70 ./src/Relais.o
 .debug_frame   0x00000000000001fc      0x494 ./emlib/em_cmu.o
 .debug_frame   0x0000000000000690      0x134 ./emlib/em_gpio.o
 .debug_frame   0x00000000000007c4      0x138 ./CMSIS/efm32hg/system_efm32hg.o
 .debug_frame   0x00000000000008fc       0x20 /Applications/SimplicityStudio_v3/developer/toolchains/gnu_arm/4.8_2013q4/bin/../lib/gcc/arm-none-eabi/4.8.3/armv6-m/libgcc.a(_udivsi3.o)
 .debug_frame   0x000000000000091c       0x28 /Applications/SimplicityStudio_v3/developer/toolchains/gnu_arm/4.8_2013q4/bin/../lib/gcc/arm-none-eabi/4.8.3/../../../../arm-none-eabi/lib/armv6-m/libc_s.a(lib_a-exit.o)
 .debug_frame   0x0000000000000944       0x2c /Applications/SimplicityStudio_v3/developer/toolchains/gnu_arm/4.8_2013q4/bin/../lib/gcc/arm-none-eabi/4.8.3/../../../../arm-none-eabi/lib/armv6-m/libc_s.a(lib_a-init.o)
 .debug_frame   0x0000000000000970       0x20 /Applications/SimplicityStudio_v3/developer/toolchains/gnu_arm/4.8_2013q4/bin/../lib/gcc/arm-none-eabi/4.8.3/../../../../arm-none-eabi/lib/armv6-m/libc_s.a(lib_a-memset.o)
 .debug_frame   0x0000000000000990       0x20 /Applications/SimplicityStudio_v3/developer/toolchains/gnu_arm/4.8_2013q4/bin/../lib/gcc/arm-none-eabi/4.8.3/../../../../arm-none-eabi/lib/armv6-m/libnosys.a(_exit.o)
