Archive member included because of file (symbol)

/Applications/SimplicityStudio_v3/developer/toolchains/gnu_arm/4.8_2013q4/bin/../lib/gcc/arm-none-eabi/4.8.3/../../../../arm-none-eabi/lib/armv7-m/libc_s.a(lib_a-exit.o)
                              /Applications/SimplicityStudio_v3/developer/toolchains/gnu_arm/4.8_2013q4/bin/../lib/gcc/arm-none-eabi/4.8.3/../../../../arm-none-eabi/lib/armv7-m/crt0.o (exit)
/Applications/SimplicityStudio_v3/developer/toolchains/gnu_arm/4.8_2013q4/bin/../lib/gcc/arm-none-eabi/4.8.3/../../../../arm-none-eabi/lib/armv7-m/libc_s.a(lib_a-impure.o)
                              /Applications/SimplicityStudio_v3/developer/toolchains/gnu_arm/4.8_2013q4/bin/../lib/gcc/arm-none-eabi/4.8.3/../../../../arm-none-eabi/lib/armv7-m/libc_s.a(lib_a-exit.o) (_global_impure_ptr)
/Applications/SimplicityStudio_v3/developer/toolchains/gnu_arm/4.8_2013q4/bin/../lib/gcc/arm-none-eabi/4.8.3/../../../../arm-none-eabi/lib/armv7-m/libc_s.a(lib_a-init.o)
                              /Applications/SimplicityStudio_v3/developer/toolchains/gnu_arm/4.8_2013q4/bin/../lib/gcc/arm-none-eabi/4.8.3/../../../../arm-none-eabi/lib/armv7-m/crt0.o (__libc_init_array)
/Applications/SimplicityStudio_v3/developer/toolchains/gnu_arm/4.8_2013q4/bin/../lib/gcc/arm-none-eabi/4.8.3/../../../../arm-none-eabi/lib/armv7-m/libc_s.a(lib_a-memcpy-stub.o)
                              ./BSP/bsp_stk.o (memcpy)
/Applications/SimplicityStudio_v3/developer/toolchains/gnu_arm/4.8_2013q4/bin/../lib/gcc/arm-none-eabi/4.8.3/../../../../arm-none-eabi/lib/armv7-m/libc_s.a(lib_a-memset.o)
                              /Applications/SimplicityStudio_v3/developer/toolchains/gnu_arm/4.8_2013q4/bin/../lib/gcc/arm-none-eabi/4.8.3/../../../../arm-none-eabi/lib/armv7-m/crt0.o (memset)
/Applications/SimplicityStudio_v3/developer/toolchains/gnu_arm/4.8_2013q4/bin/../lib/gcc/arm-none-eabi/4.8.3/../../../../arm-none-eabi/lib/armv7-m/libnosys.a(_exit.o)
                              /Applications/SimplicityStudio_v3/developer/toolchains/gnu_arm/4.8_2013q4/bin/../lib/gcc/arm-none-eabi/4.8.3/../../../../arm-none-eabi/lib/armv7-m/libc_s.a(lib_a-exit.o) (_exit)

Allocating common symbols
Common symbol       size              file

seconden            0x4               ./src/Klok.o
SystemCoreClock     0x4               ./CMSIS/efm32gg/system_efm32gg.o
uren                0x4               ./src/Klok.o
msTeller            0x4               ./src/Klok.o
minuten             0x4               ./src/Klok.o
msTicks             0x4               ./src/Main.o

Discarded input sections

 .text          0x0000000000000000        0x0 /Applications/SimplicityStudio_v3/developer/toolchains/gnu_arm/4.8_2013q4/bin/../lib/gcc/arm-none-eabi/4.8.3/armv7-m/crti.o
 .data          0x0000000000000000        0x0 /Applications/SimplicityStudio_v3/developer/toolchains/gnu_arm/4.8_2013q4/bin/../lib/gcc/arm-none-eabi/4.8.3/armv7-m/crti.o
 .bss           0x0000000000000000        0x0 /Applications/SimplicityStudio_v3/developer/toolchains/gnu_arm/4.8_2013q4/bin/../lib/gcc/arm-none-eabi/4.8.3/armv7-m/crti.o
 .data          0x0000000000000000        0x4 /Applications/SimplicityStudio_v3/developer/toolchains/gnu_arm/4.8_2013q4/bin/../lib/gcc/arm-none-eabi/4.8.3/armv7-m/crtbegin.o
 .data          0x0000000000000000        0x0 /Applications/SimplicityStudio_v3/developer/toolchains/gnu_arm/4.8_2013q4/bin/../lib/gcc/arm-none-eabi/4.8.3/../../../../arm-none-eabi/lib/armv7-m/crt0.o
 .bss           0x0000000000000000        0x0 /Applications/SimplicityStudio_v3/developer/toolchains/gnu_arm/4.8_2013q4/bin/../lib/gcc/arm-none-eabi/4.8.3/../../../../arm-none-eabi/lib/armv7-m/crt0.o
 .ARM.extab     0x0000000000000000        0x0 /Applications/SimplicityStudio_v3/developer/toolchains/gnu_arm/4.8_2013q4/bin/../lib/gcc/arm-none-eabi/4.8.3/../../../../arm-none-eabi/lib/armv7-m/crt0.o
 .text          0x0000000000000000        0x0 ./src/Klok.o
 .data          0x0000000000000000        0x0 ./src/Klok.o
 .bss           0x0000000000000000        0x0 ./src/Klok.o
 .text.initKlok
                0x0000000000000000       0x38 ./src/Klok.o
 .text          0x0000000000000000        0x0 ./src/Main.o
 .data          0x0000000000000000        0x0 ./src/Main.o
 .bss           0x0000000000000000        0x0 ./src/Main.o
 .text          0x0000000000000000        0x0 ./src/Relais.o
 .data          0x0000000000000000        0x0 ./src/Relais.o
 .bss           0x0000000000000000        0x0 ./src/Relais.o
 .text          0x0000000000000000        0x0 ./emlib/em_cmu.o
 .data          0x0000000000000000        0x0 ./emlib/em_cmu.o
 .bss           0x0000000000000000        0x0 ./emlib/em_cmu.o
 .text.BUS_RegBitRead
                0x0000000000000000       0x2c ./emlib/em_cmu.o
 .text.CMU_Log2ToDiv
                0x0000000000000000       0x1c ./emlib/em_cmu.o
 .text.flashWaitStateControl
                0x0000000000000000       0xb8 ./emlib/em_cmu.o
 .text.flashWaitStateMax
                0x0000000000000000       0x14 ./emlib/em_cmu.o
 .text.CMU_AUXHFRCOBandGet
                0x0000000000000000       0x20 ./emlib/em_cmu.o
 .text.CMU_AUXHFRCOBandSet
                0x0000000000000000       0xb0 ./emlib/em_cmu.o
 .text.CMU_Calibrate
                0x0000000000000000       0x88 ./emlib/em_cmu.o
 .text.CMU_CalibrateConfig
                0x0000000000000000       0xd8 ./emlib/em_cmu.o
 .text.CMU_CalibrateCountGet
                0x0000000000000000       0x38 ./emlib/em_cmu.o
 .text.CMU_ClockDivGet
                0x0000000000000000      0x178 ./emlib/em_cmu.o
 .text.CMU_ClockDivSet
                0x0000000000000000      0x250 ./emlib/em_cmu.o
 .text.CMU_ClockSelectSet
                0x0000000000000000      0x2a4 ./emlib/em_cmu.o
 .text.CMU_FreezeEnable
                0x0000000000000000       0x38 ./emlib/em_cmu.o
 .text.CMU_HFRCOBandGet
                0x0000000000000000       0x20 ./emlib/em_cmu.o
 .text.CMU_HFRCOBandSet
                0x0000000000000000       0xcc ./emlib/em_cmu.o
 .text.CMU_HFRCOStartupDelayGet
                0x0000000000000000       0x1c ./emlib/em_cmu.o
 .text.CMU_HFRCOStartupDelaySet
                0x0000000000000000       0x30 ./emlib/em_cmu.o
 .text.CMU_LCDClkFDIVGet
                0x0000000000000000       0x1c ./emlib/em_cmu.o
 .text.CMU_LCDClkFDIVSet
                0x0000000000000000       0x3c ./emlib/em_cmu.o
 .text.CMU_OscillatorEnable
                0x0000000000000000       0xc4 ./emlib/em_cmu.o
 .text.CMU_OscillatorTuningGet
                0x0000000000000000       0x50 ./emlib/em_cmu.o
 .text.CMU_OscillatorTuningSet
                0x0000000000000000       0x74 ./emlib/em_cmu.o
 .text.CMU_PCNTClockExternalGet
                0x0000000000000000       0x60 ./emlib/em_cmu.o
 .text.CMU_PCNTClockExternalSet
                0x0000000000000000       0x34 ./emlib/em_cmu.o
 .text          0x0000000000000000        0x0 ./emlib/em_gpio.o
 .data          0x0000000000000000        0x0 ./emlib/em_gpio.o
 .bss           0x0000000000000000        0x0 ./emlib/em_gpio.o
 .text.BUS_RegBitWrite
                0x0000000000000000       0x2c ./emlib/em_gpio.o
 .text.GPIO_EM4SetPinRetention
                0x0000000000000000       0x40 ./emlib/em_gpio.o
 .text.GPIO_DbgLocationSet
                0x0000000000000000       0x2c ./emlib/em_gpio.o
 .text.GPIO_DriveModeSet
                0x0000000000000000       0x70 ./emlib/em_gpio.o
 .text.GPIO_IntConfig
                0x0000000000000000       0xd4 ./emlib/em_gpio.o
 .text.GPIO_EM4EnablePinWakeup
                0x0000000000000000       0x58 ./emlib/em_gpio.o
 .text          0x0000000000000000        0x0 ./emlib/em_system.o
 .data          0x0000000000000000        0x0 ./emlib/em_system.o
 .bss           0x0000000000000000        0x0 ./emlib/em_system.o
 .text.SYSTEM_GetCalibrationValue
                0x0000000000000000       0x54 ./emlib/em_system.o
 .data          0x0000000000000000        0x0 ./CMSIS/efm32gg/startup_gcc_efm32gg.o
 .bss           0x0000000000000000        0x0 ./CMSIS/efm32gg/startup_gcc_efm32gg.o
 .text          0x0000000000000000        0x0 ./CMSIS/efm32gg/system_efm32gg.o
 .data          0x0000000000000000        0x0 ./CMSIS/efm32gg/system_efm32gg.o
 .bss           0x0000000000000000        0x0 ./CMSIS/efm32gg/system_efm32gg.o
 .text.SystemMaxCoreClockGet
                0x0000000000000000       0x14 ./CMSIS/efm32gg/system_efm32gg.o
 .text.SystemHFXOClockGet
                0x0000000000000000       0x18 ./CMSIS/efm32gg/system_efm32gg.o
 .text.SystemHFXOClockSet
                0x0000000000000000       0x2c ./CMSIS/efm32gg/system_efm32gg.o
 .text.SystemLFXOClockSet
                0x0000000000000000       0x2c ./CMSIS/efm32gg/system_efm32gg.o
 .text          0x0000000000000000        0x0 ./BSP/bsp_bcc.o
 .data          0x0000000000000000        0x0 ./BSP/bsp_bcc.o
 .bss           0x0000000000000000        0x0 ./BSP/bsp_bcc.o
 .bss.rxByteCount
                0x0000000000000000        0x4 ./BSP/bsp_bcc.o
 .bss.txByteCount
                0x0000000000000000        0x4 ./BSP/bsp_bcc.o
 .text.BSP_BccDeInit
                0x0000000000000000       0x40 ./BSP/bsp_bcc.o
 .rodata        0x0000000000000000       0x18 ./BSP/bsp_bcc.o
 .text.BSP_BccInit
                0x0000000000000000       0x74 ./BSP/bsp_bcc.o
 .text.BSP_BccPacketReceive
                0x0000000000000000       0xac ./BSP/bsp_bcc.o
 .text.BSP_BccPacketSend
                0x0000000000000000       0x68 ./BSP/bsp_bcc.o
 .text.BSP_BccPinsEnable
                0x0000000000000000       0x80 ./BSP/bsp_bcc.o
 .text.RxByte   0x0000000000000000       0x3c ./BSP/bsp_bcc.o
 .text.TxByte   0x0000000000000000       0x3c ./BSP/bsp_bcc.o
 .debug_info    0x0000000000000000      0x81f ./BSP/bsp_bcc.o
 .debug_abbrev  0x0000000000000000      0x1b7 ./BSP/bsp_bcc.o
 .debug_loc     0x0000000000000000      0x17c ./BSP/bsp_bcc.o
 .debug_aranges
                0x0000000000000000       0x50 ./BSP/bsp_bcc.o
 .debug_ranges  0x0000000000000000       0x40 ./BSP/bsp_bcc.o
 .debug_line    0x0000000000000000      0x307 ./BSP/bsp_bcc.o
 .debug_str     0x0000000000000000      0xa73 ./BSP/bsp_bcc.o
 .comment       0x0000000000000000       0x71 ./BSP/bsp_bcc.o
 .ARM.attributes
                0x0000000000000000       0x33 ./BSP/bsp_bcc.o
 .debug_frame   0x0000000000000000       0xe8 ./BSP/bsp_bcc.o
 .text          0x0000000000000000        0x0 ./BSP/bsp_stk.o
 .data          0x0000000000000000        0x0 ./BSP/bsp_stk.o
 .bss           0x0000000000000000        0x0 ./BSP/bsp_stk.o
 .text.BSP_Disable
                0x0000000000000000       0x14 ./BSP/bsp_stk.o
 .rodata        0x0000000000000000       0x50 ./BSP/bsp_stk.o
 .text.BSP_EbiInit
                0x0000000000000000      0x11c ./BSP/bsp_stk.o
 .text.BSP_EbiDeInit
                0x0000000000000000       0x10 ./BSP/bsp_stk.o
 .text.BSP_Init
                0x0000000000000000       0x20 ./BSP/bsp_stk.o
 .text.BSP_CurrentGet
                0x0000000000000000       0x44 ./BSP/bsp_stk.o
 .text.BSP_VoltageGet
                0x0000000000000000       0x44 ./BSP/bsp_stk.o
 .debug_info    0x0000000000000000      0xa1f ./BSP/bsp_stk.o
 .debug_abbrev  0x0000000000000000      0x165 ./BSP/bsp_stk.o
 .debug_loc     0x0000000000000000      0x13e ./BSP/bsp_stk.o
 .debug_aranges
                0x0000000000000000       0x48 ./BSP/bsp_stk.o
 .debug_ranges  0x0000000000000000       0x38 ./BSP/bsp_stk.o
 .debug_line    0x0000000000000000      0x2af ./BSP/bsp_stk.o
 .debug_str     0x0000000000000000      0xb9b ./BSP/bsp_stk.o
 .comment       0x0000000000000000       0x71 ./BSP/bsp_stk.o
 .ARM.attributes
                0x0000000000000000       0x33 ./BSP/bsp_stk.o
 .debug_frame   0x0000000000000000       0xc4 ./BSP/bsp_stk.o
 .text          0x0000000000000000        0x0 ./BSP/bsp_stk_leds.o
 .data          0x0000000000000000        0x0 ./BSP/bsp_stk_leds.o
 .bss           0x0000000000000000        0x0 ./BSP/bsp_stk_leds.o
 .text.BUS_RegBitRead
                0x0000000000000000       0x2c ./BSP/bsp_stk_leds.o
 .text.GPIO_PinOutClear
                0x0000000000000000       0x58 ./BSP/bsp_stk_leds.o
 .text.GPIO_PinOutGet
                0x0000000000000000       0x54 ./BSP/bsp_stk_leds.o
 .text.GPIO_PinOutSet
                0x0000000000000000       0x58 ./BSP/bsp_stk_leds.o
 .text.GPIO_PinOutToggle
                0x0000000000000000       0x58 ./BSP/bsp_stk_leds.o
 .rodata.ledArray
                0x0000000000000000       0x10 ./BSP/bsp_stk_leds.o
 .text.BSP_LedsInit
                0x0000000000000000       0x5c ./BSP/bsp_stk_leds.o
 .text.BSP_LedsGet
                0x0000000000000000       0x5c ./BSP/bsp_stk_leds.o
 .text.BSP_LedsSet
                0x0000000000000000       0x74 ./BSP/bsp_stk_leds.o
 .text.BSP_LedClear
                0x0000000000000000       0x44 ./BSP/bsp_stk_leds.o
 .text.BSP_LedGet
                0x0000000000000000       0x48 ./BSP/bsp_stk_leds.o
 .text.BSP_LedSet
                0x0000000000000000       0x44 ./BSP/bsp_stk_leds.o
 .text.BSP_LedToggle
                0x0000000000000000       0x44 ./BSP/bsp_stk_leds.o
 .debug_info    0x0000000000000000      0x784 ./BSP/bsp_stk_leds.o
 .debug_abbrev  0x0000000000000000      0x18e ./BSP/bsp_stk_leds.o
 .debug_loc     0x0000000000000000      0x2a0 ./BSP/bsp_stk_leds.o
 .debug_aranges
                0x0000000000000000       0x78 ./BSP/bsp_stk_leds.o
 .debug_ranges  0x0000000000000000       0x68 ./BSP/bsp_stk_leds.o
 .debug_line    0x0000000000000000      0x3a7 ./BSP/bsp_stk_leds.o
 .debug_str     0x0000000000000000      0x77b ./BSP/bsp_stk_leds.o
 .comment       0x0000000000000000       0x71 ./BSP/bsp_stk_leds.o
 .ARM.attributes
                0x0000000000000000       0x33 ./BSP/bsp_stk_leds.o
 .debug_frame   0x0000000000000000      0x180 ./BSP/bsp_stk_leds.o
 .text          0x0000000000000000        0x0 ./BSP/bsp_trace.o
 .data          0x0000000000000000        0x0 ./BSP/bsp_trace.o
 .bss           0x0000000000000000        0x0 ./BSP/bsp_trace.o
 .text          0x0000000000000000        0x0 /Applications/SimplicityStudio_v3/developer/toolchains/gnu_arm/4.8_2013q4/bin/../lib/gcc/arm-none-eabi/4.8.3/../../../../arm-none-eabi/lib/armv7-m/libc_s.a(lib_a-exit.o)
 .data          0x0000000000000000        0x0 /Applications/SimplicityStudio_v3/developer/toolchains/gnu_arm/4.8_2013q4/bin/../lib/gcc/arm-none-eabi/4.8.3/../../../../arm-none-eabi/lib/armv7-m/libc_s.a(lib_a-exit.o)
 .bss           0x0000000000000000        0x0 /Applications/SimplicityStudio_v3/developer/toolchains/gnu_arm/4.8_2013q4/bin/../lib/gcc/arm-none-eabi/4.8.3/../../../../arm-none-eabi/lib/armv7-m/libc_s.a(lib_a-exit.o)
 .text          0x0000000000000000        0x0 /Applications/SimplicityStudio_v3/developer/toolchains/gnu_arm/4.8_2013q4/bin/../lib/gcc/arm-none-eabi/4.8.3/../../../../arm-none-eabi/lib/armv7-m/libc_s.a(lib_a-impure.o)
 .data          0x0000000000000000        0x0 /Applications/SimplicityStudio_v3/developer/toolchains/gnu_arm/4.8_2013q4/bin/../lib/gcc/arm-none-eabi/4.8.3/../../../../arm-none-eabi/lib/armv7-m/libc_s.a(lib_a-impure.o)
 .bss           0x0000000000000000        0x0 /Applications/SimplicityStudio_v3/developer/toolchains/gnu_arm/4.8_2013q4/bin/../lib/gcc/arm-none-eabi/4.8.3/../../../../arm-none-eabi/lib/armv7-m/libc_s.a(lib_a-impure.o)
 .data._impure_ptr
                0x0000000000000000        0x4 /Applications/SimplicityStudio_v3/developer/toolchains/gnu_arm/4.8_2013q4/bin/../lib/gcc/arm-none-eabi/4.8.3/../../../../arm-none-eabi/lib/armv7-m/libc_s.a(lib_a-impure.o)
 .text          0x0000000000000000        0x0 /Applications/SimplicityStudio_v3/developer/toolchains/gnu_arm/4.8_2013q4/bin/../lib/gcc/arm-none-eabi/4.8.3/../../../../arm-none-eabi/lib/armv7-m/libc_s.a(lib_a-init.o)
 .data          0x0000000000000000        0x0 /Applications/SimplicityStudio_v3/developer/toolchains/gnu_arm/4.8_2013q4/bin/../lib/gcc/arm-none-eabi/4.8.3/../../../../arm-none-eabi/lib/armv7-m/libc_s.a(lib_a-init.o)
 .bss           0x0000000000000000        0x0 /Applications/SimplicityStudio_v3/developer/toolchains/gnu_arm/4.8_2013q4/bin/../lib/gcc/arm-none-eabi/4.8.3/../../../../arm-none-eabi/lib/armv7-m/libc_s.a(lib_a-init.o)
 .text          0x0000000000000000        0x0 /Applications/SimplicityStudio_v3/developer/toolchains/gnu_arm/4.8_2013q4/bin/../lib/gcc/arm-none-eabi/4.8.3/../../../../arm-none-eabi/lib/armv7-m/libc_s.a(lib_a-memcpy-stub.o)
 .data          0x0000000000000000        0x0 /Applications/SimplicityStudio_v3/developer/toolchains/gnu_arm/4.8_2013q4/bin/../lib/gcc/arm-none-eabi/4.8.3/../../../../arm-none-eabi/lib/armv7-m/libc_s.a(lib_a-memcpy-stub.o)
 .bss           0x0000000000000000        0x0 /Applications/SimplicityStudio_v3/developer/toolchains/gnu_arm/4.8_2013q4/bin/../lib/gcc/arm-none-eabi/4.8.3/../../../../arm-none-eabi/lib/armv7-m/libc_s.a(lib_a-memcpy-stub.o)
 .text.memcpy   0x0000000000000000       0x12 /Applications/SimplicityStudio_v3/developer/toolchains/gnu_arm/4.8_2013q4/bin/../lib/gcc/arm-none-eabi/4.8.3/../../../../arm-none-eabi/lib/armv7-m/libc_s.a(lib_a-memcpy-stub.o)
 .ARM.attributes
                0x0000000000000000       0x2d /Applications/SimplicityStudio_v3/developer/toolchains/gnu_arm/4.8_2013q4/bin/../lib/gcc/arm-none-eabi/4.8.3/../../../../arm-none-eabi/lib/armv7-m/libc_s.a(lib_a-memcpy-stub.o)
 .debug_frame   0x0000000000000000       0x28 /Applications/SimplicityStudio_v3/developer/toolchains/gnu_arm/4.8_2013q4/bin/../lib/gcc/arm-none-eabi/4.8.3/../../../../arm-none-eabi/lib/armv7-m/libc_s.a(lib_a-memcpy-stub.o)
 .text          0x0000000000000000        0x0 /Applications/SimplicityStudio_v3/developer/toolchains/gnu_arm/4.8_2013q4/bin/../lib/gcc/arm-none-eabi/4.8.3/../../../../arm-none-eabi/lib/armv7-m/libc_s.a(lib_a-memset.o)
 .data          0x0000000000000000        0x0 /Applications/SimplicityStudio_v3/developer/toolchains/gnu_arm/4.8_2013q4/bin/../lib/gcc/arm-none-eabi/4.8.3/../../../../arm-none-eabi/lib/armv7-m/libc_s.a(lib_a-memset.o)
 .bss           0x0000000000000000        0x0 /Applications/SimplicityStudio_v3/developer/toolchains/gnu_arm/4.8_2013q4/bin/../lib/gcc/arm-none-eabi/4.8.3/../../../../arm-none-eabi/lib/armv7-m/libc_s.a(lib_a-memset.o)
 .text          0x0000000000000000        0x0 /Applications/SimplicityStudio_v3/developer/toolchains/gnu_arm/4.8_2013q4/bin/../lib/gcc/arm-none-eabi/4.8.3/../../../../arm-none-eabi/lib/armv7-m/libnosys.a(_exit.o)
 .data          0x0000000000000000        0x0 /Applications/SimplicityStudio_v3/developer/toolchains/gnu_arm/4.8_2013q4/bin/../lib/gcc/arm-none-eabi/4.8.3/../../../../arm-none-eabi/lib/armv7-m/libnosys.a(_exit.o)
 .bss           0x0000000000000000        0x0 /Applications/SimplicityStudio_v3/developer/toolchains/gnu_arm/4.8_2013q4/bin/../lib/gcc/arm-none-eabi/4.8.3/../../../../arm-none-eabi/lib/armv7-m/libnosys.a(_exit.o)
 .text          0x0000000000000000        0x0 /Applications/SimplicityStudio_v3/developer/toolchains/gnu_arm/4.8_2013q4/bin/../lib/gcc/arm-none-eabi/4.8.3/armv7-m/crtend.o
 .data          0x0000000000000000        0x0 /Applications/SimplicityStudio_v3/developer/toolchains/gnu_arm/4.8_2013q4/bin/../lib/gcc/arm-none-eabi/4.8.3/armv7-m/crtend.o
 .bss           0x0000000000000000        0x0 /Applications/SimplicityStudio_v3/developer/toolchains/gnu_arm/4.8_2013q4/bin/../lib/gcc/arm-none-eabi/4.8.3/armv7-m/crtend.o
 .text          0x0000000000000000        0x0 /Applications/SimplicityStudio_v3/developer/toolchains/gnu_arm/4.8_2013q4/bin/../lib/gcc/arm-none-eabi/4.8.3/armv7-m/crtn.o
 .data          0x0000000000000000        0x0 /Applications/SimplicityStudio_v3/developer/toolchains/gnu_arm/4.8_2013q4/bin/../lib/gcc/arm-none-eabi/4.8.3/armv7-m/crtn.o
 .bss           0x0000000000000000        0x0 /Applications/SimplicityStudio_v3/developer/toolchains/gnu_arm/4.8_2013q4/bin/../lib/gcc/arm-none-eabi/4.8.3/armv7-m/crtn.o

Memory Configuration

Name             Origin             Length             Attributes
FLASH            0x0000000000000000 0x0000000000100000 xr
RAM              0x0000000020000000 0x0000000000020000 xrw
*default*        0x0000000000000000 0xffffffffffffffff

Linker script and memory map

LOAD /Applications/SimplicityStudio_v3/developer/toolchains/gnu_arm/4.8_2013q4/bin/../lib/gcc/arm-none-eabi/4.8.3/armv7-m/crti.o
LOAD /Applications/SimplicityStudio_v3/developer/toolchains/gnu_arm/4.8_2013q4/bin/../lib/gcc/arm-none-eabi/4.8.3/armv7-m/crtbegin.o
LOAD /Applications/SimplicityStudio_v3/developer/toolchains/gnu_arm/4.8_2013q4/bin/../lib/gcc/arm-none-eabi/4.8.3/../../../../arm-none-eabi/lib/armv7-m/crt0.o
LOAD ./src/Klok.o
LOAD ./src/Main.o
LOAD ./src/Relais.o
LOAD ./emlib/em_cmu.o
LOAD ./emlib/em_gpio.o
LOAD ./emlib/em_system.o
LOAD ./CMSIS/efm32gg/startup_gcc_efm32gg.o
LOAD ./CMSIS/efm32gg/system_efm32gg.o
LOAD ./BSP/bsp_bcc.o
LOAD ./BSP/bsp_stk.o
LOAD ./BSP/bsp_stk_leds.o
LOAD ./BSP/bsp_trace.o
START GROUP
LOAD /Applications/SimplicityStudio_v3/developer/toolchains/gnu_arm/4.8_2013q4/bin/../lib/gcc/arm-none-eabi/4.8.3/armv7-m/libgcc.a
LOAD /Applications/SimplicityStudio_v3/developer/toolchains/gnu_arm/4.8_2013q4/bin/../lib/gcc/arm-none-eabi/4.8.3/../../../../arm-none-eabi/lib/armv7-m/libc_s.a
LOAD /Applications/SimplicityStudio_v3/developer/toolchains/gnu_arm/4.8_2013q4/bin/../lib/gcc/arm-none-eabi/4.8.3/../../../../arm-none-eabi/lib/armv7-m/libnosys.a
END GROUP
START GROUP
LOAD /Applications/SimplicityStudio_v3/developer/toolchains/gnu_arm/4.8_2013q4/bin/../lib/gcc/arm-none-eabi/4.8.3/armv7-m/libgcc.a
LOAD /Applications/SimplicityStudio_v3/developer/toolchains/gnu_arm/4.8_2013q4/bin/../lib/gcc/arm-none-eabi/4.8.3/../../../../arm-none-eabi/lib/armv7-m/libg_s.a
LOAD /Applications/SimplicityStudio_v3/developer/toolchains/gnu_arm/4.8_2013q4/bin/../lib/gcc/arm-none-eabi/4.8.3/../../../../arm-none-eabi/lib/armv7-m/libc_s.a
END GROUP
START GROUP
LOAD /Applications/SimplicityStudio_v3/developer/toolchains/gnu_arm/4.8_2013q4/bin/../lib/gcc/arm-none-eabi/4.8.3/armv7-m/libgcc.a
LOAD /Applications/SimplicityStudio_v3/developer/toolchains/gnu_arm/4.8_2013q4/bin/../lib/gcc/arm-none-eabi/4.8.3/../../../../arm-none-eabi/lib/armv7-m/libc_s.a
END GROUP
LOAD /Applications/SimplicityStudio_v3/developer/toolchains/gnu_arm/4.8_2013q4/bin/../lib/gcc/arm-none-eabi/4.8.3/armv7-m/crtend.o
LOAD /Applications/SimplicityStudio_v3/developer/toolchains/gnu_arm/4.8_2013q4/bin/../lib/gcc/arm-none-eabi/4.8.3/armv7-m/crtn.o

.text           0x0000000000000000     0x131c
 *(.vectors)
 .vectors       0x0000000000000000       0xdc ./CMSIS/efm32gg/startup_gcc_efm32gg.o
                0x0000000000000000                __Vectors
                0x00000000000000dc                __Vectors_End = .
                0x00000000000000dc                __Vectors_Size = (__Vectors_End - __Vectors)
                0x00000000000000dc                __end__ = .
 *(.text*)
 .text          0x00000000000000dc       0x54 /Applications/SimplicityStudio_v3/developer/toolchains/gnu_arm/4.8_2013q4/bin/../lib/gcc/arm-none-eabi/4.8.3/armv7-m/crtbegin.o
 .text          0x0000000000000130       0x74 /Applications/SimplicityStudio_v3/developer/toolchains/gnu_arm/4.8_2013q4/bin/../lib/gcc/arm-none-eabi/4.8.3/../../../../arm-none-eabi/lib/armv7-m/crt0.o
                0x0000000000000130                _mainCRTStartup
                0x0000000000000130                _start
 .text.updateKlok
                0x00000000000001a4       0x8c ./src/Klok.o
                0x00000000000001a4                updateKlok
 .text.getUren  0x0000000000000230       0x18 ./src/Klok.o
                0x0000000000000230                getUren
 .text.getMinuten
                0x0000000000000248       0x18 ./src/Klok.o
                0x0000000000000248                getMinuten
 .text.getSeconden
                0x0000000000000260       0x18 ./src/Klok.o
                0x0000000000000260                getSeconden
 .text.setKlok  0x0000000000000278       0x34 ./src/Klok.o
                0x0000000000000278                setKlok
 .text.NVIC_SetPriority
                0x00000000000002ac       0x54 ./src/Main.o
 .text.SysTick_Config
                0x0000000000000300       0x44 ./src/Main.o
 .text.CHIP_Init
                0x0000000000000344       0x40 ./src/Main.o
 .text.SysTick_Handler
                0x0000000000000384       0x18 ./src/Main.o
                0x0000000000000384                SysTick_Handler
 .text.Delay    0x000000000000039c       0x2c ./src/Main.o
                0x000000000000039c                Delay
 .text.main     0x00000000000003c8       0xbc ./src/Main.o
                0x00000000000003c8                main
 .text.GPIO_PinOutClear
                0x0000000000000484       0x58 ./src/Relais.o
 .text.GPIO_PinOutSet
                0x00000000000004dc       0x58 ./src/Relais.o
 .text.Relais_bediening
                0x0000000000000534       0x70 ./src/Relais.o
                0x0000000000000534                Relais_bediening
 .text.BUS_RegBitWrite
                0x00000000000005a4       0x2c ./emlib/em_cmu.o
 .text.CMU_DivToLog2
                0x00000000000005d0       0x3c ./emlib/em_cmu.o
 .text.SYSTEM_GetFamily
                0x000000000000060c       0x20 ./emlib/em_cmu.o
 .text.auxClkGet
                0x000000000000062c       0x8c ./emlib/em_cmu.o
 .text.dbgClkGet
                0x00000000000006b8       0x58 ./emlib/em_cmu.o
 .text.lfClkGet
                0x0000000000000710      0x104 ./emlib/em_cmu.o
 .text.maxFreqHfle
                0x0000000000000814       0x74 ./emlib/em_cmu.o
 .text.syncReg  0x0000000000000888       0x34 ./emlib/em_cmu.o
 .text.usbCClkGet
                0x00000000000008bc       0x4c ./emlib/em_cmu.o
 .text.CMU_ClockEnable
                0x0000000000000908       0xf0 ./emlib/em_cmu.o
                0x0000000000000908                CMU_ClockEnable
 .text.CMU_ClockFreqGet
                0x00000000000009f8      0x200 ./emlib/em_cmu.o
                0x00000000000009f8                CMU_ClockFreqGet
 .text.CMU_ClockSelectGet
                0x0000000000000bf8      0x160 ./emlib/em_cmu.o
                0x0000000000000bf8                CMU_ClockSelectGet
 .text.GPIO_PinOutClear
                0x0000000000000d58       0x58 ./emlib/em_gpio.o
 .text.GPIO_PinOutSet
                0x0000000000000db0       0x58 ./emlib/em_gpio.o
 .text.GPIO_PinModeSet
                0x0000000000000e08      0x110 ./emlib/em_gpio.o
                0x0000000000000e08                GPIO_PinModeSet
 .text.SYSTEM_ChipRevisionGet
                0x0000000000000f18       0x74 ./emlib/em_system.o
                0x0000000000000f18                SYSTEM_ChipRevisionGet
 .text          0x0000000000000f8c       0x30 ./CMSIS/efm32gg/startup_gcc_efm32gg.o
                0x0000000000000f8c                Reset_Handler
                0x0000000000000fb8                DebugMon_Handler
                0x0000000000000fb8                USART0_TX_IRQHandler
                0x0000000000000fb8                I2C0_IRQHandler
                0x0000000000000fb8                HardFault_Handler
                0x0000000000000fb8                LEUART1_IRQHandler
                0x0000000000000fb8                USART1_RX_IRQHandler
                0x0000000000000fb8                PendSV_Handler
                0x0000000000000fb8                NMI_Handler
                0x0000000000000fb8                I2C1_IRQHandler
                0x0000000000000fb8                TIMER3_IRQHandler
                0x0000000000000fb8                USART1_TX_IRQHandler
                0x0000000000000fb8                MSC_IRQHandler
                0x0000000000000fb8                ADC0_IRQHandler
                0x0000000000000fb8                UsageFault_Handler
                0x0000000000000fb8                LEUART0_IRQHandler
                0x0000000000000fb8                GPIO_EVEN_IRQHandler
                0x0000000000000fb8                UART0_TX_IRQHandler
                0x0000000000000fb8                UART1_TX_IRQHandler
                0x0000000000000fb8                RTC_IRQHandler
                0x0000000000000fb8                TIMER0_IRQHandler
                0x0000000000000fb8                LCD_IRQHandler
                0x0000000000000fb8                PCNT2_IRQHandler
                0x0000000000000fb8                UART0_RX_IRQHandler
                0x0000000000000fb8                LETIMER0_IRQHandler
                0x0000000000000fb8                TIMER1_IRQHandler
                0x0000000000000fb8                USART2_RX_IRQHandler
                0x0000000000000fb8                Default_Handler
                0x0000000000000fb8                EMU_IRQHandler
                0x0000000000000fb8                PCNT0_IRQHandler
                0x0000000000000fb8                USB_IRQHandler
                0x0000000000000fb8                BURTC_IRQHandler
                0x0000000000000fb8                PCNT1_IRQHandler
                0x0000000000000fb8                ACMP0_IRQHandler
                0x0000000000000fb8                USART0_RX_IRQHandler
                0x0000000000000fb8                MemManage_Handler
                0x0000000000000fb8                SVC_Handler
                0x0000000000000fb8                DAC0_IRQHandler
                0x0000000000000fb8                UART1_RX_IRQHandler
                0x0000000000000fb8                CMU_IRQHandler
                0x0000000000000fb8                EBI_IRQHandler
                0x0000000000000fb8                LESENSE_IRQHandler
                0x0000000000000fb8                GPIO_ODD_IRQHandler
                0x0000000000000fb8                AES_IRQHandler
                0x0000000000000fb8                VCMP_IRQHandler
                0x0000000000000fb8                DMA_IRQHandler
                0x0000000000000fb8                BusFault_Handler
                0x0000000000000fb8                TIMER2_IRQHandler
                0x0000000000000fb8                USART2_TX_IRQHandler
 .text.GetProdRev
                0x0000000000000fbc       0x1c ./CMSIS/efm32gg/system_efm32gg.o
 .text.SystemCoreClockGet
                0x0000000000000fd8       0x48 ./CMSIS/efm32gg/system_efm32gg.o
                0x0000000000000fd8                SystemCoreClockGet
 .text.SystemHFClockGet
                0x0000000000001020       0xf0 ./CMSIS/efm32gg/system_efm32gg.o
                0x0000000000001020                SystemHFClockGet
 .text.SystemInit
                0x0000000000001110        0xc ./CMSIS/efm32gg/system_efm32gg.o
                0x0000000000001110                SystemInit
 .text.SystemLFRCOClockGet
                0x000000000000111c       0x14 ./CMSIS/efm32gg/system_efm32gg.o
                0x000000000000111c                SystemLFRCOClockGet
 .text.SystemULFRCOClockGet
                0x0000000000001130       0x14 ./CMSIS/efm32gg/system_efm32gg.o
                0x0000000000001130                SystemULFRCOClockGet
 .text.SystemLFXOClockGet
                0x0000000000001144       0x18 ./CMSIS/efm32gg/system_efm32gg.o
                0x0000000000001144                SystemLFXOClockGet
 .text.BSP_TraceSwoSetup
                0x000000000000115c       0xec ./BSP/bsp_trace.o
                0x000000000000115c                BSP_TraceSwoSetup
 .text.BSP_TraceProfilerSetup
                0x0000000000001248       0x28 ./BSP/bsp_trace.o
                0x0000000000001248                BSP_TraceProfilerSetup
 .text.exit     0x0000000000001270       0x28 /Applications/SimplicityStudio_v3/developer/toolchains/gnu_arm/4.8_2013q4/bin/../lib/gcc/arm-none-eabi/4.8.3/../../../../arm-none-eabi/lib/armv7-m/libc_s.a(lib_a-exit.o)
                0x0000000000001270                exit
 .text.__libc_init_array
                0x0000000000001298       0x4c /Applications/SimplicityStudio_v3/developer/toolchains/gnu_arm/4.8_2013q4/bin/../lib/gcc/arm-none-eabi/4.8.3/../../../../arm-none-eabi/lib/armv7-m/libc_s.a(lib_a-init.o)
                0x0000000000001298                __libc_init_array
 .text.memset   0x00000000000012e4       0x10 /Applications/SimplicityStudio_v3/developer/toolchains/gnu_arm/4.8_2013q4/bin/../lib/gcc/arm-none-eabi/4.8.3/../../../../arm-none-eabi/lib/armv7-m/libc_s.a(lib_a-memset.o)
                0x00000000000012e4                memset
 .text._exit    0x00000000000012f4        0x4 /Applications/SimplicityStudio_v3/developer/toolchains/gnu_arm/4.8_2013q4/bin/../lib/gcc/arm-none-eabi/4.8.3/../../../../arm-none-eabi/lib/armv7-m/libnosys.a(_exit.o)
                0x00000000000012f4                _exit
 *(.init)
 .init          0x00000000000012f8        0x4 /Applications/SimplicityStudio_v3/developer/toolchains/gnu_arm/4.8_2013q4/bin/../lib/gcc/arm-none-eabi/4.8.3/armv7-m/crti.o
                0x00000000000012f8                _init
 .init          0x00000000000012fc        0x8 /Applications/SimplicityStudio_v3/developer/toolchains/gnu_arm/4.8_2013q4/bin/../lib/gcc/arm-none-eabi/4.8.3/armv7-m/crtn.o
 *(.fini)
 .fini          0x0000000000001304        0x4 /Applications/SimplicityStudio_v3/developer/toolchains/gnu_arm/4.8_2013q4/bin/../lib/gcc/arm-none-eabi/4.8.3/armv7-m/crti.o
                0x0000000000001304                _fini
 .fini          0x0000000000001308        0x8 /Applications/SimplicityStudio_v3/developer/toolchains/gnu_arm/4.8_2013q4/bin/../lib/gcc/arm-none-eabi/4.8.3/armv7-m/crtn.o
 *crtbegin.o(.ctors)
 *crtbegin?.o(.ctors)
 *(EXCLUDE_FILE(*crtend.o *crtend?.o) .ctors)
 *(SORT(.ctors.*))
 *(.ctors)
 *crtbegin.o(.dtors)
 *crtbegin?.o(.dtors)
 *(EXCLUDE_FILE(*crtend.o *crtend?.o) .dtors)
 *(SORT(.dtors.*))
 *(.dtors)
 *(.rodata*)
 .rodata.str1.1
                0x0000000000001310        0x2 /Applications/SimplicityStudio_v3/developer/toolchains/gnu_arm/4.8_2013q4/bin/../lib/gcc/arm-none-eabi/4.8.3/../../../../arm-none-eabi/lib/armv7-m/libc_s.a(lib_a-impure.o)
 *fill*         0x0000000000001312        0x2 
 .rodata._global_impure_ptr
                0x0000000000001314        0x4 /Applications/SimplicityStudio_v3/developer/toolchains/gnu_arm/4.8_2013q4/bin/../lib/gcc/arm-none-eabi/4.8.3/../../../../arm-none-eabi/lib/armv7-m/libc_s.a(lib_a-impure.o)
                0x0000000000001314                _global_impure_ptr
 *(.eh_frame*)
 .eh_frame      0x0000000000001318        0x0 /Applications/SimplicityStudio_v3/developer/toolchains/gnu_arm/4.8_2013q4/bin/../lib/gcc/arm-none-eabi/4.8.3/armv7-m/crtbegin.o
 .eh_frame      0x0000000000001318        0x4 /Applications/SimplicityStudio_v3/developer/toolchains/gnu_arm/4.8_2013q4/bin/../lib/gcc/arm-none-eabi/4.8.3/armv7-m/crtend.o

.glue_7         0x000000000000131c        0x0
 .glue_7        0x0000000000000000        0x0 linker stubs

.glue_7t        0x000000000000131c        0x0
 .glue_7t       0x0000000000000000        0x0 linker stubs

.vfp11_veneer   0x000000000000131c        0x0
 .vfp11_veneer  0x0000000000000000        0x0 linker stubs

.v4_bx          0x000000000000131c        0x0
 .v4_bx         0x0000000000000000        0x0 linker stubs

.iplt           0x000000000000131c        0x0
 .iplt          0x0000000000000000        0x0 /Applications/SimplicityStudio_v3/developer/toolchains/gnu_arm/4.8_2013q4/bin/../lib/gcc/arm-none-eabi/4.8.3/armv7-m/crtbegin.o

.ARM.extab
 *(.ARM.extab* .gnu.linkonce.armextab.*)
                0x000000000000131c                __exidx_start = .

.ARM.exidx      0x000000000000131c        0x8
 *(.ARM.exidx* .gnu.linkonce.armexidx.*)
 .ARM.exidx     0x000000000000131c        0x8 /Applications/SimplicityStudio_v3/developer/toolchains/gnu_arm/4.8_2013q4/bin/../lib/gcc/arm-none-eabi/4.8.3/../../../../arm-none-eabi/lib/armv7-m/crt0.o
                0x0000000000001324                __exidx_end = .
                0x0000000000001324                __etext = .

.rel.dyn        0x0000000000001324        0x0
 .rel.iplt      0x0000000000000000        0x0 /Applications/SimplicityStudio_v3/developer/toolchains/gnu_arm/4.8_2013q4/bin/../lib/gcc/arm-none-eabi/4.8.3/armv7-m/crtbegin.o

.data           0x0000000020000000       0x74 load address 0x0000000000001324
                0x0000000020000000                __data_start__ = .
 *(vtable)
 *(.data*)
 .data.SystemHFXOClock
                0x0000000020000000        0x4 ./CMSIS/efm32gg/system_efm32gg.o
 .data.SystemLFXOClock
                0x0000000020000004        0x4 ./CMSIS/efm32gg/system_efm32gg.o
 .data.impure_data
                0x0000000020000008       0x60 /Applications/SimplicityStudio_v3/developer/toolchains/gnu_arm/4.8_2013q4/bin/../lib/gcc/arm-none-eabi/4.8.3/../../../../arm-none-eabi/lib/armv7-m/libc_s.a(lib_a-impure.o)
                0x0000000020000068                . = ALIGN (0x4)
 *(.ram)
                0x0000000020000068                . = ALIGN (0x4)
                0x0000000020000068                PROVIDE (__preinit_array_start, .)
 *(.preinit_array)
                0x0000000020000068                PROVIDE (__preinit_array_end, .)
                0x0000000020000068                . = ALIGN (0x4)
                0x0000000020000068                PROVIDE (__init_array_start, .)
 *(SORT(.init_array.*))
 *(.init_array)
 .init_array    0x0000000020000068        0x4 /Applications/SimplicityStudio_v3/developer/toolchains/gnu_arm/4.8_2013q4/bin/../lib/gcc/arm-none-eabi/4.8.3/armv7-m/crtbegin.o
                0x000000002000006c                PROVIDE (__init_array_end, .)
                0x000000002000006c                . = ALIGN (0x4)
                0x000000002000006c                PROVIDE (__fini_array_start, .)
 *(SORT(.fini_array.*))
 *(.fini_array)
 .fini_array    0x000000002000006c        0x4 /Applications/SimplicityStudio_v3/developer/toolchains/gnu_arm/4.8_2013q4/bin/../lib/gcc/arm-none-eabi/4.8.3/armv7-m/crtbegin.o
                0x0000000020000070                PROVIDE (__fini_array_end, .)
 *(.jcr*)
 .jcr           0x0000000020000070        0x0 /Applications/SimplicityStudio_v3/developer/toolchains/gnu_arm/4.8_2013q4/bin/../lib/gcc/arm-none-eabi/4.8.3/armv7-m/crtbegin.o
 .jcr           0x0000000020000070        0x4 /Applications/SimplicityStudio_v3/developer/toolchains/gnu_arm/4.8_2013q4/bin/../lib/gcc/arm-none-eabi/4.8.3/armv7-m/crtend.o
                0x0000000020000074                . = ALIGN (0x4)
                0x0000000020000074                __data_end__ = .

.igot.plt       0x0000000020000074        0x0 load address 0x0000000000001398
 .igot.plt      0x0000000000000000        0x0 /Applications/SimplicityStudio_v3/developer/toolchains/gnu_arm/4.8_2013q4/bin/../lib/gcc/arm-none-eabi/4.8.3/armv7-m/crtbegin.o

.bss            0x0000000020000074       0x34 load address 0x0000000000001398
                0x0000000020000074                . = ALIGN (0x4)
                0x0000000020000074                __bss_start__ = .
 *(.bss*)
 .bss           0x0000000020000074       0x1c /Applications/SimplicityStudio_v3/developer/toolchains/gnu_arm/4.8_2013q4/bin/../lib/gcc/arm-none-eabi/4.8.3/armv7-m/crtbegin.o
 *(COMMON)
 COMMON         0x0000000020000090       0x10 ./src/Klok.o
                0x0000000020000090                seconden
                0x0000000020000094                uren
                0x0000000020000098                msTeller
                0x000000002000009c                minuten
 COMMON         0x00000000200000a0        0x4 ./src/Main.o
                0x00000000200000a0                msTicks
 COMMON         0x00000000200000a4        0x4 ./CMSIS/efm32gg/system_efm32gg.o
                0x00000000200000a4                SystemCoreClock
                0x00000000200000a8                . = ALIGN (0x4)
                0x00000000200000a8                __bss_end__ = .

.heap           0x00000000200000a8      0xc00
                0x00000000200000a8                __HeapBase = .
                0x00000000200000a8                __end__ = .
                0x00000000200000a8                end = __end__
                0x00000000200000a8                _end = __end__
 *(.heap*)
 .heap          0x00000000200000a8      0xc00 ./CMSIS/efm32gg/startup_gcc_efm32gg.o
                0x0000000020000ca8                __HeapLimit = .

.stack_dummy    0x00000000200000a8      0x400
 *(.stack*)
 .stack         0x00000000200000a8      0x400 ./CMSIS/efm32gg/startup_gcc_efm32gg.o
                0x0000000020020000                __StackTop = (ORIGIN (RAM) + 0x20000)
                0x000000002001fc00                __StackLimit = (__StackTop - SIZEOF (.stack_dummy))
                0x0000000020020000                PROVIDE (__stack, __StackTop)
                0x0000000000000001                ASSERT ((__StackLimit >= __HeapLimit), region RAM overflowed with stack)
                0x0000000000000001                ASSERT ((0x100000 >= (__etext + SIZEOF (.data))), FLASH memory overflowed !)
OUTPUT(Workspace_Domotica.axf elf32-littlearm)

.ARM.attributes
                0x0000000000000000       0x29
 .ARM.attributes
                0x0000000000000000       0x1d /Applications/SimplicityStudio_v3/developer/toolchains/gnu_arm/4.8_2013q4/bin/../lib/gcc/arm-none-eabi/4.8.3/armv7-m/crti.o
 .ARM.attributes
                0x000000000000001d       0x2d /Applications/SimplicityStudio_v3/developer/toolchains/gnu_arm/4.8_2013q4/bin/../lib/gcc/arm-none-eabi/4.8.3/armv7-m/crtbegin.o
 .ARM.attributes
                0x000000000000004a       0x1b /Applications/SimplicityStudio_v3/developer/toolchains/gnu_arm/4.8_2013q4/bin/../lib/gcc/arm-none-eabi/4.8.3/../../../../arm-none-eabi/lib/armv7-m/crt0.o
 .ARM.attributes
                0x0000000000000065       0x33 ./src/Klok.o
 .ARM.attributes
                0x0000000000000098       0x33 ./src/Main.o
 .ARM.attributes
                0x00000000000000cb       0x33 ./src/Relais.o
 .ARM.attributes
                0x00000000000000fe       0x33 ./emlib/em_cmu.o
 .ARM.attributes
                0x0000000000000131       0x33 ./emlib/em_gpio.o
 .ARM.attributes
                0x0000000000000164       0x33 ./emlib/em_system.o
 .ARM.attributes
                0x0000000000000197       0x1b ./CMSIS/efm32gg/startup_gcc_efm32gg.o
 .ARM.attributes
                0x00000000000001b2       0x33 ./CMSIS/efm32gg/system_efm32gg.o
 .ARM.attributes
                0x00000000000001e5       0x33 ./BSP/bsp_trace.o
 .ARM.attributes
                0x0000000000000218       0x2d /Applications/SimplicityStudio_v3/developer/toolchains/gnu_arm/4.8_2013q4/bin/../lib/gcc/arm-none-eabi/4.8.3/../../../../arm-none-eabi/lib/armv7-m/libc_s.a(lib_a-exit.o)
 .ARM.attributes
                0x0000000000000245       0x2d /Applications/SimplicityStudio_v3/developer/toolchains/gnu_arm/4.8_2013q4/bin/../lib/gcc/arm-none-eabi/4.8.3/../../../../arm-none-eabi/lib/armv7-m/libc_s.a(lib_a-impure.o)
 .ARM.attributes
                0x0000000000000272       0x2d /Applications/SimplicityStudio_v3/developer/toolchains/gnu_arm/4.8_2013q4/bin/../lib/gcc/arm-none-eabi/4.8.3/../../../../arm-none-eabi/lib/armv7-m/libc_s.a(lib_a-init.o)
 .ARM.attributes
                0x000000000000029f       0x2d /Applications/SimplicityStudio_v3/developer/toolchains/gnu_arm/4.8_2013q4/bin/../lib/gcc/arm-none-eabi/4.8.3/../../../../arm-none-eabi/lib/armv7-m/libc_s.a(lib_a-memset.o)
 .ARM.attributes
                0x00000000000002cc       0x2d /Applications/SimplicityStudio_v3/developer/toolchains/gnu_arm/4.8_2013q4/bin/../lib/gcc/arm-none-eabi/4.8.3/../../../../arm-none-eabi/lib/armv7-m/libnosys.a(_exit.o)
 .ARM.attributes
                0x00000000000002f9       0x2d /Applications/SimplicityStudio_v3/developer/toolchains/gnu_arm/4.8_2013q4/bin/../lib/gcc/arm-none-eabi/4.8.3/armv7-m/crtend.o
 .ARM.attributes
                0x0000000000000326       0x1d /Applications/SimplicityStudio_v3/developer/toolchains/gnu_arm/4.8_2013q4/bin/../lib/gcc/arm-none-eabi/4.8.3/armv7-m/crtn.o

.comment        0x0000000000000000       0x70
 .comment       0x0000000000000000       0x70 ./src/Klok.o
                                         0x71 (size before relaxing)
 .comment       0x0000000000000000       0x71 ./src/Main.o
 .comment       0x0000000000000000       0x71 ./src/Relais.o
 .comment       0x0000000000000000       0x71 ./emlib/em_cmu.o
 .comment       0x0000000000000000       0x71 ./emlib/em_gpio.o
 .comment       0x0000000000000000       0x71 ./emlib/em_system.o
 .comment       0x0000000000000000       0x71 ./CMSIS/efm32gg/system_efm32gg.o
 .comment       0x0000000000000000       0x71 ./BSP/bsp_trace.o

.debug_info     0x0000000000000000     0x381f
 .debug_info    0x0000000000000000      0x142 ./src/Klok.o
 .debug_info    0x0000000000000142      0x8b1 ./src/Main.o
 .debug_info    0x00000000000009f3      0x37c ./src/Relais.o
 .debug_info    0x0000000000000d6f     0x11a5 ./emlib/em_cmu.o
 .debug_info    0x0000000000001f14      0x5a8 ./emlib/em_gpio.o
 .debug_info    0x00000000000024bc      0x245 ./emlib/em_system.o
 .debug_info    0x0000000000002701       0xd6 ./CMSIS/efm32gg/startup_gcc_efm32gg.o
 .debug_info    0x00000000000027d7      0x561 ./CMSIS/efm32gg/system_efm32gg.o
 .debug_info    0x0000000000002d38      0xae7 ./BSP/bsp_trace.o

.debug_abbrev   0x0000000000000000      0xc26
 .debug_abbrev  0x0000000000000000       0x7e ./src/Klok.o
 .debug_abbrev  0x000000000000007e      0x1f4 ./src/Main.o
 .debug_abbrev  0x0000000000000272      0x13e ./src/Relais.o
 .debug_abbrev  0x00000000000003b0      0x301 ./emlib/em_cmu.o
 .debug_abbrev  0x00000000000006b1      0x1b1 ./emlib/em_gpio.o
 .debug_abbrev  0x0000000000000862       0xef ./emlib/em_system.o
 .debug_abbrev  0x0000000000000951       0x14 ./CMSIS/efm32gg/startup_gcc_efm32gg.o
 .debug_abbrev  0x0000000000000965      0x16d ./CMSIS/efm32gg/system_efm32gg.o
 .debug_abbrev  0x0000000000000ad2      0x154 ./BSP/bsp_trace.o

.debug_loc      0x0000000000000000      0xf6c
 .debug_loc     0x0000000000000000      0x114 ./src/Klok.o
 .debug_loc     0x0000000000000114      0x144 ./src/Main.o
 .debug_loc     0x0000000000000258       0xa8 ./src/Relais.o
 .debug_loc     0x0000000000000300      0x78c ./emlib/em_cmu.o
 .debug_loc     0x0000000000000a8c      0x1f8 ./emlib/em_gpio.o
 .debug_loc     0x0000000000000c84       0x70 ./emlib/em_system.o
 .debug_loc     0x0000000000000cf4      0x214 ./CMSIS/efm32gg/system_efm32gg.o
 .debug_loc     0x0000000000000f08       0x64 ./BSP/bsp_trace.o

.debug_aranges  0x0000000000000000      0x338
 .debug_aranges
                0x0000000000000000       0x48 ./src/Klok.o
 .debug_aranges
                0x0000000000000048       0x48 ./src/Main.o
 .debug_aranges
                0x0000000000000090       0x30 ./src/Relais.o
 .debug_aranges
                0x00000000000000c0      0x138 ./emlib/em_cmu.o
 .debug_aranges
                0x00000000000001f8       0x60 ./emlib/em_gpio.o
 .debug_aranges
                0x0000000000000258       0x28 ./emlib/em_system.o
 .debug_aranges
                0x0000000000000280       0x20 ./CMSIS/efm32gg/startup_gcc_efm32gg.o
 .debug_aranges
                0x00000000000002a0       0x70 ./CMSIS/efm32gg/system_efm32gg.o
 .debug_aranges
                0x0000000000000310       0x28 ./BSP/bsp_trace.o

.debug_ranges   0x0000000000000000      0x298
 .debug_ranges  0x0000000000000000       0x38 ./src/Klok.o
 .debug_ranges  0x0000000000000038       0x38 ./src/Main.o
 .debug_ranges  0x0000000000000070       0x20 ./src/Relais.o
 .debug_ranges  0x0000000000000090      0x128 ./emlib/em_cmu.o
 .debug_ranges  0x00000000000001b8       0x50 ./emlib/em_gpio.o
 .debug_ranges  0x0000000000000208       0x18 ./emlib/em_system.o
 .debug_ranges  0x0000000000000220       0x60 ./CMSIS/efm32gg/system_efm32gg.o
 .debug_ranges  0x0000000000000280       0x18 ./BSP/bsp_trace.o

.debug_line     0x0000000000000000     0x18ba
 .debug_line    0x0000000000000000       0xa7 ./src/Klok.o
 .debug_line    0x00000000000000a7      0x2bf ./src/Main.o
 .debug_line    0x0000000000000366      0x233 ./src/Relais.o
 .debug_line    0x0000000000000599      0x8df ./emlib/em_cmu.o
 .debug_line    0x0000000000000e78      0x345 ./emlib/em_gpio.o
 .debug_line    0x00000000000011bd      0x20f ./emlib/em_system.o
 .debug_line    0x00000000000013cc       0x72 ./CMSIS/efm32gg/startup_gcc_efm32gg.o
 .debug_line    0x000000000000143e      0x274 ./CMSIS/efm32gg/system_efm32gg.o
 .debug_line    0x00000000000016b2      0x208 ./BSP/bsp_trace.o

.debug_str      0x0000000000000000     0x1a2b
 .debug_str     0x0000000000000000      0x1e8 ./src/Klok.o
 .debug_str     0x00000000000001e8      0x842 ./src/Main.o
                                        0x9fb (size before relaxing)
 .debug_str     0x0000000000000a2a      0x107 ./src/Relais.o
                                        0x35a (size before relaxing)
 .debug_str     0x0000000000000b31      0xa0f ./emlib/em_cmu.o
                                        0xe4c (size before relaxing)
 .debug_str     0x0000000000001540      0x16e ./emlib/em_gpio.o
                                        0x5a4 (size before relaxing)
 .debug_str     0x00000000000016ae       0x7b ./emlib/em_system.o
                                        0x2f3 (size before relaxing)
 .debug_str     0x0000000000001729      0x117 ./CMSIS/efm32gg/system_efm32gg.o
                                        0x4d0 (size before relaxing)
 .debug_str     0x0000000000001840      0x1eb ./BSP/bsp_trace.o
                                        0x55f (size before relaxing)

.debug_frame    0x0000000000000000      0x96c
 .debug_frame   0x0000000000000000       0xa4 ./src/Klok.o
 .debug_frame   0x00000000000000a4       0xc4 ./src/Main.o
 .debug_frame   0x0000000000000168       0x68 ./src/Relais.o
 .debug_frame   0x00000000000001d0      0x424 ./emlib/em_cmu.o
 .debug_frame   0x00000000000005f4      0x11c ./emlib/em_gpio.o
 .debug_frame   0x0000000000000710       0x48 ./emlib/em_system.o
 .debug_frame   0x0000000000000758      0x138 ./CMSIS/efm32gg/system_efm32gg.o
 .debug_frame   0x0000000000000890       0x48 ./BSP/bsp_trace.o
 .debug_frame   0x00000000000008d8       0x28 /Applications/SimplicityStudio_v3/developer/toolchains/gnu_arm/4.8_2013q4/bin/../lib/gcc/arm-none-eabi/4.8.3/../../../../arm-none-eabi/lib/armv7-m/libc_s.a(lib_a-exit.o)
 .debug_frame   0x0000000000000900       0x2c /Applications/SimplicityStudio_v3/developer/toolchains/gnu_arm/4.8_2013q4/bin/../lib/gcc/arm-none-eabi/4.8.3/../../../../arm-none-eabi/lib/armv7-m/libc_s.a(lib_a-init.o)
 .debug_frame   0x000000000000092c       0x20 /Applications/SimplicityStudio_v3/developer/toolchains/gnu_arm/4.8_2013q4/bin/../lib/gcc/arm-none-eabi/4.8.3/../../../../arm-none-eabi/lib/armv7-m/libc_s.a(lib_a-memset.o)
 .debug_frame   0x000000000000094c       0x20 /Applications/SimplicityStudio_v3/developer/toolchains/gnu_arm/4.8_2013q4/bin/../lib/gcc/arm-none-eabi/4.8.3/../../../../arm-none-eabi/lib/armv7-m/libnosys.a(_exit.o)
