Archive member included because of file (symbol)

/Applications/SimplicityStudio_v3/developer/toolchains/gnu_arm/4.8_2013q4/bin/../lib/gcc/arm-none-eabi/4.8.3/armv6-m/libgcc.a(_udivsi3.o)
                              ./src/Main.o (__aeabi_uidiv)
/Applications/SimplicityStudio_v3/developer/toolchains/gnu_arm/4.8_2013q4/bin/../lib/gcc/arm-none-eabi/4.8.3/armv6-m/libgcc.a(_divsi3.o)
                              ./Graphics/glib_line.o (__aeabi_idiv)
/Applications/SimplicityStudio_v3/developer/toolchains/gnu_arm/4.8_2013q4/bin/../lib/gcc/arm-none-eabi/4.8.3/armv6-m/libgcc.a(_dvmd_tls.o)
                              /Applications/SimplicityStudio_v3/developer/toolchains/gnu_arm/4.8_2013q4/bin/../lib/gcc/arm-none-eabi/4.8.3/armv6-m/libgcc.a(_udivsi3.o) (__aeabi_idiv0)
/Applications/SimplicityStudio_v3/developer/toolchains/gnu_arm/4.8_2013q4/bin/../lib/gcc/arm-none-eabi/4.8.3/armv6-m/libgcc.a(_aeabi_uldivmod.o)
                              ./emlib/em_usart.o (__aeabi_uldivmod)
/Applications/SimplicityStudio_v3/developer/toolchains/gnu_arm/4.8_2013q4/bin/../lib/gcc/arm-none-eabi/4.8.3/armv6-m/libgcc.a(_muldi3.o)
                              ./emlib/em_usart.o (__aeabi_lmul)
/Applications/SimplicityStudio_v3/developer/toolchains/gnu_arm/4.8_2013q4/bin/../lib/gcc/arm-none-eabi/4.8.3/armv6-m/libgcc.a(bpabi.o)
                              /Applications/SimplicityStudio_v3/developer/toolchains/gnu_arm/4.8_2013q4/bin/../lib/gcc/arm-none-eabi/4.8.3/armv6-m/libgcc.a(_aeabi_uldivmod.o) (__gnu_uldivmod_helper)
/Applications/SimplicityStudio_v3/developer/toolchains/gnu_arm/4.8_2013q4/bin/../lib/gcc/arm-none-eabi/4.8.3/armv6-m/libgcc.a(_divdi3.o)
                              /Applications/SimplicityStudio_v3/developer/toolchains/gnu_arm/4.8_2013q4/bin/../lib/gcc/arm-none-eabi/4.8.3/armv6-m/libgcc.a(bpabi.o) (__divdi3)
/Applications/SimplicityStudio_v3/developer/toolchains/gnu_arm/4.8_2013q4/bin/../lib/gcc/arm-none-eabi/4.8.3/armv6-m/libgcc.a(_udivdi3.o)
                              /Applications/SimplicityStudio_v3/developer/toolchains/gnu_arm/4.8_2013q4/bin/../lib/gcc/arm-none-eabi/4.8.3/armv6-m/libgcc.a(bpabi.o) (__udivdi3)
/Applications/SimplicityStudio_v3/developer/toolchains/gnu_arm/4.8_2013q4/bin/../lib/gcc/arm-none-eabi/4.8.3/armv6-m/libgcc.a(_clzsi2.o)
                              /Applications/SimplicityStudio_v3/developer/toolchains/gnu_arm/4.8_2013q4/bin/../lib/gcc/arm-none-eabi/4.8.3/armv6-m/libgcc.a(_divdi3.o) (__clzsi2)
/Applications/SimplicityStudio_v3/developer/toolchains/gnu_arm/4.8_2013q4/bin/../lib/gcc/arm-none-eabi/4.8.3/../../../../arm-none-eabi/lib/armv6-m/libc_s.a(lib_a-ctype_.o)
                              ./Drivers/textdisplay.o (__ctype_ptr__)
/Applications/SimplicityStudio_v3/developer/toolchains/gnu_arm/4.8_2013q4/bin/../lib/gcc/arm-none-eabi/4.8.3/../../../../arm-none-eabi/lib/armv6-m/libc_s.a(lib_a-exit.o)
                              /Applications/SimplicityStudio_v3/developer/toolchains/gnu_arm/4.8_2013q4/bin/../lib/gcc/arm-none-eabi/4.8.3/../../../../arm-none-eabi/lib/armv6-m/crt0.o (exit)
/Applications/SimplicityStudio_v3/developer/toolchains/gnu_arm/4.8_2013q4/bin/../lib/gcc/arm-none-eabi/4.8.3/../../../../arm-none-eabi/lib/armv6-m/libc_s.a(lib_a-fileno.o)
                              ./Drivers/retargetio.o (fileno)
/Applications/SimplicityStudio_v3/developer/toolchains/gnu_arm/4.8_2013q4/bin/../lib/gcc/arm-none-eabi/4.8.3/../../../../arm-none-eabi/lib/armv6-m/libc_s.a(lib_a-findfp.o)
                              /Applications/SimplicityStudio_v3/developer/toolchains/gnu_arm/4.8_2013q4/bin/../lib/gcc/arm-none-eabi/4.8.3/../../../../arm-none-eabi/lib/armv6-m/libc_s.a(lib_a-fileno.o) (__sinit)
/Applications/SimplicityStudio_v3/developer/toolchains/gnu_arm/4.8_2013q4/bin/../lib/gcc/arm-none-eabi/4.8.3/../../../../arm-none-eabi/lib/armv6-m/libc_s.a(lib_a-fwalk.o)
                              /Applications/SimplicityStudio_v3/developer/toolchains/gnu_arm/4.8_2013q4/bin/../lib/gcc/arm-none-eabi/4.8.3/../../../../arm-none-eabi/lib/armv6-m/libc_s.a(lib_a-findfp.o) (_fwalk)
/Applications/SimplicityStudio_v3/developer/toolchains/gnu_arm/4.8_2013q4/bin/../lib/gcc/arm-none-eabi/4.8.3/../../../../arm-none-eabi/lib/armv6-m/libc_s.a(lib_a-impure.o)
                              /Applications/SimplicityStudio_v3/developer/toolchains/gnu_arm/4.8_2013q4/bin/../lib/gcc/arm-none-eabi/4.8.3/../../../../arm-none-eabi/lib/armv6-m/libc_s.a(lib_a-exit.o) (_global_impure_ptr)
/Applications/SimplicityStudio_v3/developer/toolchains/gnu_arm/4.8_2013q4/bin/../lib/gcc/arm-none-eabi/4.8.3/../../../../arm-none-eabi/lib/armv6-m/libc_s.a(lib_a-init.o)
                              /Applications/SimplicityStudio_v3/developer/toolchains/gnu_arm/4.8_2013q4/bin/../lib/gcc/arm-none-eabi/4.8.3/../../../../arm-none-eabi/lib/armv6-m/crt0.o (__libc_init_array)
[...]
Memory Configuration

Name             Origin             Length             Attributes
FLASH            0x0000000000000000 0x0000000000010000 xr
RAM              0x0000000020000000 0x0000000000002000 xrw
*default*        0x0000000000000000 0xffffffffffffffff

Linker script and memory map

LOAD /Applications/SimplicityStudio_v3/developer/toolchains/gnu_arm/4.8_2013q4/bin/../lib/gcc/arm-none-eabi/4.8.3/armv6-m/crti.o
LOAD /Applications/SimplicityStudio_v3/developer/toolchains/gnu_arm/4.8_2013q4/bin/../lib/gcc/arm-none-eabi/4.8.3/armv6-m/crtbegin.o
LOAD /Applications/SimplicityStudio_v3/developer/toolchains/gnu_arm/4.8_2013q4/bin/../lib/gcc/arm-none-eabi/4.8.3/../../../../arm-none-eabi/lib/armv6-m/crt0.o
LOAD ./src/Displaymodule.o
LOAD ./src/Klok.o
LOAD ./src/Main.o
LOAD ./src/Relais.o
LOAD ./src/Watchdog.o
LOAD ./emlib/em_assert.o
LOAD ./emlib/em_cmu.o
LOAD ./emlib/em_ebi.o
LOAD ./emlib/em_emu.o
LOAD ./emlib/em_gpio.o
LOAD ./emlib/em_int.o
LOAD ./emlib/em_leuart.o
LOAD ./emlib/em_prs.o
LOAD ./emlib/em_rtc.o
LOAD ./emlib/em_system.o
LOAD ./emlib/em_usart.o
LOAD ./Graphics/dmd_display.o
LOAD ./Graphics/glib.o
LOAD ./Graphics/glib_bitmap.o
LOAD ./Graphics/glib_circle.o
LOAD ./Graphics/glib_font_narrow_6x8.o
LOAD ./Graphics/glib_font_normal_8x8.o
LOAD ./Graphics/glib_font_number_16x20.o
LOAD ./Graphics/glib_line.o
LOAD ./Graphics/glib_rectangle.o
LOAD ./Graphics/glib_string.o
LOAD ./Drivers/display.o
LOAD ./Drivers/displayls013b7dh03.o
LOAD ./Drivers/displaypalemlib.o
LOAD ./Drivers/retargetio.o
LOAD ./Drivers/retargettextdisplay.o
LOAD ./Drivers/textdisplay.o
LOAD ./Drivers/udelay.o
LOAD ./CMSIS/efm32hg/startup_gcc_efm32hg.o
LOAD ./CMSIS/efm32hg/system_efm32hg.o
LOAD ./BSP/bsp_bcc.o
LOAD ./BSP/bsp_stk.o
LOAD ./BSP/bsp_stk_leds.o
LOAD ./BSP/bsp_trace.o
START GROUP
LOAD /Applications/SimplicityStudio_v3/developer/toolchains/gnu_arm/4.8_2013q4/bin/../lib/gcc/arm-none-eabi/4.8.3/armv6-m/libgcc.a
LOAD /Applications/SimplicityStudio_v3/developer/toolchains/gnu_arm/4.8_2013q4/bin/../lib/gcc/arm-none-eabi/4.8.3/../../../../arm-none-eabi/lib/armv6-m/libc_s.a
LOAD /Applications/SimplicityStudio_v3/developer/toolchains/gnu_arm/4.8_2013q4/bin/../lib/gcc/arm-none-eabi/4.8.3/../../../../arm-none-eabi/lib/armv6-m/libnosys.a
END GROUP
START GROUP
LOAD /Applications/SimplicityStudio_v3/developer/toolchains/gnu_arm/4.8_2013q4/bin/../lib/gcc/arm-none-eabi/4.8.3/armv6-m/libgcc.a
LOAD /Applications/SimplicityStudio_v3/developer/toolchains/gnu_arm/4.8_2013q4/bin/../lib/gcc/arm-none-eabi/4.8.3/../../../../arm-none-eabi/lib/armv6-m/libg_s.a
LOAD /Applications/SimplicityStudio_v3/developer/toolchains/gnu_arm/4.8_2013q4/bin/../lib/gcc/arm-none-eabi/4.8.3/../../../../arm-none-eabi/lib/armv6-m/libc_s.a
END GROUP
START GROUP
LOAD /Applications/SimplicityStudio_v3/developer/toolchains/gnu_arm/4.8_2013q4/bin/../lib/gcc/arm-none-eabi/4.8.3/armv6-m/libgcc.a
LOAD /Applications/SimplicityStudio_v3/developer/toolchains/gnu_arm/4.8_2013q4/bin/../lib/gcc/arm-none-eabi/4.8.3/../../../../arm-none-eabi/lib/armv6-m/libc_s.a
END GROUP
LOAD /Applications/SimplicityStudio_v3/developer/toolchains/gnu_arm/4.8_2013q4/bin/../lib/gcc/arm-none-eabi/4.8.3/armv6-m/crtend.o
LOAD /Applications/SimplicityStudio_v3/developer/toolchains/gnu_arm/4.8_2013q4/bin/../lib/gcc/arm-none-eabi/4.8.3/armv6-m/crtn.o

.text           0x0000000000000000     0x4924
 *(.vectors)
 .vectors       0x0000000000000000       0x94 ./CMSIS/efm32hg/startup_gcc_efm32hg.o
                0x0000000000000000                __Vectors
                0x0000000000000094                __Vectors_End = .
                0x0000000000000094                __Vectors_Size = (__Vectors_End - __Vectors)
                0x0000000000000094                __end__ = .
 *(.text*)
 .text          0x0000000000000094       0x60 /Applications/SimplicityStudio_v3/developer/toolchains/gnu_arm/4.8_2013q4/bin/../lib/gcc/arm-none-eabi/4.8.3/armv6-m/crtbegin.o
 .text          0x00000000000000f4       0x78 /Applications/SimplicityStudio_v3/developer/toolchains/gnu_arm/4.8_2013q4/bin/../lib/gcc/arm-none-eabi/4.8.3/../../../../arm-none-eabi/lib/armv6-m/crt0.o
                0x00000000000000f4                _mainCRTStartup
                0x00000000000000f4                _start
 .text.changeDisplayMode
                0x000000000000016c       0x24 ./src/Displaymodule.o
                0x000000000000016c                changeDisplayMode
 .text.getDisplayMode
                0x0000000000000190        0xc ./src/Displaymodule.o
                0x0000000000000190                getDisplayMode
 .text.initDisplay
                0x000000000000019c       0x2c ./src/Displaymodule.o
                0x000000000000019c                initDisplay
 .text.clockUpdateDisplay
                0x00000000000001c8       0x70 ./src/Displaymodule.o
                0x00000000000001c8                clockUpdateDisplay
 .text.printString
                0x0000000000000238       0x5c ./src/Displaymodule.o
                0x0000000000000238                printString
 .text.printStatus
                0x0000000000000294       0x80 ./src/Displaymodule.o
                0x0000000000000294                printStatus
 .text.clearDisplay
                0x0000000000000314       0x1c ./src/Displaymodule.o
                0x0000000000000314                clearDisplay
 .text.updateKlok
                0x0000000000000330       0x48 ./src/Klok.o
                0x0000000000000330                updateKlok
 .text.getUren  0x0000000000000378        0xc ./src/Klok.o
                0x0000000000000378                getUren
 .text.getMinuten
                0x0000000000000384        0xc ./src/Klok.o
                0x0000000000000384                getMinuten
 .text.getSeconden
                0x0000000000000390        0xc ./src/Klok.o
                0x0000000000000390                getSeconden
 .text.setKlok  0x000000000000039c       0x1c ./src/Klok.o
                0x000000000000039c                setKlok
 .text.SysTick_Handler
                0x00000000000003b8       0x14 ./src/Main.o
                0x00000000000003b8                SysTick_Handler
 .text.GPIO_EVEN_IRQHandler
                0x00000000000003cc       0x38 ./src/Main.o
                0x00000000000003cc                GPIO_EVEN_IRQHandler
 .text.GPIO_ODD_IRQHandler
                0x0000000000000404       0x38 ./src/Main.o
                0x0000000000000404                GPIO_ODD_IRQHandler
 .text.startup.main
                0x000000000000043c      0x188 ./src/Main.o
                0x000000000000043c                main
 .text.CMU_ClockDivGet
                0x00000000000005c4       0x68 ./emlib/em_cmu.o
                0x00000000000005c4                CMU_ClockDivGet
 .text.CMU_ClockDivSet
                0x000000000000062c      0x1a0 ./emlib/em_cmu.o
                0x000000000000062c                CMU_ClockDivSet
 .text.CMU_ClockEnable
                0x00000000000007cc       0x88 ./emlib/em_cmu.o
                0x00000000000007cc                CMU_ClockEnable
 .text.CMU_ClockSelectGet
                0x0000000000000854       0xe8 ./emlib/em_cmu.o
                0x0000000000000854                CMU_ClockSelectGet
 .text.CMU_ClockFreqGet
                0x000000000000093c      0x258 ./emlib/em_cmu.o
                0x000000000000093c                CMU_ClockFreqGet
 .text.CMU_ClockSelectSet
                0x0000000000000b94      0x258 ./emlib/em_cmu.o
                0x0000000000000b94                CMU_ClockSelectSet
 .text.CMU_OscillatorEnable
                0x0000000000000dec       0x78 ./emlib/em_cmu.o
                0x0000000000000dec                CMU_OscillatorEnable
 .text.EMU_UpdateOscConfig
                0x0000000000000e64       0x14 ./emlib/em_emu.o
                0x0000000000000e64                EMU_UpdateOscConfig
 .text.GPIO_IntConfig
                0x0000000000000e78       0xb0 ./emlib/em_gpio.o
                0x0000000000000e78                GPIO_IntConfig
 .text.GPIO_PinModeSet
                0x0000000000000f28       0xbc ./emlib/em_gpio.o
                0x0000000000000f28                GPIO_PinModeSet
 .text.PRS_SourceAsyncSignalSet
                0x0000000000000fe4       0x20 ./emlib/em_prs.o
                0x0000000000000fe4                PRS_SourceAsyncSignalSet
 .text.RTC_CompareSet
                0x0000000000001004       0x1c ./emlib/em_rtc.o
                0x0000000000001004                RTC_CompareSet
 .text.RTC_Enable
                0x0000000000001020       0x14 ./emlib/em_rtc.o
                0x0000000000001020                RTC_Enable
 .text.RTC_FreezeEnable
                0x0000000000001034       0x18 ./emlib/em_rtc.o
                0x0000000000001034                RTC_FreezeEnable
 .text.RTC_Init
                0x000000000000104c       0x20 ./emlib/em_rtc.o
                0x000000000000104c                RTC_Init
 .text.RTC_CounterReset
                0x000000000000106c       0x18 ./emlib/em_rtc.o
                0x000000000000106c                RTC_CounterReset
 .text.USART_InitSync
                0x0000000000001084       0xd0 ./emlib/em_usart.o
                0x0000000000001084                USART_InitSync
 .text.USART_Tx
                0x0000000000001154        0xc ./emlib/em_usart.o
                0x0000000000001154                USART_Tx
 .text.USART_TxDouble
                0x0000000000001160        0xc ./emlib/em_usart.o
                0x0000000000001160                USART_TxDouble
 .text.DMD_getDisplayGeometry
                0x000000000000116c       0x1c ./Graphics/dmd_display.o
                0x000000000000116c                DMD_getDisplayGeometry
 .text.DMD_setClippingArea
                0x0000000000001188       0x48 ./Graphics/dmd_display.o
                0x0000000000001188                DMD_setClippingArea
 .text.DMD_writeColor
                0x00000000000011d0      0x194 ./Graphics/dmd_display.o
                0x00000000000011d0                DMD_writeColor
 .text.DMD_init
                0x0000000000001364       0xa0 ./Graphics/dmd_display.o
                0x0000000000001364                DMD_init
 .text.DMD_updateDisplay
                0x0000000000001404       0xd0 ./Graphics/dmd_display.o
                0x0000000000001404                DMD_updateDisplay
 .text.GLIB_contextInit
                0x00000000000014d4       0x8c ./Graphics/glib.o
                0x00000000000014d4                GLIB_contextInit
 .text.GLIB_clear
                0x0000000000001560       0x44 ./Graphics/glib.o
                0x0000000000001560                GLIB_clear
 .text.GLIB_drawPixel
                0x00000000000015a4       0x3c ./Graphics/glib.o
                0x00000000000015a4                GLIB_drawPixel
 .text.GLIB_drawPixelColor
                0x00000000000015e0       0x3c ./Graphics/glib.o
                0x00000000000015e0                GLIB_drawPixelColor
 .text.GLIB_rectContainsPoint
                0x000000000000161c       0x2c ./Graphics/glib_rectangle.o
                0x000000000000161c                GLIB_rectContainsPoint
 .text.GLIB_drawString
                0x0000000000001648      0x244 ./Graphics/glib_string.o
                0x0000000000001648                GLIB_drawString
 .text.GLIB_setFont
                0x000000000000188c       0x24 ./Graphics/glib_string.o
                0x000000000000188c                GLIB_setFont
 .text.DISPLAY_Init
                0x00000000000018b0       0x38 ./Drivers/display.o
                0x00000000000018b0                DISPLAY_Init
 .text.DISPLAY_DeviceGet
                0x00000000000018e8       0x3c ./Drivers/display.o
                0x00000000000018e8                DISPLAY_DeviceGet
 .text.DISPLAY_DeviceRegister
                0x0000000000001924       0x48 ./Drivers/display.o
                0x0000000000001924                DISPLAY_DeviceRegister
 .text.PixelMatrixAllocate
                0x000000000000196c       0x3c ./Drivers/displayls013b7dh03.o
 .text.PixelMatrixFree
                0x00000000000019a8        0x8 ./Drivers/displayls013b7dh03.o
 .text.DriverRefresh
                0x00000000000019b0       0x10 ./Drivers/displayls013b7dh03.o
 .text.PixelMatrixClear
                0x00000000000019c0       0x24 ./Drivers/displayls013b7dh03.o
 .text.PixelMatrixDraw
                0x00000000000019e4       0x94 ./Drivers/displayls013b7dh03.o
 .text.DisplayEnable
                0x0000000000001a78       0x1c ./Drivers/displayls013b7dh03.o
 .text.DISPLAY_Ls013b7dh03Init
                0x0000000000001a94       0xf0 ./Drivers/displayls013b7dh03.o
                0x0000000000001a94                DISPLAY_Ls013b7dh03Init
 .text.PAL_SpiInit
                0x0000000000001b84       0x40 ./Drivers/displaypalemlib.o
                0x0000000000001b84                PAL_SpiInit
 .text.PAL_SpiTransmit
                0x0000000000001bc4       0x44 ./Drivers/displaypalemlib.o
                0x0000000000001bc4                PAL_SpiTransmit
 .text.PAL_TimerInit
                0x0000000000001c08        0xc ./Drivers/displaypalemlib.o
                0x0000000000001c08                PAL_TimerInit
 .text.PAL_TimerMicroSecondsDelay
                0x0000000000001c14        0xc ./Drivers/displaypalemlib.o
                0x0000000000001c14                PAL_TimerMicroSecondsDelay
 .text.PAL_GpioInit
                0x0000000000001c20       0x14 ./Drivers/displaypalemlib.o
                0x0000000000001c20                PAL_GpioInit
 .text.PAL_GpioPinModeSet
                0x0000000000001c34       0x1c ./Drivers/displaypalemlib.o
                0x0000000000001c34                PAL_GpioPinModeSet
 .text.PAL_GpioPinOutSet
                0x0000000000001c50       0x20 ./Drivers/displaypalemlib.o
                0x0000000000001c50                PAL_GpioPinOutSet
 .text.PAL_GpioPinOutClear
                0x0000000000001c70       0x20 ./Drivers/displaypalemlib.o
                0x0000000000001c70                PAL_GpioPinOutClear
 .text.PAL_GpioPinAutoToggle
                0x0000000000001c90       0xd0 ./Drivers/displaypalemlib.o
                0x0000000000001c90                PAL_GpioPinAutoToggle
 .text._close   0x0000000000001d60        0x4 ./Drivers/retargetio.o
                0x0000000000001d60                _close
 .text._exit    0x0000000000001d64        0x4 ./Drivers/retargetio.o
                0x0000000000001d64                _exit
 .text._lseek   0x0000000000001d68        0x4 ./Drivers/retargetio.o
                0x0000000000001d68                _lseek
 .text._read    0x0000000000001d6c       0x30 ./Drivers/retargetio.o
                0x0000000000001d6c                _read
 .text._sbrk    0x0000000000001d9c       0x54 ./Drivers/retargetio.o
                0x0000000000001d9c                _sbrk
 .text._write   0x0000000000001df0       0x1c ./Drivers/retargetio.o
                0x0000000000001df0                _write
 .text.RETARGET_ReadChar
                0x0000000000001e0c        0x8 ./Drivers/retargettextdisplay.o
                0x0000000000001e0c                RETARGET_ReadChar
 .text.RETARGET_WriteChar
                0x0000000000001e14       0x20 ./Drivers/retargettextdisplay.o
                0x0000000000001e14                RETARGET_WriteChar
 .text.TextdisplayLineDraw
                0x0000000000001e34      0x2bc ./Drivers/textdisplay.o
 .text.TextdisplayUpdate
                0x00000000000020f0       0xb8 ./Drivers/textdisplay.o
 .text.TextdisplayCharAdd
                0x00000000000021a8      0x2f4 ./Drivers/textdisplay.o
 .text.TEXTDISPLAY_WriteChar
                0x000000000000249c      0x398 ./Drivers/textdisplay.o
                0x000000000000249c                TEXTDISPLAY_WriteChar
 .text.UDELAY_Calibrate
                0x0000000000002834      0x1f8 ./Drivers/udelay.o
                0x0000000000002834                UDELAY_Calibrate
 .text.UDELAY_Delay
                0x0000000000002a2c       0x28 ./Drivers/udelay.o
                0x0000000000002a2c                UDELAY_Delay
 .text          0x0000000000002a54       0x30 ./CMSIS/efm32hg/startup_gcc_efm32hg.o
                0x0000000000002a54                Reset_Handler
                0x0000000000002a80                USART0_TX_IRQHandler
                0x0000000000002a80                I2C0_IRQHandler
                0x0000000000002a80                HardFault_Handler
                0x0000000000002a80                USART1_RX_IRQHandler
                0x0000000000002a80                PendSV_Handler
                0x0000000000002a80                NMI_Handler
                0x0000000000002a80                USART1_TX_IRQHandler
                0x0000000000002a80                MSC_IRQHandler
                0x0000000000002a80                ADC0_IRQHandler
                0x0000000000002a80                LEUART0_IRQHandler
                0x0000000000002a80                RTC_IRQHandler
                0x0000000000002a80                TIMER0_IRQHandler
                0x0000000000002a80                TIMER1_IRQHandler
                0x0000000000002a80                Default_Handler
                0x0000000000002a80                PCNT0_IRQHandler
                0x0000000000002a80                USB_IRQHandler
                0x0000000000002a80                ACMP0_IRQHandler
                0x0000000000002a80                USART0_RX_IRQHandler
                0x0000000000002a80                SVC_Handler
                0x0000000000002a80                CMU_IRQHandler
                0x0000000000002a80                AES_IRQHandler
                0x0000000000002a80                VCMP_IRQHandler
                0x0000000000002a80                TIMER2_IRQHandler
                0x0000000000002a80                DMA_IRQHandler
 .text.SystemCoreClockGet
                0x0000000000002a84       0xc4 ./CMSIS/efm32hg/system_efm32hg.o
                0x0000000000002a84                SystemCoreClockGet
 .text.SystemMaxCoreClockGet
                0x0000000000002b48        0x8 ./CMSIS/efm32hg/system_efm32hg.o
                0x0000000000002b48                SystemMaxCoreClockGet
 .text.SystemHFClockGet
                0x0000000000002b50       0xb0 ./CMSIS/efm32hg/system_efm32hg.o
                0x0000000000002b50                SystemHFClockGet
 .text.SystemInit
                0x0000000000002c00        0x4 ./CMSIS/efm32hg/system_efm32hg.o
                0x0000000000002c00                SystemInit
 .text.SystemLFRCOClockGet
                0x0000000000002c04        0x8 ./CMSIS/efm32hg/system_efm32hg.o
                0x0000000000002c04                SystemLFRCOClockGet
 .text.SystemULFRCOClockGet
                0x0000000000002c0c        0x8 ./CMSIS/efm32hg/system_efm32hg.o
                0x0000000000002c0c                SystemULFRCOClockGet
 .text.SystemLFXOClockGet
                0x0000000000002c14        0xc ./CMSIS/efm32hg/system_efm32hg.o
                0x0000000000002c14                SystemLFXOClockGet
 .text          0x0000000000002c20       0x9c /Applications/SimplicityStudio_v3/developer/toolchains/gnu_arm/4.8_2013q4/bin/../lib/gcc/arm-none-eabi/4.8.3/armv6-m/libgcc.a(_udivsi3.o)
                0x0000000000002c20                __udivsi3
                0x0000000000002c20                __aeabi_uidiv
                0x0000000000002ca8                __aeabi_uidivmod
 .text          0x0000000000002cbc        0x4 /Applications/SimplicityStudio_v3/developer/toolchains/gnu_arm/4.8_2013q4/bin/../lib/gcc/arm-none-eabi/4.8.3/armv6-m/libgcc.a(_dvmd_tls.o)
                0x0000000000002cbc                __aeabi_ldiv0
                0x0000000000002cbc                __aeabi_idiv0
 .text.exit     0x0000000000002cc0       0x2c /Applications/SimplicityStudio_v3/developer/toolchains/gnu_arm/4.8_2013q4/bin/../lib/gcc/arm-none-eabi/4.8.3/../../../../arm-none-eabi/lib/armv6-m/libc_s.a(lib_a-exit.o)
                0x0000000000002cc0                exit
 .text.fileno   0x0000000000002cec       0x60 /Applications/SimplicityStudio_v3/developer/toolchains/gnu_arm/4.8_2013q4/bin/../lib/gcc/arm-none-eabi/4.8.3/../../../../arm-none-eabi/lib/armv6-m/libc_s.a(lib_a-fileno.o)
                0x0000000000002cec                fileno
 .text._cleanup_r
                0x0000000000002d4c       0x34 /Applications/SimplicityStudio_v3/developer/toolchains/gnu_arm/4.8_2013q4/bin/../lib/gcc/arm-none-eabi/4.8.3/../../../../arm-none-eabi/lib/armv6-m/libc_s.a(lib_a-findfp.o)
                0x0000000000002d4c                _cleanup_r
 .text.std.isra.0
                0x0000000000002d80       0x48 /Applications/SimplicityStudio_v3/developer/toolchains/gnu_arm/4.8_2013q4/bin/../lib/gcc/arm-none-eabi/4.8.3/../../../../arm-none-eabi/lib/armv6-m/libc_s.a(lib_a-findfp.o)
 .text.__sfmoreglue
                0x0000000000002dc8       0x2c /Applications/SimplicityStudio_v3/developer/toolchains/gnu_arm/4.8_2013q4/bin/../lib/gcc/arm-none-eabi/4.8.3/../../../../arm-none-eabi/lib/armv6-m/libc_s.a(lib_a-findfp.o)
                0x0000000000002dc8                __sfmoreglue
 .text.__sinit  0x0000000000002df4       0x64 /Applications/SimplicityStudio_v3/developer/toolchains/gnu_arm/4.8_2013q4/bin/../lib/gcc/arm-none-eabi/4.8.3/../../../../arm-none-eabi/lib/armv6-m/libc_s.a(lib_a-findfp.o)
                0x0000000000002df4                __sinit
 .text.__sfp    0x0000000000002e58       0x7c /Applications/SimplicityStudio_v3/developer/toolchains/gnu_arm/4.8_2013q4/bin/../lib/gcc/arm-none-eabi/4.8.3/../../../../arm-none-eabi/lib/armv6-m/libc_s.a(lib_a-findfp.o)
                0x0000000000002e58                __sfp
 .text.__libc_init_array
                0x0000000000002ed4       0x4c /Applications/SimplicityStudio_v3/developer/toolchains/gnu_arm/4.8_2013q4/bin/../lib/gcc/arm-none-eabi/4.8.3/../../../../arm-none-eabi/lib/armv6-m/libc_s.a(lib_a-init.o)
                0x0000000000002ed4                __libc_init_array
 .text.memcpy   0x0000000000002f20       0x12 /Applications/SimplicityStudio_v3/developer/toolchains/gnu_arm/4.8_2013q4/bin/../lib/gcc/arm-none-eabi/4.8.3/../../../../arm-none-eabi/lib/armv6-m/libc_s.a(lib_a-memcpy-stub.o)
                0x0000000000002f20                memcpy
 .text.memset   0x0000000000002f32       0x10 /Applications/SimplicityStudio_v3/developer/toolchains/gnu_arm/4.8_2013q4/bin/../lib/gcc/arm-none-eabi/4.8.3/../../../../arm-none-eabi/lib/armv6-m/libc_s.a(lib_a-memset.o)
                0x0000000000002f32                memset
 *fill*         0x0000000000002f42        0x2 
 .text._malloc_r
                0x0000000000002f44       0xa8 /Applications/SimplicityStudio_v3/developer/toolchains/gnu_arm/4.8_2013q4/bin/../lib/gcc/arm-none-eabi/4.8.3/../../../../arm-none-eabi/lib/armv6-m/libc_s.a(lib_a-nano-mallocr.o)
                0x0000000000002f44                _malloc_r
 .text._sbrk_r  0x0000000000002fec       0x24 /Applications/SimplicityStudio_v3/developer/toolchains/gnu_arm/4.8_2013q4/bin/../lib/gcc/arm-none-eabi/4.8.3/../../../../arm-none-eabi/lib/armv6-m/libc_s.a(lib_a-sbrkr.o)
                0x0000000000002fec                _sbrk_r
 .text.sprintf  0x0000000000003010       0x44 /Applications/SimplicityStudio_v3/developer/toolchains/gnu_arm/4.8_2013q4/bin/../lib/gcc/arm-none-eabi/4.8.3/../../../../arm-none-eabi/lib/armv6-m/libc_s.a(lib_a-sprintf.o)
                0x0000000000003010                sprintf
                0x0000000000003010                siprintf
 .text.__sread  0x0000000000003054       0x28 /Applications/SimplicityStudio_v3/developer/toolchains/gnu_arm/4.8_2013q4/bin/../lib/gcc/arm-none-eabi/4.8.3/../../../../arm-none-eabi/lib/armv6-m/libc_s.a(lib_a-stdio.o)
                0x0000000000003054                __sread
 .text.__swrite
                0x000000000000307c       0x38 /Applications/SimplicityStudio_v3/developer/toolchains/gnu_arm/4.8_2013q4/bin/../lib/gcc/arm-none-eabi/4.8.3/../../../../arm-none-eabi/lib/armv6-m/libc_s.a(lib_a-stdio.o)
                0x000000000000307c                __swrite
 .text.__sseek  0x00000000000030b4       0x2c /Applications/SimplicityStudio_v3/developer/toolchains/gnu_arm/4.8_2013q4/bin/../lib/gcc/arm-none-eabi/4.8.3/../../../../arm-none-eabi/lib/armv6-m/libc_s.a(lib_a-stdio.o)
                0x00000000000030b4                __sseek
 .text.__sclose
                0x00000000000030e0        0xc /Applications/SimplicityStudio_v3/developer/toolchains/gnu_arm/4.8_2013q4/bin/../lib/gcc/arm-none-eabi/4.8.3/../../../../arm-none-eabi/lib/armv6-m/libc_s.a(lib_a-stdio.o)
                0x00000000000030e0                __sclose
 .text.strlen   0x00000000000030ec        0xe /Applications/SimplicityStudio_v3/developer/toolchains/gnu_arm/4.8_2013q4/bin/../lib/gcc/arm-none-eabi/4.8.3/../../../../arm-none-eabi/lib/armv6-m/libc_s.a(lib_a-strlen.o)
                0x00000000000030ec                strlen
 .text.strncmp  0x00000000000030fa       0x2c /Applications/SimplicityStudio_v3/developer/toolchains/gnu_arm/4.8_2013q4/bin/../lib/gcc/arm-none-eabi/4.8.3/../../../../arm-none-eabi/lib/armv6-m/libc_s.a(lib_a-strncmp.o)
                0x00000000000030fa                strncmp
 *fill*         0x0000000000003126        0x2 
 .text.__ssputs_r
                0x0000000000003128       0xc0 /Applications/SimplicityStudio_v3/developer/toolchains/gnu_arm/4.8_2013q4/bin/../lib/gcc/arm-none-eabi/4.8.3/../../../../arm-none-eabi/lib/armv6-m/libc_s.a(lib_a-svfprintf.o)
                0x0000000000003128                __ssputs_r
 .text._svfprintf_r
                0x00000000000031e8      0x1e0 /Applications/SimplicityStudio_v3/developer/toolchains/gnu_arm/4.8_2013q4/bin/../lib/gcc/arm-none-eabi/4.8.3/../../../../arm-none-eabi/lib/armv6-m/libc_s.a(lib_a-svfprintf.o)
                0x00000000000031e8                _svfprintf_r
                0x00000000000031e8                _svfiprintf_r
 .text._printf_common
                0x00000000000033c8       0xe8 /Applications/SimplicityStudio_v3/developer/toolchains/gnu_arm/4.8_2013q4/bin/../lib/gcc/arm-none-eabi/4.8.3/../../../../arm-none-eabi/lib/armv6-m/libc_s.a(lib_a-vfprintf_i.o)
                0x00000000000033c8                _printf_common
 .text._printf_i
                0x00000000000034b0      0x22c /Applications/SimplicityStudio_v3/developer/toolchains/gnu_arm/4.8_2013q4/bin/../lib/gcc/arm-none-eabi/4.8.3/../../../../arm-none-eabi/lib/armv6-m/libc_s.a(lib_a-vfprintf_i.o)
                0x00000000000034b0                _printf_i
 .text._write_r
                0x00000000000036dc       0x28 /Applications/SimplicityStudio_v3/developer/toolchains/gnu_arm/4.8_2013q4/bin/../lib/gcc/arm-none-eabi/4.8.3/../../../../arm-none-eabi/lib/armv6-m/libc_s.a(lib_a-writer.o)
                0x00000000000036dc                _write_r
 .text._close_r
                0x0000000000003704       0x24 /Applications/SimplicityStudio_v3/developer/toolchains/gnu_arm/4.8_2013q4/bin/../lib/gcc/arm-none-eabi/4.8.3/../../../../arm-none-eabi/lib/armv6-m/libc_s.a(lib_a-closer.o)
                0x0000000000003704                _close_r
 .text.__sflush_r
                0x0000000000003728      0x112 /Applications/SimplicityStudio_v3/developer/toolchains/gnu_arm/4.8_2013q4/bin/../lib/gcc/arm-none-eabi/4.8.3/../../../../arm-none-eabi/lib/armv6-m/libc_s.a(lib_a-fflush.o)
                0x0000000000003728                __sflush_r
 *fill*         0x000000000000383a        0x2 
 .text._fflush_r
                0x000000000000383c       0x58 /Applications/SimplicityStudio_v3/developer/toolchains/gnu_arm/4.8_2013q4/bin/../lib/gcc/arm-none-eabi/4.8.3/../../../../arm-none-eabi/lib/armv6-m/libc_s.a(lib_a-fflush.o)
                0x000000000000383c                _fflush_r
 .text._lseek_r
                0x0000000000003894       0x28 /Applications/SimplicityStudio_v3/developer/toolchains/gnu_arm/4.8_2013q4/bin/../lib/gcc/arm-none-eabi/4.8.3/../../../../arm-none-eabi/lib/armv6-m/libc_s.a(lib_a-lseekr.o)
                0x0000000000003894                _lseek_r
 .text.memchr   0x00000000000038bc       0x16 /Applications/SimplicityStudio_v3/developer/toolchains/gnu_arm/4.8_2013q4/bin/../lib/gcc/arm-none-eabi/4.8.3/../../../../arm-none-eabi/lib/armv6-m/libc_s.a(lib_a-memchr-stub.o)
                0x00000000000038bc                memchr
 .text.memmove  0x00000000000038d2       0x32 /Applications/SimplicityStudio_v3/developer/toolchains/gnu_arm/4.8_2013q4/bin/../lib/gcc/arm-none-eabi/4.8.3/../../../../arm-none-eabi/lib/armv6-m/libc_s.a(lib_a-memmove.o)
                0x00000000000038d2                memmove
 .text._free_r  0x0000000000003904       0x90 /Applications/SimplicityStudio_v3/developer/toolchains/gnu_arm/4.8_2013q4/bin/../lib/gcc/arm-none-eabi/4.8.3/../../../../arm-none-eabi/lib/armv6-m/libc_s.a(lib_a-nano-freer.o)
                0x0000000000003904                _free_r
 .text._realloc_r
                0x0000000000003994       0x4c /Applications/SimplicityStudio_v3/developer/toolchains/gnu_arm/4.8_2013q4/bin/../lib/gcc/arm-none-eabi/4.8.3/../../../../arm-none-eabi/lib/armv6-m/libc_s.a(lib_a-nano-reallocr.o)
                0x0000000000003994                _realloc_r
 .text._read_r  0x00000000000039e0       0x28 /Applications/SimplicityStudio_v3/developer/toolchains/gnu_arm/4.8_2013q4/bin/../lib/gcc/arm-none-eabi/4.8.3/../../../../arm-none-eabi/lib/armv6-m/libc_s.a(lib_a-readr.o)
                0x00000000000039e0                _read_r
 .text._malloc_usable_size_r
                0x0000000000003a08       0x12 /Applications/SimplicityStudio_v3/developer/toolchains/gnu_arm/4.8_2013q4/bin/../lib/gcc/arm-none-eabi/4.8.3/../../../../arm-none-eabi/lib/armv6-m/libc_s.a(lib_a-nano-msizer.o)
                0x0000000000003a08                _malloc_usable_size_r
 *(.init)
 *fill*         0x0000000000003a1a        0x2 
 .init          0x0000000000003a1c        0x4 /Applications/SimplicityStudio_v3/developer/toolchains/gnu_arm/4.8_2013q4/bin/../lib/gcc/arm-none-eabi/4.8.3/armv6-m/crti.o
                0x0000000000003a1c                _init
 .init          0x0000000000003a20        0x8 /Applications/SimplicityStudio_v3/developer/toolchains/gnu_arm/4.8_2013q4/bin/../lib/gcc/arm-none-eabi/4.8.3/armv6-m/crtn.o
 *(.fini)
 .fini          0x0000000000003a28        0x4 /Applications/SimplicityStudio_v3/developer/toolchains/gnu_arm/4.8_2013q4/bin/../lib/gcc/arm-none-eabi/4.8.3/armv6-m/crti.o
                0x0000000000003a28                _fini
 .fini          0x0000000000003a2c        0x8 /Applications/SimplicityStudio_v3/developer/toolchains/gnu_arm/4.8_2013q4/bin/../lib/gcc/arm-none-eabi/4.8.3/armv6-m/crtn.o
 *crtbegin.o(.ctors)
 *crtbegin?.o(.ctors)
 *(EXCLUDE_FILE(*crtend.o *crtend?.o) .ctors)
 *(SORT(.ctors.*))
 *(.ctors)
 *crtbegin.o(.dtors)
 *crtbegin?.o(.dtors)
 *(EXCLUDE_FILE(*crtend.o *crtend?.o) .dtors)
 *(SORT(.dtors.*))
 *(.dtors)
 *(.rodata*)
 .rodata.str1.4
                0x0000000000003a34       0x2f ./src/Displaymodule.o
                                         0x30 (size before relaxing)
 *fill*         0x0000000000003a63        0x1 
 .rodata.str1.4
                0x0000000000003a64       0x15 ./src/Main.o
                                         0x18 (size before relaxing)
 *fill*         0x0000000000003a79        0x3 
 .rodata.CMU_ClockDivGet
                0x0000000000003a7c       0x24 ./emlib/em_cmu.o
 .rodata.CMU_ClockDivSet
                0x0000000000003aa0       0x24 ./emlib/em_cmu.o
 .rodata.CMU_ClockEnable
                0x0000000000003ac4       0x2c ./emlib/em_cmu.o
 .rodata.CMU_ClockSelectGet
                0x0000000000003af0       0x20 ./emlib/em_cmu.o
 .rodata.CMU_ClockSelectSet
                0x0000000000003b10       0x7c ./emlib/em_cmu.o
 .rodata.CMU_OscillatorEnable
                0x0000000000003b8c       0x18 ./emlib/em_cmu.o
 .rodata.GLIB_FontNarrow6x8
                0x0000000000003ba4       0x10 ./Graphics/glib_font_narrow_6x8.o
                0x0000000000003ba4                GLIB_FontNarrow6x8
 .rodata.GLIB_FontNarrow6x8PixMap
                0x0000000000003bb4      0x320 ./Graphics/glib_font_narrow_6x8.o
 .rodata.GLIB_FontNormal8x8
                0x0000000000003ed4       0x10 ./Graphics/glib_font_normal_8x8.o
                0x0000000000003ed4                GLIB_FontNormal8x8
 .rodata.GLIB_FontNormal8x8PixMap
                0x0000000000003ee4      0x320 ./Graphics/glib_font_normal_8x8.o
 .rodata.GLIB_FontNumber16x20
                0x0000000000004204       0x10 ./Graphics/glib_font_number_16x20.o
                0x0000000000004204                GLIB_FontNumber16x20
 .rodata.GLIB_FontNumber16x20PixMap
                0x0000000000004214      0x1e0 ./Graphics/glib_font_number_16x20.o
 .rodata.str1.4
                0x00000000000043f4       0x18 ./Drivers/displayls013b7dh03.o
 .rodata        0x000000000000440c       0x1c ./Drivers/displaypalemlib.o
 .rodata.heaperr.8602
                0x0000000000004428       0x1c ./Drivers/retargetio.o
 .rodata.escapeSequences.5216
                0x0000000000004444       0x18 ./Drivers/textdisplay.o
 .rodata.chars_6x8_bits
                0x000000000000445c      0x320 ./Drivers/textdisplay.o
 .rodata        0x000000000000477c        0x4 ./Drivers/udelay.o
 .rodata._ctype_
                0x0000000000004780      0x101 /Applications/SimplicityStudio_v3/developer/toolchains/gnu_arm/4.8_2013q4/bin/../lib/gcc/arm-none-eabi/4.8.3/../../../../arm-none-eabi/lib/armv6-m/libc_s.a(lib_a-ctype_.o)
                0x0000000000004780                _ctype_
 *fill*         0x0000000000004881        0x3 
 .rodata.__sf_fake_stdin
                0x0000000000004884       0x20 /Applications/SimplicityStudio_v3/developer/toolchains/gnu_arm/4.8_2013q4/bin/../lib/gcc/arm-none-eabi/4.8.3/../../../../arm-none-eabi/lib/armv6-m/libc_s.a(lib_a-findfp.o)
                0x0000000000004884                __sf_fake_stdin
 .rodata.__sf_fake_stdout
                0x00000000000048a4       0x20 /Applications/SimplicityStudio_v3/developer/toolchains/gnu_arm/4.8_2013q4/bin/../lib/gcc/arm-none-eabi/4.8.3/../../../../arm-none-eabi/lib/armv6-m/libc_s.a(lib_a-findfp.o)
                0x00000000000048a4                __sf_fake_stdout
 .rodata.__sf_fake_stderr
                0x00000000000048c4       0x20 /Applications/SimplicityStudio_v3/developer/toolchains/gnu_arm/4.8_2013q4/bin/../lib/gcc/arm-none-eabi/4.8.3/../../../../arm-none-eabi/lib/armv6-m/libc_s.a(lib_a-findfp.o)
                0x00000000000048c4                __sf_fake_stderr
 .rodata.str1.1
                0x00000000000048e4        0x2 /Applications/SimplicityStudio_v3/developer/toolchains/gnu_arm/4.8_2013q4/bin/../lib/gcc/arm-none-eabi/4.8.3/../../../../arm-none-eabi/lib/armv6-m/libc_s.a(lib_a-impure.o)
 *fill*         0x00000000000048e6        0x2 
 .rodata._global_impure_ptr
                0x00000000000048e8        0x4 /Applications/SimplicityStudio_v3/developer/toolchains/gnu_arm/4.8_2013q4/bin/../lib/gcc/arm-none-eabi/4.8.3/../../../../arm-none-eabi/lib/armv6-m/libc_s.a(lib_a-impure.o)
                0x00000000000048e8                _global_impure_ptr
 .rodata.str1.1
                0x00000000000048ec       0x11 /Applications/SimplicityStudio_v3/developer/toolchains/gnu_arm/4.8_2013q4/bin/../lib/gcc/arm-none-eabi/4.8.3/../../../../arm-none-eabi/lib/armv6-m/libc_s.a(lib_a-svfprintf.o)
 .rodata.str1.1
                0x00000000000048fd       0x22 /Applications/SimplicityStudio_v3/developer/toolchains/gnu_arm/4.8_2013q4/bin/../lib/gcc/arm-none-eabi/4.8.3/../../../../arm-none-eabi/lib/armv6-m/libc_s.a(lib_a-vfprintf_i.o)
 *(.eh_frame*)
 *fill*         0x000000000000491f        0x1 
 .eh_frame      0x0000000000004920        0x0 /Applications/SimplicityStudio_v3/developer/toolchains/gnu_arm/4.8_2013q4/bin/../lib/gcc/arm-none-eabi/4.8.3/armv6-m/crtbegin.o
 .eh_frame      0x0000000000004920        0x4 /Applications/SimplicityStudio_v3/developer/toolchains/gnu_arm/4.8_2013q4/bin/../lib/gcc/arm-none-eabi/4.8.3/armv6-m/crtend.o

.glue_7         0x0000000000004924        0x0
 .glue_7        0x0000000000000000        0x0 linker stubs

.glue_7t        0x0000000000004924        0x0
 .glue_7t       0x0000000000000000        0x0 linker stubs

.vfp11_veneer   0x0000000000004924        0x0
 .vfp11_veneer  0x0000000000000000        0x0 linker stubs

.v4_bx          0x0000000000004924        0x0
 .v4_bx         0x0000000000000000        0x0 linker stubs

.iplt           0x0000000000004924        0x0
 .iplt          0x0000000000000000        0x0 /Applications/SimplicityStudio_v3/developer/toolchains/gnu_arm/4.8_2013q4/bin/../lib/gcc/arm-none-eabi/4.8.3/armv6-m/crtbegin.o

.ARM.extab
 *(.ARM.extab* .gnu.linkonce.armextab.*)
                0x0000000000004924                __exidx_start = .

.ARM.exidx      0x0000000000004924        0x8
 *(.ARM.exidx* .gnu.linkonce.armexidx.*)
 .ARM.exidx     0x0000000000004924        0x8 /Applications/SimplicityStudio_v3/developer/toolchains/gnu_arm/4.8_2013q4/bin/../lib/gcc/arm-none-eabi/4.8.3/../../../../arm-none-eabi/lib/armv6-m/crt0.o
                0x000000000000492c                __exidx_end = .
                0x000000000000492c                __etext = .

.rel.dyn        0x000000000000492c        0x0
 .rel.iplt      0x0000000000000000        0x0 /Applications/SimplicityStudio_v3/developer/toolchains/gnu_arm/4.8_2013q4/bin/../lib/gcc/arm-none-eabi/4.8.3/armv6-m/crtbegin.o

.data           0x0000000020000000       0x90 load address 0x000000000000492c
                0x0000000020000000                __data_start__ = .
 *(vtable)
 *(.data*)
 .data.updateScherm
                0x0000000020000000        0x1 ./src/Main.o
                0x0000000020000000                updateScherm
 *fill*         0x0000000020000001        0x3 
 .data.pDisplayDeviceDriverInitFunctions
                0x0000000020000004        0x8 ./Drivers/display.o
 .data.pixelMatrixPool
                0x000000002000000c        0x4 ./Drivers/displayls013b7dh03.o
 .data.loops_per_jiffy
                0x0000000020000010        0x4 ./Drivers/udelay.o
                0x0000000020000010                loops_per_jiffy
 .data.SystemLFXOClock
                0x0000000020000014        0x4 ./CMSIS/efm32hg/system_efm32hg.o
 .data.SystemHFXOClock
                0x0000000020000018        0x4 ./CMSIS/efm32hg/system_efm32hg.o
 .data.__ctype_ptr__
                0x000000002000001c        0x4 /Applications/SimplicityStudio_v3/developer/toolchains/gnu_arm/4.8_2013q4/bin/../lib/gcc/arm-none-eabi/4.8.3/../../../../arm-none-eabi/lib/armv6-m/libc_s.a(lib_a-ctype_.o)
                0x000000002000001c                __ctype_ptr__
 .data.impure_data
                0x0000000020000020       0x60 /Applications/SimplicityStudio_v3/developer/toolchains/gnu_arm/4.8_2013q4/bin/../lib/gcc/arm-none-eabi/4.8.3/../../../../arm-none-eabi/lib/armv6-m/libc_s.a(lib_a-impure.o)
 .data._impure_ptr
                0x0000000020000080        0x4 /Applications/SimplicityStudio_v3/developer/toolchains/gnu_arm/4.8_2013q4/bin/../lib/gcc/arm-none-eabi/4.8.3/../../../../arm-none-eabi/lib/armv6-m/libc_s.a(lib_a-impure.o)
                0x0000000020000080                _impure_ptr
                0x0000000020000084                . = ALIGN (0x4)
 *(.ram)
                0x0000000020000084                . = ALIGN (0x4)
                0x0000000020000084                PROVIDE (__preinit_array_start, .)
 *(.preinit_array)
                0x0000000020000084                PROVIDE (__preinit_array_end, .)
                0x0000000020000084                . = ALIGN (0x4)
                0x0000000020000084                PROVIDE (__init_array_start, .)
 *(SORT(.init_array.*))
 *(.init_array)
 .init_array    0x0000000020000084        0x4 /Applications/SimplicityStudio_v3/developer/toolchains/gnu_arm/4.8_2013q4/bin/../lib/gcc/arm-none-eabi/4.8.3/armv6-m/crtbegin.o
                0x0000000020000088                PROVIDE (__init_array_end, .)
                0x0000000020000088                . = ALIGN (0x4)
                0x0000000020000088                PROVIDE (__fini_array_start, .)
 *(SORT(.fini_array.*))
 *(.fini_array)
 .fini_array    0x0000000020000088        0x4 /Applications/SimplicityStudio_v3/developer/toolchains/gnu_arm/4.8_2013q4/bin/../lib/gcc/arm-none-eabi/4.8.3/armv6-m/crtbegin.o
                0x000000002000008c                PROVIDE (__fini_array_end, .)
 *(.jcr*)
 .jcr           0x000000002000008c        0x0 /Applications/SimplicityStudio_v3/developer/toolchains/gnu_arm/4.8_2013q4/bin/../lib/gcc/arm-none-eabi/4.8.3/armv6-m/crtbegin.o
 .jcr           0x000000002000008c        0x4 /Applications/SimplicityStudio_v3/developer/toolchains/gnu_arm/4.8_2013q4/bin/../lib/gcc/arm-none-eabi/4.8.3/armv6-m/crtend.o
                0x0000000020000090                . = ALIGN (0x4)
                0x0000000020000090                __data_end__ = .

.igot.plt       0x0000000020000090        0x0 load address 0x00000000000049bc
 .igot.plt      0x0000000000000000        0x0 /Applications/SimplicityStudio_v3/developer/toolchains/gnu_arm/4.8_2013q4/bin/../lib/gcc/arm-none-eabi/4.8.3/armv6-m/crtbegin.o

.bss            0x0000000020000090      0x190 load address 0x00000000000049bc
                0x0000000020000090                . = ALIGN (0x4)
                0x0000000020000090                __bss_start__ = .
 *(.bss*)
 .bss           0x0000000020000090       0x1c /Applications/SimplicityStudio_v3/developer/toolchains/gnu_arm/4.8_2013q4/bin/../lib/gcc/arm-none-eabi/4.8.3/armv6-m/crtbegin.o
 .bss.displaymode
                0x00000000200000ac        0x1 ./src/Displaymodule.o
                0x00000000200000ac                displaymode
 *fill*         0x00000000200000ad        0x3 
 .bss.glibContext
                0x00000000200000b0       0x2c ./src/Displaymodule.o
 .bss.cmuStatus
                0x00000000200000dc        0x4 ./emlib/em_emu.o
 .bss.INT_LockCnt
                0x00000000200000e0        0x4 ./emlib/em_int.o
                0x00000000200000e0                INT_LockCnt
 .bss.pixelMatrixBuffer
                0x00000000200000e4        0x4 ./Graphics/dmd_display.o
 .bss.displayDevice
                0x00000000200000e8       0x2c ./Graphics/dmd_display.o
 .bss.dimensions
                0x0000000020000114        0xc ./Graphics/dmd_display.o
 .bss.moduleInitialized
                0x0000000020000120        0x1 ./Graphics/dmd_display.o
 *fill*         0x0000000020000121        0x3 
 .bss.devicesRegistered
                0x0000000020000124        0x4 ./Drivers/display.o
 .bss.deviceTable
                0x0000000020000128       0x2c ./Drivers/display.o
 .bss.moduleInitialized
                0x0000000020000154        0x1 ./Drivers/display.o
 *fill*         0x0000000020000155        0x3 
 .bss.pixelMatrixPoolBase
                0x0000000020000158       0x80 ./Drivers/displayls013b7dh03.o
 .bss.heap_end.8600
                0x00000000200001d8        0x4 ./Drivers/retargetio.o
 .bss.textDisplayHandle
                0x00000000200001dc        0x4 ./Drivers/retargettextdisplay.o
                0x00000000200001dc                textDisplayHandle
 .bss.escapeSequence.5215
                0x00000000200001e0        0x4 ./Drivers/textdisplay.o
 .bss.__malloc_sbrk_start
                0x00000000200001e4        0x4 /Applications/SimplicityStudio_v3/developer/toolchains/gnu_arm/4.8_2013q4/bin/../lib/gcc/arm-none-eabi/4.8.3/../../../../arm-none-eabi/lib/armv6-m/libc_s.a(lib_a-nano-mallocr.o)
                0x00000000200001e4                __malloc_sbrk_start
 .bss.__malloc_free_list
                0x00000000200001e8        0x4 /Applications/SimplicityStudio_v3/developer/toolchains/gnu_arm/4.8_2013q4/bin/../lib/gcc/arm-none-eabi/4.8.3/../../../../arm-none-eabi/lib/armv6-m/libc_s.a(lib_a-nano-mallocr.o)
                0x00000000200001e8                __malloc_free_list
 *(COMMON)
 COMMON         0x00000000200001ec       0x10 ./src/Klok.o
                0x00000000200001ec                seconden
                0x00000000200001f0                uren
                0x00000000200001f4                msTeller
                0x00000000200001f8                minuten
 COMMON         0x00000000200001fc        0xc ./src/Main.o
                0x00000000200001fc                statusRelais
                0x0000000020000200                msTicks
                0x0000000020000204                status
 COMMON         0x0000000020000208       0x10 ./Graphics/dmd_display.o
                0x0000000020000208                dirtyRows
 COMMON         0x0000000020000218        0x4 ./CMSIS/efm32hg/system_efm32hg.o
                0x0000000020000218                SystemCoreClock
 COMMON         0x000000002000021c        0x4 /Applications/SimplicityStudio_v3/developer/toolchains/gnu_arm/4.8_2013q4/bin/../lib/gcc/arm-none-eabi/4.8.3/../../../../arm-none-eabi/lib/armv6-m/libc_s.a(lib_a-reent.o)
                0x000000002000021c                errno
                0x0000000020000220                . = ALIGN (0x4)
                0x0000000020000220                __bss_end__ = .

.heap           0x0000000020000220      0x400
                0x0000000020000220                __HeapBase = .
                0x0000000020000220                __end__ = .
                0x0000000020000220                end = __end__
                0x0000000020000220                _end = __end__
 *(.heap*)
 .heap          0x0000000020000220      0x400 ./CMSIS/efm32hg/startup_gcc_efm32hg.o
                0x0000000020000620                __HeapLimit = .

.stack_dummy    0x0000000020000220      0x400
 *(.stack*)
 .stack         0x0000000020000220      0x400 ./CMSIS/efm32hg/startup_gcc_efm32hg.o
                0x0000000020002000                __StackTop = (ORIGIN (RAM) + 0x2000)
                0x0000000020001c00                __StackLimit = (__StackTop - SIZEOF (.stack_dummy))
                0x0000000020002000                PROVIDE (__stack, __StackTop)
                0x0000000000000001                ASSERT ((__StackLimit >= __HeapLimit), region RAM overflowed with stack)
                0x0000000000000001                ASSERT ((0x10000 >= (__etext + SIZEOF (.data))), FLASH memory overflowed !)
OUTPUT(Workspace_Domotica.axf elf32-littlearm)

.ARM.attributes
                0x0000000000000000       0x28
 .ARM.attributes
                0x0000000000000000       0x1e /Applications/SimplicityStudio_v3/developer/toolchains/gnu_arm/4.8_2013q4/bin/../lib/gcc/arm-none-eabi/4.8.3/armv6-m/crti.o
 .ARM.attributes
                0x000000000000001e       0x2c /Applications/SimplicityStudio_v3/developer/toolchains/gnu_arm/4.8_2013q4/bin/../lib/gcc/arm-none-eabi/4.8.3/armv6-m/crtbegin.o
 .ARM.attributes
                0x000000000000004a       0x1b /Applications/SimplicityStudio_v3/developer/toolchains/gnu_arm/4.8_2013q4/bin/../lib/gcc/arm-none-eabi/4.8.3/../../../../arm-none-eabi/lib/armv6-m/crt0.o
 .ARM.attributes
                0x0000000000000065       0x32 ./src/Displaymodule.o
 .ARM.attributes
                0x0000000000000097       0x32 ./src/Klok.o
 .ARM.attributes
                0x00000000000000c9       0x32 ./src/Main.o
 .ARM.attributes
                0x00000000000000fb       0x32 ./emlib/em_cmu.o
 .ARM.attributes
                0x000000000000012d       0x32 ./emlib/em_emu.o
 .ARM.attributes
                0x000000000000015f       0x32 ./emlib/em_gpio.o
 .ARM.attributes
                0x0000000000000191       0x32 ./emlib/em_int.o
 .ARM.attributes
                0x00000000000001c3       0x32 ./emlib/em_prs.o
 .ARM.attributes
                0x00000000000001f5       0x32 ./emlib/em_rtc.o
 .ARM.attributes
                0x0000000000000227       0x32 ./emlib/em_usart.o
 .ARM.attributes
                0x0000000000000259       0x32 ./Graphics/dmd_display.o
 .ARM.attributes
                0x000000000000028b       0x32 ./Graphics/glib.o
 .ARM.attributes
                0x00000000000002bd       0x32 ./Graphics/glib_font_narrow_6x8.o
 .ARM.attributes
                0x00000000000002ef       0x32 ./Graphics/glib_font_normal_8x8.o
 .ARM.attributes
                0x0000000000000321       0x32 ./Graphics/glib_font_number_16x20.o
 .ARM.attributes
                0x0000000000000353       0x32 ./Graphics/glib_rectangle.o
 .ARM.attributes
                0x0000000000000385       0x32 ./Graphics/glib_string.o
 .ARM.attributes
                0x00000000000003b7       0x32 ./Drivers/display.o
 .ARM.attributes
                0x00000000000003e9       0x32 ./Drivers/displayls013b7dh03.o
 .ARM.attributes
                0x000000000000041b       0x32 ./Drivers/displaypalemlib.o
 .ARM.attributes
                0x000000000000044d       0x32 ./Drivers/retargetio.o
 .ARM.attributes
                0x000000000000047f       0x32 ./Drivers/retargettextdisplay.o
 .ARM.attributes
                0x00000000000004b1       0x32 ./Drivers/textdisplay.o
 .ARM.attributes
                0x00000000000004e3       0x2b ./Drivers/udelay.o
 .ARM.attributes
                0x000000000000050e       0x1b ./CMSIS/efm32hg/startup_gcc_efm32hg.o
 .ARM.attributes
                0x0000000000000529       0x32 ./CMSIS/efm32hg/system_efm32hg.o
 .ARM.attributes
                0x000000000000055b       0x1e /Applications/SimplicityStudio_v3/developer/toolchains/gnu_arm/4.8_2013q4/bin/../lib/gcc/arm-none-eabi/4.8.3/armv6-m/libgcc.a(_udivsi3.o)
 .ARM.attributes
                0x0000000000000579       0x1e /Applications/SimplicityStudio_v3/developer/toolchains/gnu_arm/4.8_2013q4/bin/../lib/gcc/arm-none-eabi/4.8.3/armv6-m/libgcc.a(_dvmd_tls.o)
 .ARM.attributes
                0x0000000000000597       0x2c /Applications/SimplicityStudio_v3/developer/toolchains/gnu_arm/4.8_2013q4/bin/../lib/gcc/arm-none-eabi/4.8.3/../../../../arm-none-eabi/lib/armv6-m/libc_s.a(lib_a-ctype_.o)
 .ARM.attributes
                0x00000000000005c3       0x2c /Applications/SimplicityStudio_v3/developer/toolchains/gnu_arm/4.8_2013q4/bin/../lib/gcc/arm-none-eabi/4.8.3/../../../../arm-none-eabi/lib/armv6-m/libc_s.a(lib_a-exit.o)
 .ARM.attributes
                0x00000000000005ef       0x2c /Applications/SimplicityStudio_v3/developer/toolchains/gnu_arm/4.8_2013q4/bin/../lib/gcc/arm-none-eabi/4.8.3/../../../../arm-none-eabi/lib/armv6-m/libc_s.a(lib_a-fileno.o)
 .ARM.attributes
                0x000000000000061b       0x2c /Applications/SimplicityStudio_v3/developer/toolchains/gnu_arm/4.8_2013q4/bin/../lib/gcc/arm-none-eabi/4.8.3/../../../../arm-none-eabi/lib/armv6-m/libc_s.a(lib_a-findfp.o)
 .ARM.attributes
                0x0000000000000647       0x2c /Applications/SimplicityStudio_v3/developer/toolchains/gnu_arm/4.8_2013q4/bin/../lib/gcc/arm-none-eabi/4.8.3/../../../../arm-none-eabi/lib/armv6-m/libc_s.a(lib_a-impure.o)
 .ARM.attributes
                0x0000000000000673       0x2c /Applications/SimplicityStudio_v3/developer/toolchains/gnu_arm/4.8_2013q4/bin/../lib/gcc/arm-none-eabi/4.8.3/../../../../arm-none-eabi/lib/armv6-m/libc_s.a(lib_a-init.o)
 .ARM.attributes
                0x000000000000069f       0x2c /Applications/SimplicityStudio_v3/developer/toolchains/gnu_arm/4.8_2013q4/bin/../lib/gcc/arm-none-eabi/4.8.3/../../../../arm-none-eabi/lib/armv6-m/libc_s.a(lib_a-memcpy-stub.o)
 .ARM.attributes
                0x00000000000006cb       0x2c /Applications/SimplicityStudio_v3/developer/toolchains/gnu_arm/4.8_2013q4/bin/../lib/gcc/arm-none-eabi/4.8.3/../../../../arm-none-eabi/lib/armv6-m/libc_s.a(lib_a-memset.o)
 .ARM.attributes
                0x00000000000006f7       0x2c /Applications/SimplicityStudio_v3/developer/toolchains/gnu_arm/4.8_2013q4/bin/../lib/gcc/arm-none-eabi/4.8.3/../../../../arm-none-eabi/lib/armv6-m/libc_s.a(lib_a-nano-mallocr.o)
 .ARM.attributes
                0x0000000000000723       0x2c /Applications/SimplicityStudio_v3/developer/toolchains/gnu_arm/4.8_2013q4/bin/../lib/gcc/arm-none-eabi/4.8.3/../../../../arm-none-eabi/lib/armv6-m/libc_s.a(lib_a-sbrkr.o)
 .ARM.attributes
                0x000000000000074f       0x2c /Applications/SimplicityStudio_v3/developer/toolchains/gnu_arm/4.8_2013q4/bin/../lib/gcc/arm-none-eabi/4.8.3/../../../../arm-none-eabi/lib/armv6-m/libc_s.a(lib_a-sprintf.o)
 .ARM.attributes
                0x000000000000077b       0x2c /Applications/SimplicityStudio_v3/developer/toolchains/gnu_arm/4.8_2013q4/bin/../lib/gcc/arm-none-eabi/4.8.3/../../../../arm-none-eabi/lib/armv6-m/libc_s.a(lib_a-stdio.o)
 .ARM.attributes
                0x00000000000007a7       0x2c /Applications/SimplicityStudio_v3/developer/toolchains/gnu_arm/4.8_2013q4/bin/../lib/gcc/arm-none-eabi/4.8.3/../../../../arm-none-eabi/lib/armv6-m/libc_s.a(lib_a-strlen.o)
 .ARM.attributes
                0x00000000000007d3       0x2c /Applications/SimplicityStudio_v3/developer/toolchains/gnu_arm/4.8_2013q4/bin/../lib/gcc/arm-none-eabi/4.8.3/../../../../arm-none-eabi/lib/armv6-m/libc_s.a(lib_a-strncmp.o)
 .ARM.attributes
                0x00000000000007ff       0x2c /Applications/SimplicityStudio_v3/developer/toolchains/gnu_arm/4.8_2013q4/bin/../lib/gcc/arm-none-eabi/4.8.3/../../../../arm-none-eabi/lib/armv6-m/libc_s.a(lib_a-svfprintf.o)
 .ARM.attributes
                0x000000000000082b       0x2c /Applications/SimplicityStudio_v3/developer/toolchains/gnu_arm/4.8_2013q4/bin/../lib/gcc/arm-none-eabi/4.8.3/../../../../arm-none-eabi/lib/armv6-m/libc_s.a(lib_a-vfprintf_i.o)
 .ARM.attributes
                0x0000000000000857       0x2c /Applications/SimplicityStudio_v3/developer/toolchains/gnu_arm/4.8_2013q4/bin/../lib/gcc/arm-none-eabi/4.8.3/../../../../arm-none-eabi/lib/armv6-m/libc_s.a(lib_a-writer.o)
 .ARM.attributes
                0x0000000000000883       0x2c /Applications/SimplicityStudio_v3/developer/toolchains/gnu_arm/4.8_2013q4/bin/../lib/gcc/arm-none-eabi/4.8.3/../../../../arm-none-eabi/lib/armv6-m/libc_s.a(lib_a-closer.o)
 .ARM.attributes
                0x00000000000008af       0x2c /Applications/SimplicityStudio_v3/developer/toolchains/gnu_arm/4.8_2013q4/bin/../lib/gcc/arm-none-eabi/4.8.3/../../../../arm-none-eabi/lib/armv6-m/libc_s.a(lib_a-fflush.o)
 .ARM.attributes
                0x00000000000008db       0x2c /Applications/SimplicityStudio_v3/developer/toolchains/gnu_arm/4.8_2013q4/bin/../lib/gcc/arm-none-eabi/4.8.3/../../../../arm-none-eabi/lib/armv6-m/libc_s.a(lib_a-lseekr.o)
 .ARM.attributes
                0x0000000000000907       0x2c /Applications/SimplicityStudio_v3/developer/toolchains/gnu_arm/4.8_2013q4/bin/../lib/gcc/arm-none-eabi/4.8.3/../../../../arm-none-eabi/lib/armv6-m/libc_s.a(lib_a-memchr-stub.o)
 .ARM.attributes
                0x0000000000000933       0x2c /Applications/SimplicityStudio_v3/developer/toolchains/gnu_arm/4.8_2013q4/bin/../lib/gcc/arm-none-eabi/4.8.3/../../../../arm-none-eabi/lib/armv6-m/libc_s.a(lib_a-memmove.o)
 .ARM.attributes
                0x000000000000095f       0x2c /Applications/SimplicityStudio_v3/developer/toolchains/gnu_arm/4.8_2013q4/bin/../lib/gcc/arm-none-eabi/4.8.3/../../../../arm-none-eabi/lib/armv6-m/libc_s.a(lib_a-nano-freer.o)
 .ARM.attributes
                0x000000000000098b       0x2c /Applications/SimplicityStudio_v3/developer/toolchains/gnu_arm/4.8_2013q4/bin/../lib/gcc/arm-none-eabi/4.8.3/../../../../arm-none-eabi/lib/armv6-m/libc_s.a(lib_a-nano-reallocr.o)
 .ARM.attributes
                0x00000000000009b7       0x2c /Applications/SimplicityStudio_v3/developer/toolchains/gnu_arm/4.8_2013q4/bin/../lib/gcc/arm-none-eabi/4.8.3/../../../../arm-none-eabi/lib/armv6-m/libc_s.a(lib_a-readr.o)
 .ARM.attributes
                0x00000000000009e3       0x2c /Applications/SimplicityStudio_v3/developer/toolchains/gnu_arm/4.8_2013q4/bin/../lib/gcc/arm-none-eabi/4.8.3/../../../../arm-none-eabi/lib/armv6-m/libc_s.a(lib_a-reent.o)
 .ARM.attributes
                0x0000000000000a0f       0x2c /Applications/SimplicityStudio_v3/developer/toolchains/gnu_arm/4.8_2013q4/bin/../lib/gcc/arm-none-eabi/4.8.3/../../../../arm-none-eabi/lib/armv6-m/libc_s.a(lib_a-nano-msizer.o)
 .ARM.attributes
                0x0000000000000a3b       0x2c /Applications/SimplicityStudio_v3/developer/toolchains/gnu_arm/4.8_2013q4/bin/../lib/gcc/arm-none-eabi/4.8.3/armv6-m/crtend.o
 .ARM.attributes
                0x0000000000000a67       0x1e /Applications/SimplicityStudio_v3/developer/toolchains/gnu_arm/4.8_2013q4/bin/../lib/gcc/arm-none-eabi/4.8.3/armv6-m/crtn.o

.comment        0x0000000000000000       0x70
 .comment       0x0000000000000000       0x70 ./src/Displaymodule.o
                                         0x71 (size before relaxing)
 .comment       0x0000000000000000       0x71 ./src/Klok.o
 .comment       0x0000000000000000       0x71 ./src/Main.o
 .comment       0x0000000000000000       0x71 ./emlib/em_cmu.o
 .comment       0x0000000000000000       0x71 ./emlib/em_emu.o
 .comment       0x0000000000000000       0x71 ./emlib/em_gpio.o
 .comment       0x0000000000000000       0x71 ./emlib/em_int.o
 .comment       0x0000000000000000       0x71 ./emlib/em_prs.o
 .comment       0x0000000000000000       0x71 ./emlib/em_rtc.o
 .comment       0x0000000000000000       0x71 ./emlib/em_usart.o
 .comment       0x0000000000000000       0x71 ./Graphics/dmd_display.o
 .comment       0x0000000000000000       0x71 ./Graphics/glib.o
 .comment       0x0000000000000000       0x71 ./Graphics/glib_font_narrow_6x8.o
 .comment       0x0000000000000000       0x71 ./Graphics/glib_font_normal_8x8.o
 .comment       0x0000000000000000       0x71 ./Graphics/glib_font_number_16x20.o
 .comment       0x0000000000000000       0x71 ./Graphics/glib_rectangle.o
 .comment       0x0000000000000000       0x71 ./Graphics/glib_string.o
 .comment       0x0000000000000000       0x71 ./Drivers/display.o
 .comment       0x0000000000000000       0x71 ./Drivers/displayls013b7dh03.o
 .comment       0x0000000000000000       0x71 ./Drivers/displaypalemlib.o
 .comment       0x0000000000000000       0x71 ./Drivers/retargetio.o
 .comment       0x0000000000000000       0x71 ./Drivers/retargettextdisplay.o
 .comment       0x0000000000000000       0x71 ./Drivers/textdisplay.o
 .comment       0x0000000000000000       0x71 ./Drivers/udelay.o
 .comment       0x0000000000000000       0x71 ./CMSIS/efm32hg/system_efm32hg.o

.debug_info     0x0000000000000000     0xe884
 .debug_info    0x0000000000000000      0x7f3 ./src/Displaymodule.o
 .debug_info    0x00000000000007f3      0x12a ./src/Klok.o
 .debug_info    0x000000000000091d      0xe34 ./src/Main.o
 .debug_info    0x0000000000001751     0x1df6 ./emlib/em_cmu.o
 .debug_info    0x0000000000003547      0x6d0 ./emlib/em_emu.o
 .debug_info    0x0000000000003c17      0x6cb ./emlib/em_gpio.o
 .debug_info    0x00000000000042e2       0xa4 ./emlib/em_int.o
 .debug_info    0x0000000000004386      0x237 ./emlib/em_prs.o
 .debug_info    0x00000000000045bd      0x3f1 ./emlib/em_rtc.o
 .debug_info    0x00000000000049ae     0x1296 ./emlib/em_usart.o
 .debug_info    0x0000000000005c44      0xb6e ./Graphics/dmd_display.o
 .debug_info    0x00000000000067b2      0xb00 ./Graphics/glib.o
 .debug_info    0x00000000000072b2      0x188 ./Graphics/glib_font_narrow_6x8.o
 .debug_info    0x000000000000743a      0x188 ./Graphics/glib_font_normal_8x8.o
 .debug_info    0x00000000000075c2      0x187 ./Graphics/glib_font_number_16x20.o
 .debug_info    0x0000000000007749      0x66e ./Graphics/glib_rectangle.o
 .debug_info    0x0000000000007db7      0x72e ./Graphics/glib_string.o
 .debug_info    0x00000000000084e5      0x4a3 ./Drivers/display.o
 .debug_info    0x0000000000008988      0xa22 ./Drivers/displayls013b7dh03.o
 .debug_info    0x00000000000093aa     0x119e ./Drivers/displaypalemlib.o
 .debug_info    0x000000000000a548      0xebd ./Drivers/retargetio.o
 .debug_info    0x000000000000b405      0xdc6 ./Drivers/retargettextdisplay.o
 .debug_info    0x000000000000c1cb     0x12cf ./Drivers/textdisplay.o
 .debug_info    0x000000000000d49a      0xdcd ./Drivers/udelay.o
 .debug_info    0x000000000000e267       0xd8 ./CMSIS/efm32hg/startup_gcc_efm32hg.o
 .debug_info    0x000000000000e33f      0x545 ./CMSIS/efm32hg/system_efm32hg.o

.debug_abbrev   0x0000000000000000     0x34ef
 .debug_abbrev  0x0000000000000000      0x247 ./src/Displaymodule.o
 .debug_abbrev  0x0000000000000247       0x89 ./src/Klok.o
 .debug_abbrev  0x00000000000002d0      0x36f ./src/Main.o
 .debug_abbrev  0x000000000000063f      0x3e1 ./emlib/em_cmu.o
 .debug_abbrev  0x0000000000000a20      0x22f ./emlib/em_emu.o
 .debug_abbrev  0x0000000000000c4f      0x267 ./emlib/em_gpio.o
 .debug_abbrev  0x0000000000000eb6       0x44 ./emlib/em_int.o
 .debug_abbrev  0x0000000000000efa       0xe3 ./emlib/em_prs.o
 .debug_abbrev  0x0000000000000fdd      0x224 ./emlib/em_rtc.o
 .debug_abbrev  0x0000000000001201      0x300 ./emlib/em_usart.o
 .debug_abbrev  0x0000000000001501      0x2c5 ./Graphics/dmd_display.o
 .debug_abbrev  0x00000000000017c6      0x2c5 ./Graphics/glib.o
 .debug_abbrev  0x0000000000001a8b       0xa9 ./Graphics/glib_font_narrow_6x8.o
 .debug_abbrev  0x0000000000001b34       0xa9 ./Graphics/glib_font_normal_8x8.o
 .debug_abbrev  0x0000000000001bdd       0xa9 ./Graphics/glib_font_number_16x20.o
 .debug_abbrev  0x0000000000001c86      0x1df ./Graphics/glib_rectangle.o
 .debug_abbrev  0x0000000000001e65      0x1d5 ./Graphics/glib_string.o
 .debug_abbrev  0x000000000000203a      0x158 ./Drivers/display.o
 .debug_abbrev  0x0000000000002192      0x2ab ./Drivers/displayls013b7dh03.o
 .debug_abbrev  0x000000000000243d      0x32a ./Drivers/displaypalemlib.o
 .debug_abbrev  0x0000000000002767      0x344 ./Drivers/retargetio.o
 .debug_abbrev  0x0000000000002aab      0x231 ./Drivers/retargettextdisplay.o
 .debug_abbrev  0x0000000000002cdc      0x35a ./Drivers/textdisplay.o
 .debug_abbrev  0x0000000000003036      0x321 ./Drivers/udelay.o
 .debug_abbrev  0x0000000000003357       0x14 ./CMSIS/efm32hg/startup_gcc_efm32hg.o
 .debug_abbrev  0x000000000000336b      0x184 ./CMSIS/efm32hg/system_efm32hg.o

.debug_loc      0x0000000000000000     0x8b1c
 .debug_loc     0x0000000000000000      0x2db ./src/Displaymodule.o
 .debug_loc     0x00000000000002db      0x17b ./src/Main.o
 .debug_loc     0x0000000000000456     0x1fba ./emlib/em_cmu.o
 .debug_loc     0x0000000000002410      0x1c5 ./emlib/em_emu.o
 .debug_loc     0x00000000000025d5      0x420 ./emlib/em_gpio.o
 .debug_loc     0x00000000000029f5      0x121 ./emlib/em_prs.o
 .debug_loc     0x0000000000002b16      0x10c ./emlib/em_rtc.o
 .debug_loc     0x0000000000002c22      0xdfa ./emlib/em_usart.o
 .debug_loc     0x0000000000003a1c      0xe29 ./Graphics/dmd_display.o
 .debug_loc     0x0000000000004845      0x87a ./Graphics/glib.o
 .debug_loc     0x00000000000050bf      0x4bf ./Graphics/glib_rectangle.o
 .debug_loc     0x000000000000557e      0xe7a ./Graphics/glib_string.o
 .debug_loc     0x00000000000063f8      0x23e ./Drivers/display.o
 .debug_loc     0x0000000000006636      0x4d7 ./Drivers/displayls013b7dh03.o
 .debug_loc     0x0000000000006b0d      0x427 ./Drivers/displaypalemlib.o
 .debug_loc     0x0000000000006f34      0x356 ./Drivers/retargetio.o
 .debug_loc     0x000000000000728a      0x10f ./Drivers/retargettextdisplay.o
 .debug_loc     0x0000000000007399      0xf3f ./Drivers/textdisplay.o
 .debug_loc     0x00000000000082d8      0x431 ./Drivers/udelay.o
 .debug_loc     0x0000000000008709      0x413 ./CMSIS/efm32hg/system_efm32hg.o

.debug_aranges  0x0000000000000000      0x7f8
 .debug_aranges
                0x0000000000000000       0x50 ./src/Displaymodule.o
 .debug_aranges
                0x0000000000000050       0x48 ./src/Klok.o
 .debug_aranges
                0x0000000000000098       0x48 ./src/Main.o
 .debug_aranges
                0x00000000000000e0       0xe0 ./emlib/em_cmu.o
 .debug_aranges
                0x00000000000001c0       0x50 ./emlib/em_emu.o
 .debug_aranges
                0x0000000000000210       0x40 ./emlib/em_gpio.o
 .debug_aranges
                0x0000000000000250       0x18 ./emlib/em_int.o
 .debug_aranges
                0x0000000000000268       0x28 ./emlib/em_prs.o
 .debug_aranges
                0x0000000000000290       0x50 ./emlib/em_rtc.o
 .debug_aranges
                0x00000000000002e0       0xb8 ./emlib/em_usart.o
 .debug_aranges
                0x0000000000000398       0x88 ./Graphics/dmd_display.o
 .debug_aranges
                0x0000000000000420       0x78 ./Graphics/glib.o
 .debug_aranges
                0x0000000000000498       0x18 ./Graphics/glib_font_narrow_6x8.o
 .debug_aranges
                0x00000000000004b0       0x18 ./Graphics/glib_font_normal_8x8.o
 .debug_aranges
                0x00000000000004c8       0x18 ./Graphics/glib_font_number_16x20.o
 .debug_aranges
                0x00000000000004e0       0x38 ./Graphics/glib_rectangle.o
 .debug_aranges
                0x0000000000000518       0x30 ./Graphics/glib_string.o
 .debug_aranges
                0x0000000000000548       0x38 ./Drivers/display.o
 .debug_aranges
                0x0000000000000580       0x50 ./Drivers/displayls013b7dh03.o
 .debug_aranges
                0x00000000000005d0       0x80 ./Drivers/displaypalemlib.o
 .debug_aranges
                0x0000000000000650       0x68 ./Drivers/retargetio.o
 .debug_aranges
                0x00000000000006b8       0x38 ./Drivers/retargettextdisplay.o
 .debug_aranges
                0x00000000000006f0       0x58 ./Drivers/textdisplay.o
 .debug_aranges
                0x0000000000000748       0x28 ./Drivers/udelay.o
 .debug_aranges
                0x0000000000000770       0x20 ./CMSIS/efm32hg/startup_gcc_efm32hg.o
 .debug_aranges
                0x0000000000000790       0x68 ./CMSIS/efm32hg/system_efm32hg.o

.debug_ranges   0x0000000000000000      0xea0
 .debug_ranges  0x0000000000000000       0xa8 ./src/Displaymodule.o
 .debug_ranges  0x00000000000000a8       0x38 ./src/Klok.o
 .debug_ranges  0x00000000000000e0      0x128 ./src/Main.o
 .debug_ranges  0x0000000000000208      0x320 ./emlib/em_cmu.o
 .debug_ranges  0x0000000000000528       0x70 ./emlib/em_emu.o
 .debug_ranges  0x0000000000000598       0x78 ./emlib/em_gpio.o
 .debug_ranges  0x0000000000000610       0x18 ./emlib/em_prs.o
 .debug_ranges  0x0000000000000628       0x70 ./emlib/em_rtc.o
 .debug_ranges  0x0000000000000698      0x240 ./emlib/em_usart.o
 .debug_ranges  0x00000000000008d8       0x90 ./Graphics/dmd_display.o
 .debug_ranges  0x0000000000000968       0xb8 ./Graphics/glib.o
 .debug_ranges  0x0000000000000a20       0x58 ./Graphics/glib_rectangle.o
 .debug_ranges  0x0000000000000a78       0x48 ./Graphics/glib_string.o
 .debug_ranges  0x0000000000000ac0       0x28 ./Drivers/display.o
 .debug_ranges  0x0000000000000ae8       0x58 ./Drivers/displayls013b7dh03.o
 .debug_ranges  0x0000000000000b40       0x88 ./Drivers/displaypalemlib.o
 .debug_ranges  0x0000000000000bc8       0x58 ./Drivers/retargetio.o
 .debug_ranges  0x0000000000000c20       0x28 ./Drivers/retargettextdisplay.o
 .debug_ranges  0x0000000000000c48      0x158 ./Drivers/textdisplay.o
 .debug_ranges  0x0000000000000da0       0x60 ./Drivers/udelay.o
 .debug_ranges  0x0000000000000e00       0xa0 ./CMSIS/efm32hg/system_efm32hg.o

.debug_line     0x0000000000000000     0x4db0
 .debug_line    0x0000000000000000      0x37c ./src/Displaymodule.o
 .debug_line    0x000000000000037c       0xaf ./src/Klok.o
 .debug_line    0x000000000000042b      0x379 ./src/Main.o
 .debug_line    0x00000000000007a4      0xa10 ./emlib/em_cmu.o
 .debug_line    0x00000000000011b4      0x396 ./emlib/em_emu.o
 .debug_line    0x000000000000154a      0x267 ./emlib/em_gpio.o
 .debug_line    0x00000000000017b1       0x9e ./emlib/em_int.o
 .debug_line    0x000000000000184f      0x19b ./emlib/em_prs.o
 .debug_line    0x00000000000019ea      0x24c ./emlib/em_rtc.o
 .debug_line    0x0000000000001c36      0x600 ./emlib/em_usart.o
 .debug_line    0x0000000000002236      0x527 ./Graphics/dmd_display.o
 .debug_line    0x000000000000275d      0x320 ./Graphics/glib.o
 .debug_line    0x0000000000002a7d      0x105 ./Graphics/glib_font_narrow_6x8.o
 .debug_line    0x0000000000002b82      0x105 ./Graphics/glib_font_normal_8x8.o
 .debug_line    0x0000000000002c87      0x107 ./Graphics/glib_font_number_16x20.o
 .debug_line    0x0000000000002d8e      0x24b ./Graphics/glib_rectangle.o
 .debug_line    0x0000000000002fd9      0x316 ./Graphics/glib_string.o
 .debug_line    0x00000000000032ef      0x1c7 ./Drivers/display.o
 .debug_line    0x00000000000034b6      0x29e ./Drivers/displayls013b7dh03.o
 .debug_line    0x0000000000003754      0x417 ./Drivers/displaypalemlib.o
 .debug_line    0x0000000000003b6b      0x30c ./Drivers/retargetio.o
 .debug_line    0x0000000000003e77      0x2d7 ./Drivers/retargettextdisplay.o
 .debug_line    0x000000000000414e      0x62a ./Drivers/textdisplay.o
 .debug_line    0x0000000000004778      0x349 ./Drivers/udelay.o
 .debug_line    0x0000000000004ac1       0x74 ./CMSIS/efm32hg/startup_gcc_efm32hg.o
 .debug_line    0x0000000000004b35      0x27b ./CMSIS/efm32hg/system_efm32hg.o

.debug_str      0x0000000000000000     0x3688
 .debug_str     0x0000000000000000      0x4f6 ./src/Displaymodule.o
                                        0x5ab (size before relaxing)
 .debug_str     0x00000000000004f6       0x6b ./src/Klok.o
                                        0x1c9 (size before relaxing)
 .debug_str     0x0000000000000561      0x760 ./src/Main.o
                                        0xa1f (size before relaxing)
 .debug_str     0x0000000000000cc1      0x861 ./emlib/em_cmu.o
                                        0xcba (size before relaxing)
 .debug_str     0x0000000000001522      0x157 ./emlib/em_emu.o
                                        0x4ef (size before relaxing)
 .debug_str     0x0000000000001679      0x127 ./emlib/em_gpio.o
                                        0x5d6 (size before relaxing)
 .debug_str     0x00000000000017a0       0x1e ./emlib/em_int.o
                                        0x211 (size before relaxing)
 .debug_str     0x00000000000017be       0xc5 ./emlib/em_prs.o
                                        0x2d7 (size before relaxing)
 .debug_str     0x0000000000001883       0xb8 ./emlib/em_rtc.o
                                        0x2ed (size before relaxing)
 .debug_str     0x000000000000193b      0x88d ./emlib/em_usart.o
                                        0xc9c (size before relaxing)
 .debug_str     0x00000000000021c8      0x3e1 ./Graphics/dmd_display.o
                                        0x69c (size before relaxing)
 .debug_str     0x00000000000025a9      0x140 ./Graphics/glib.o
                                        0x5d9 (size before relaxing)
 .debug_str     0x00000000000026e9       0x3c ./Graphics/glib_font_narrow_6x8.o
                                        0x301 (size before relaxing)
 .debug_str     0x0000000000002725       0x3c ./Graphics/glib_font_normal_8x8.o
                                        0x301 (size before relaxing)
 .debug_str     0x0000000000002761       0x40 ./Graphics/glib_font_number_16x20.o
                                        0x307 (size before relaxing)
 .debug_str     0x00000000000027a1       0x82 ./Graphics/glib_rectangle.o
                                        0x4d3 (size before relaxing)
 .debug_str     0x0000000000002823       0x9e ./Graphics/glib_string.o
                                        0x4cc (size before relaxing)
 .debug_str     0x00000000000028c1       0xdd ./Drivers/display.o
                                        0x498 (size before relaxing)
 .debug_str     0x000000000000299e      0x182 ./Drivers/displayls013b7dh03.o
                                        0x5bf (size before relaxing)
 .debug_str     0x0000000000002b20       0xfb ./Drivers/displaypalemlib.o
                                        0xd4a (size before relaxing)
 .debug_str     0x0000000000002c1b      0x520 ./Drivers/retargetio.o
                                        0x777 (size before relaxing)
 .debug_str     0x000000000000313b       0xf9 ./Drivers/retargettextdisplay.o
                                        0x89f (size before relaxing)
 .debug_str     0x0000000000003234      0x2c0 ./Drivers/textdisplay.o
                                        0x725 (size before relaxing)
 .debug_str     0x00000000000034f4       0xfe ./Drivers/udelay.o
                                        0xa16 (size before relaxing)
 .debug_str     0x00000000000035f2       0x96 ./CMSIS/efm32hg/system_efm32hg.o
                                        0x450 (size before relaxing)

.debug_frame    0x0000000000000000     0x1838
 .debug_frame   0x0000000000000000       0xcc ./src/Displaymodule.o
 .debug_frame   0x00000000000000cc       0x70 ./src/Klok.o
 .debug_frame   0x000000000000013c       0xa8 ./src/Main.o
 .debug_frame   0x00000000000001e4      0x214 ./emlib/em_cmu.o
 .debug_frame   0x00000000000003f8       0xa0 ./emlib/em_emu.o
 .debug_frame   0x0000000000000498       0x94 ./emlib/em_gpio.o
 .debug_frame   0x000000000000052c       0x38 ./emlib/em_prs.o
 .debug_frame   0x0000000000000564       0x80 ./emlib/em_rtc.o
 .debug_frame   0x00000000000005e4      0x1c8 ./emlib/em_usart.o
 .debug_frame   0x00000000000007ac      0x1a0 ./Graphics/dmd_display.o
 .debug_frame   0x000000000000094c      0x168 ./Graphics/glib.o
 .debug_frame   0x0000000000000ab4       0x88 ./Graphics/glib_rectangle.o
 .debug_frame   0x0000000000000b3c       0x80 ./Graphics/glib_string.o
 .debug_frame   0x0000000000000bbc       0x70 ./Drivers/display.o
 .debug_frame   0x0000000000000c2c       0xc8 ./Drivers/displayls013b7dh03.o
 .debug_frame   0x0000000000000cf4      0x138 ./Drivers/displaypalemlib.o
 .debug_frame   0x0000000000000e2c       0xd4 ./Drivers/retargetio.o
 .debug_frame   0x0000000000000f00       0x6c ./Drivers/retargettextdisplay.o
 .debug_frame   0x0000000000000f6c      0x134 ./Drivers/textdisplay.o
 .debug_frame   0x00000000000010a0       0x4c ./Drivers/udelay.o
 .debug_frame   0x00000000000010ec       0xb0 ./CMSIS/efm32hg/system_efm32hg.o
 .debug_frame   0x000000000000119c       0x20 /Applications/SimplicityStudio_v3/developer/toolchains/gnu_arm/4.8_2013q4/bin/../lib/gcc/arm-none-eabi/4.8.3/armv6-m/libgcc.a(_udivsi3.o)
 .debug_frame   0x00000000000011bc       0x28 /Applications/SimplicityStudio_v3/developer/toolchains/gnu_arm/4.8_2013q4/bin/../lib/gcc/arm-none-eabi/4.8.3/../../../../arm-none-eabi/lib/armv6-m/libc_s.a(lib_a-exit.o)
 .debug_frame   0x00000000000011e4       0x2c /Applications/SimplicityStudio_v3/developer/toolchains/gnu_arm/4.8_2013q4/bin/../lib/gcc/arm-none-eabi/4.8.3/../../../../arm-none-eabi/lib/armv6-m/libc_s.a(lib_a-fileno.o)
 .debug_frame   0x0000000000001210      0x148 /Applications/SimplicityStudio_v3/developer/toolchains/gnu_arm/4.8_2013q4/bin/../lib/gcc/arm-none-eabi/4.8.3/../../../../arm-none-eabi/lib/armv6-m/libc_s.a(lib_a-findfp.o)
 .debug_frame   0x0000000000001358       0x2c /Applications/SimplicityStudio_v3/developer/toolchains/gnu_arm/4.8_2013q4/bin/../lib/gcc/arm-none-eabi/4.8.3/../../../../arm-none-eabi/lib/armv6-m/libc_s.a(lib_a-init.o)
 .debug_frame   0x0000000000001384       0x28 /Applications/SimplicityStudio_v3/developer/toolchains/gnu_arm/4.8_2013q4/bin/../lib/gcc/arm-none-eabi/4.8.3/../../../../arm-none-eabi/lib/armv6-m/libc_s.a(lib_a-memcpy-stub.o)
 .debug_frame   0x00000000000013ac       0x20 /Applications/SimplicityStudio_v3/developer/toolchains/gnu_arm/4.8_2013q4/bin/../lib/gcc/arm-none-eabi/4.8.3/../../../../arm-none-eabi/lib/armv6-m/libc_s.a(lib_a-memset.o)
 .debug_frame   0x00000000000013cc       0x2c /Applications/SimplicityStudio_v3/developer/toolchains/gnu_arm/4.8_2013q4/bin/../lib/gcc/arm-none-eabi/4.8.3/../../../../arm-none-eabi/lib/armv6-m/libc_s.a(lib_a-nano-mallocr.o)
 .debug_frame   0x00000000000013f8       0x2c /Applications/SimplicityStudio_v3/developer/toolchains/gnu_arm/4.8_2013q4/bin/../lib/gcc/arm-none-eabi/4.8.3/../../../../arm-none-eabi/lib/armv6-m/libc_s.a(lib_a-sbrkr.o)
 .debug_frame   0x0000000000001424       0x4c /Applications/SimplicityStudio_v3/developer/toolchains/gnu_arm/4.8_2013q4/bin/../lib/gcc/arm-none-eabi/4.8.3/../../../../arm-none-eabi/lib/armv6-m/libc_s.a(lib_a-sprintf.o)
 .debug_frame   0x0000000000001470       0x90 /Applications/SimplicityStudio_v3/developer/toolchains/gnu_arm/4.8_2013q4/bin/../lib/gcc/arm-none-eabi/4.8.3/../../../../arm-none-eabi/lib/armv6-m/libc_s.a(lib_a-stdio.o)
 .debug_frame   0x0000000000001500       0x20 /Applications/SimplicityStudio_v3/developer/toolchains/gnu_arm/4.8_2013q4/bin/../lib/gcc/arm-none-eabi/4.8.3/../../../../arm-none-eabi/lib/armv6-m/libc_s.a(lib_a-strlen.o)
 .debug_frame   0x0000000000001520       0x28 /Applications/SimplicityStudio_v3/developer/toolchains/gnu_arm/4.8_2013q4/bin/../lib/gcc/arm-none-eabi/4.8.3/../../../../arm-none-eabi/lib/armv6-m/libc_s.a(lib_a-strncmp.o)
 .debug_frame   0x0000000000001548       0x74 /Applications/SimplicityStudio_v3/developer/toolchains/gnu_arm/4.8_2013q4/bin/../lib/gcc/arm-none-eabi/4.8.3/../../../../arm-none-eabi/lib/armv6-m/libc_s.a(lib_a-svfprintf.o)
 .debug_frame   0x00000000000015bc       0x54 /Applications/SimplicityStudio_v3/developer/toolchains/gnu_arm/4.8_2013q4/bin/../lib/gcc/arm-none-eabi/4.8.3/../../../../arm-none-eabi/lib/armv6-m/libc_s.a(lib_a-vfprintf_i.o)
 .debug_frame   0x0000000000001610       0x2c /Applications/SimplicityStudio_v3/developer/toolchains/gnu_arm/4.8_2013q4/bin/../lib/gcc/arm-none-eabi/4.8.3/../../../../arm-none-eabi/lib/armv6-m/libc_s.a(lib_a-writer.o)
 .debug_frame   0x000000000000163c       0x2c /Applications/SimplicityStudio_v3/developer/toolchains/gnu_arm/4.8_2013q4/bin/../lib/gcc/arm-none-eabi/4.8.3/../../../../arm-none-eabi/lib/armv6-m/libc_s.a(lib_a-closer.o)
 .debug_frame   0x0000000000001668       0x68 /Applications/SimplicityStudio_v3/developer/toolchains/gnu_arm/4.8_2013q4/bin/../lib/gcc/arm-none-eabi/4.8.3/../../../../arm-none-eabi/lib/armv6-m/libc_s.a(lib_a-fflush.o)
 .debug_frame   0x00000000000016d0       0x2c /Applications/SimplicityStudio_v3/developer/toolchains/gnu_arm/4.8_2013q4/bin/../lib/gcc/arm-none-eabi/4.8.3/../../../../arm-none-eabi/lib/armv6-m/libc_s.a(lib_a-lseekr.o)
 .debug_frame   0x00000000000016fc       0x20 /Applications/SimplicityStudio_v3/developer/toolchains/gnu_arm/4.8_2013q4/bin/../lib/gcc/arm-none-eabi/4.8.3/../../../../arm-none-eabi/lib/armv6-m/libc_s.a(lib_a-memchr-stub.o)
 .debug_frame   0x000000000000171c       0x2c /Applications/SimplicityStudio_v3/developer/toolchains/gnu_arm/4.8_2013q4/bin/../lib/gcc/arm-none-eabi/4.8.3/../../../../arm-none-eabi/lib/armv6-m/libc_s.a(lib_a-memmove.o)
 .debug_frame   0x0000000000001748       0x2c /Applications/SimplicityStudio_v3/developer/toolchains/gnu_arm/4.8_2013q4/bin/../lib/gcc/arm-none-eabi/4.8.3/../../../../arm-none-eabi/lib/armv6-m/libc_s.a(lib_a-nano-freer.o)
 .debug_frame   0x0000000000001774       0x30 /Applications/SimplicityStudio_v3/developer/toolchains/gnu_arm/4.8_2013q4/bin/../lib/gcc/arm-none-eabi/4.8.3/../../../../arm-none-eabi/lib/armv6-m/libc_s.a(lib_a-nano-reallocr.o)
 .debug_frame   0x00000000000017a4       0x2c /Applications/SimplicityStudio_v3/developer/toolchains/gnu_arm/4.8_2013q4/bin/../lib/gcc/arm-none-eabi/4.8.3/../../../../arm-none-eabi/lib/armv6-m/libc_s.a(lib_a-readr.o)
 .debug_frame   0x00000000000017d0       0x48 /Applications/SimplicityStudio_v3/developer/toolchains/gnu_arm/4.8_2013q4/bin/../lib/gcc/arm-none-eabi/4.8.3/../../../../arm-none-eabi/lib/armv6-m/libc_s.a(lib_a-reent.o)
 .debug_frame   0x0000000000001818       0x20 /Applications/SimplicityStudio_v3/developer/toolchains/gnu_arm/4.8_2013q4/bin/../lib/gcc/arm-none-eabi/4.8.3/../../../../arm-none-eabi/lib/armv6-m/libc_s.a(lib_a-nano-msizer.o)
