Archive member included because of file (symbol)

/Applications/SimplicityStudio_v3/developer/toolchains/gnu_arm/4.8_2013q4/bin/../lib/gcc/arm-none-eabi/4.8.3/../../../../arm-none-eabi/lib/armv7-m/libc_s.a(lib_a-exit.o)
                              /Applications/SimplicityStudio_v3/developer/toolchains/gnu_arm/4.8_2013q4/bin/../lib/gcc/arm-none-eabi/4.8.3/../../../../arm-none-eabi/lib/armv7-m/crt0.o (exit)
/Applications/SimplicityStudio_v3/developer/toolchains/gnu_arm/4.8_2013q4/bin/../lib/gcc/arm-none-eabi/4.8.3/../../../../arm-none-eabi/lib/armv7-m/libc_s.a(lib_a-impure.o)
                              /Applications/SimplicityStudio_v3/developer/toolchains/gnu_arm/4.8_2013q4/bin/../lib/gcc/arm-none-eabi/4.8.3/../../../../arm-none-eabi/lib/armv7-m/libc_s.a(lib_a-exit.o) (_global_impure_ptr)
/Applications/SimplicityStudio_v3/developer/toolchains/gnu_arm/4.8_2013q4/bin/../lib/gcc/arm-none-eabi/4.8.3/../../../../arm-none-eabi/lib/armv7-m/libc_s.a(lib_a-init.o)
                              /Applications/SimplicityStudio_v3/developer/toolchains/gnu_arm/4.8_2013q4/bin/../lib/gcc/arm-none-eabi/4.8.3/../../../../arm-none-eabi/lib/armv7-m/crt0.o (__libc_init_array)
/Applications/SimplicityStudio_v3/developer/toolchains/gnu_arm/4.8_2013q4/bin/../lib/gcc/arm-none-eabi/4.8.3/../../../../arm-none-eabi/lib/armv7-m/libc_s.a(lib_a-memset.o)
                              /Applications/SimplicityStudio_v3/developer/toolchains/gnu_arm/4.8_2013q4/bin/../lib/gcc/arm-none-eabi/4.8.3/../../../../arm-none-eabi/lib/armv7-m/crt0.o (memset)
/Applications/SimplicityStudio_v3/developer/toolchains/gnu_arm/4.8_2013q4/bin/../lib/gcc/arm-none-eabi/4.8.3/../../../../arm-none-eabi/lib/armv7-m/libnosys.a(_exit.o)
                              /Applications/SimplicityStudio_v3/developer/toolchains/gnu_arm/4.8_2013q4/bin/../lib/gcc/arm-none-eabi/4.8.3/../../../../arm-none-eabi/lib/armv7-m/libc_s.a(lib_a-exit.o) (_exit)

Allocating common symbols
Common symbol       size              file

SystemCoreClock     0x4               ./CMSIS/efm32gg/system_efm32gg.o
msTicks             0x4               ./src/main.o

Discarded input sections

 .text          0x0000000000000000        0x0 /Applications/SimplicityStudio_v3/developer/toolchains/gnu_arm/4.8_2013q4/bin/../lib/gcc/arm-none-eabi/4.8.3/armv7-m/crti.o
 .data          0x0000000000000000        0x0 /Applications/SimplicityStudio_v3/developer/toolchains/gnu_arm/4.8_2013q4/bin/../lib/gcc/arm-none-eabi/4.8.3/armv7-m/crti.o
 .bss           0x0000000000000000        0x0 /Applications/SimplicityStudio_v3/developer/toolchains/gnu_arm/4.8_2013q4/bin/../lib/gcc/arm-none-eabi/4.8.3/armv7-m/crti.o
 .data          0x0000000000000000        0x4 /Applications/SimplicityStudio_v3/developer/toolchains/gnu_arm/4.8_2013q4/bin/../lib/gcc/arm-none-eabi/4.8.3/armv7-m/crtbegin.o
 .data          0x0000000000000000        0x0 /Applications/SimplicityStudio_v3/developer/toolchains/gnu_arm/4.8_2013q4/bin/../lib/gcc/arm-none-eabi/4.8.3/../../../../arm-none-eabi/lib/armv7-m/crt0.o
 .bss           0x0000000000000000        0x0 /Applications/SimplicityStudio_v3/developer/toolchains/gnu_arm/4.8_2013q4/bin/../lib/gcc/arm-none-eabi/4.8.3/../../../../arm-none-eabi/lib/armv7-m/crt0.o
 .ARM.extab     0x0000000000000000        0x0 /Applications/SimplicityStudio_v3/developer/toolchains/gnu_arm/4.8_2013q4/bin/../lib/gcc/arm-none-eabi/4.8.3/../../../../arm-none-eabi/lib/armv7-m/crt0.o
 .text          0x0000000000000000        0x0 ./src/Relais.o
 .data          0x0000000000000000        0x0 ./src/Relais.o
 .bss           0x0000000000000000        0x0 ./src/Relais.o
 .text          0x0000000000000000        0x0 ./src/main.o
 .data          0x0000000000000000        0x0 ./src/main.o
 .bss           0x0000000000000000        0x0 ./src/main.o
 .text          0x0000000000000000        0x0 ./emlib/em_system.o
 .data          0x0000000000000000        0x0 ./emlib/em_system.o
 .bss           0x0000000000000000        0x0 ./emlib/em_system.o
 .text.SYSTEM_GetCalibrationValue
                0x0000000000000000       0x54 ./emlib/em_system.o
 .data          0x0000000000000000        0x0 ./CMSIS/efm32gg/startup_gcc_efm32gg.o
 .bss           0x0000000000000000        0x0 ./CMSIS/efm32gg/startup_gcc_efm32gg.o
 .text          0x0000000000000000        0x0 ./CMSIS/efm32gg/system_efm32gg.o
 .data          0x0000000000000000        0x0 ./CMSIS/efm32gg/system_efm32gg.o
 .bss           0x0000000000000000        0x0 ./CMSIS/efm32gg/system_efm32gg.o
 .data.SystemHFXOClock
                0x0000000000000000        0x4 ./CMSIS/efm32gg/system_efm32gg.o
 .data.SystemLFXOClock
                0x0000000000000000        0x4 ./CMSIS/efm32gg/system_efm32gg.o
 .text.GetProdRev
                0x0000000000000000       0x1c ./CMSIS/efm32gg/system_efm32gg.o
 .text.SystemCoreClockGet
                0x0000000000000000       0x48 ./CMSIS/efm32gg/system_efm32gg.o
 .text.SystemHFClockGet
                0x0000000000000000       0xf0 ./CMSIS/efm32gg/system_efm32gg.o
 .text.SystemHFXOClockGet
                0x0000000000000000       0x18 ./CMSIS/efm32gg/system_efm32gg.o
 .text.SystemHFXOClockSet
                0x0000000000000000       0x2c ./CMSIS/efm32gg/system_efm32gg.o
 .text.SystemLFRCOClockGet
                0x0000000000000000       0x14 ./CMSIS/efm32gg/system_efm32gg.o
 .text.SystemULFRCOClockGet
                0x0000000000000000       0x14 ./CMSIS/efm32gg/system_efm32gg.o
 .text.SystemLFXOClockGet
                0x0000000000000000       0x18 ./CMSIS/efm32gg/system_efm32gg.o
 .text.SystemLFXOClockSet
                0x0000000000000000       0x2c ./CMSIS/efm32gg/system_efm32gg.o
 COMMON         0x0000000000000000        0x4 ./CMSIS/efm32gg/system_efm32gg.o
 .text          0x0000000000000000        0x0 /Applications/SimplicityStudio_v3/developer/toolchains/gnu_arm/4.8_2013q4/bin/../lib/gcc/arm-none-eabi/4.8.3/../../../../arm-none-eabi/lib/armv7-m/libc_s.a(lib_a-exit.o)
 .data          0x0000000000000000        0x0 /Applications/SimplicityStudio_v3/developer/toolchains/gnu_arm/4.8_2013q4/bin/../lib/gcc/arm-none-eabi/4.8.3/../../../../arm-none-eabi/lib/armv7-m/libc_s.a(lib_a-exit.o)
 .bss           0x0000000000000000        0x0 /Applications/SimplicityStudio_v3/developer/toolchains/gnu_arm/4.8_2013q4/bin/../lib/gcc/arm-none-eabi/4.8.3/../../../../arm-none-eabi/lib/armv7-m/libc_s.a(lib_a-exit.o)
 .text          0x0000000000000000        0x0 /Applications/SimplicityStudio_v3/developer/toolchains/gnu_arm/4.8_2013q4/bin/../lib/gcc/arm-none-eabi/4.8.3/../../../../arm-none-eabi/lib/armv7-m/libc_s.a(lib_a-impure.o)
 .data          0x0000000000000000        0x0 /Applications/SimplicityStudio_v3/developer/toolchains/gnu_arm/4.8_2013q4/bin/../lib/gcc/arm-none-eabi/4.8.3/../../../../arm-none-eabi/lib/armv7-m/libc_s.a(lib_a-impure.o)
 .bss           0x0000000000000000        0x0 /Applications/SimplicityStudio_v3/developer/toolchains/gnu_arm/4.8_2013q4/bin/../lib/gcc/arm-none-eabi/4.8.3/../../../../arm-none-eabi/lib/armv7-m/libc_s.a(lib_a-impure.o)
 .data._impure_ptr
                0x0000000000000000        0x4 /Applications/SimplicityStudio_v3/developer/toolchains/gnu_arm/4.8_2013q4/bin/../lib/gcc/arm-none-eabi/4.8.3/../../../../arm-none-eabi/lib/armv7-m/libc_s.a(lib_a-impure.o)
 .text          0x0000000000000000        0x0 /Applications/SimplicityStudio_v3/developer/toolchains/gnu_arm/4.8_2013q4/bin/../lib/gcc/arm-none-eabi/4.8.3/../../../../arm-none-eabi/lib/armv7-m/libc_s.a(lib_a-init.o)
 .data          0x0000000000000000        0x0 /Applications/SimplicityStudio_v3/developer/toolchains/gnu_arm/4.8_2013q4/bin/../lib/gcc/arm-none-eabi/4.8.3/../../../../arm-none-eabi/lib/armv7-m/libc_s.a(lib_a-init.o)
 .bss           0x0000000000000000        0x0 /Applications/SimplicityStudio_v3/developer/toolchains/gnu_arm/4.8_2013q4/bin/../lib/gcc/arm-none-eabi/4.8.3/../../../../arm-none-eabi/lib/armv7-m/libc_s.a(lib_a-init.o)
 .text          0x0000000000000000        0x0 /Applications/SimplicityStudio_v3/developer/toolchains/gnu_arm/4.8_2013q4/bin/../lib/gcc/arm-none-eabi/4.8.3/../../../../arm-none-eabi/lib/armv7-m/libc_s.a(lib_a-memset.o)
 .data          0x0000000000000000        0x0 /Applications/SimplicityStudio_v3/developer/toolchains/gnu_arm/4.8_2013q4/bin/../lib/gcc/arm-none-eabi/4.8.3/../../../../arm-none-eabi/lib/armv7-m/libc_s.a(lib_a-memset.o)
 .bss           0x0000000000000000        0x0 /Applications/SimplicityStudio_v3/developer/toolchains/gnu_arm/4.8_2013q4/bin/../lib/gcc/arm-none-eabi/4.8.3/../../../../arm-none-eabi/lib/armv7-m/libc_s.a(lib_a-memset.o)
 .text          0x0000000000000000        0x0 /Applications/SimplicityStudio_v3/developer/toolchains/gnu_arm/4.8_2013q4/bin/../lib/gcc/arm-none-eabi/4.8.3/../../../../arm-none-eabi/lib/armv7-m/libnosys.a(_exit.o)
 .data          0x0000000000000000        0x0 /Applications/SimplicityStudio_v3/developer/toolchains/gnu_arm/4.8_2013q4/bin/../lib/gcc/arm-none-eabi/4.8.3/../../../../arm-none-eabi/lib/armv7-m/libnosys.a(_exit.o)
 .bss           0x0000000000000000        0x0 /Applications/SimplicityStudio_v3/developer/toolchains/gnu_arm/4.8_2013q4/bin/../lib/gcc/arm-none-eabi/4.8.3/../../../../arm-none-eabi/lib/armv7-m/libnosys.a(_exit.o)
 .text          0x0000000000000000        0x0 /Applications/SimplicityStudio_v3/developer/toolchains/gnu_arm/4.8_2013q4/bin/../lib/gcc/arm-none-eabi/4.8.3/armv7-m/crtend.o
 .data          0x0000000000000000        0x0 /Applications/SimplicityStudio_v3/developer/toolchains/gnu_arm/4.8_2013q4/bin/../lib/gcc/arm-none-eabi/4.8.3/armv7-m/crtend.o
 .bss           0x0000000000000000        0x0 /Applications/SimplicityStudio_v3/developer/toolchains/gnu_arm/4.8_2013q4/bin/../lib/gcc/arm-none-eabi/4.8.3/armv7-m/crtend.o
 .text          0x0000000000000000        0x0 /Applications/SimplicityStudio_v3/developer/toolchains/gnu_arm/4.8_2013q4/bin/../lib/gcc/arm-none-eabi/4.8.3/armv7-m/crtn.o
 .data          0x0000000000000000        0x0 /Applications/SimplicityStudio_v3/developer/toolchains/gnu_arm/4.8_2013q4/bin/../lib/gcc/arm-none-eabi/4.8.3/armv7-m/crtn.o
 .bss           0x0000000000000000        0x0 /Applications/SimplicityStudio_v3/developer/toolchains/gnu_arm/4.8_2013q4/bin/../lib/gcc/arm-none-eabi/4.8.3/armv7-m/crtn.o

Memory Configuration

Name             Origin             Length             Attributes
FLASH            0x0000000000000000 0x0000000000100000 xr
RAM              0x0000000020000000 0x0000000000020000 xrw
*default*        0x0000000000000000 0xffffffffffffffff

Linker script and memory map

LOAD /Applications/SimplicityStudio_v3/developer/toolchains/gnu_arm/4.8_2013q4/bin/../lib/gcc/arm-none-eabi/4.8.3/armv7-m/crti.o
LOAD /Applications/SimplicityStudio_v3/developer/toolchains/gnu_arm/4.8_2013q4/bin/../lib/gcc/arm-none-eabi/4.8.3/armv7-m/crtbegin.o
LOAD /Applications/SimplicityStudio_v3/developer/toolchains/gnu_arm/4.8_2013q4/bin/../lib/gcc/arm-none-eabi/4.8.3/../../../../arm-none-eabi/lib/armv7-m/crt0.o
LOAD ./src/Relais.o
LOAD ./src/main.o
LOAD ./emlib/em_system.o
LOAD ./CMSIS/efm32gg/startup_gcc_efm32gg.o
LOAD ./CMSIS/efm32gg/system_efm32gg.o
START GROUP
LOAD /Applications/SimplicityStudio_v3/developer/toolchains/gnu_arm/4.8_2013q4/bin/../lib/gcc/arm-none-eabi/4.8.3/armv7-m/libgcc.a
LOAD /Applications/SimplicityStudio_v3/developer/toolchains/gnu_arm/4.8_2013q4/bin/../lib/gcc/arm-none-eabi/4.8.3/../../../../arm-none-eabi/lib/armv7-m/libc_s.a
LOAD /Applications/SimplicityStudio_v3/developer/toolchains/gnu_arm/4.8_2013q4/bin/../lib/gcc/arm-none-eabi/4.8.3/../../../../arm-none-eabi/lib/armv7-m/libnosys.a
END GROUP
START GROUP
LOAD /Applications/SimplicityStudio_v3/developer/toolchains/gnu_arm/4.8_2013q4/bin/../lib/gcc/arm-none-eabi/4.8.3/armv7-m/libgcc.a
LOAD /Applications/SimplicityStudio_v3/developer/toolchains/gnu_arm/4.8_2013q4/bin/../lib/gcc/arm-none-eabi/4.8.3/../../../../arm-none-eabi/lib/armv7-m/libg_s.a
LOAD /Applications/SimplicityStudio_v3/developer/toolchains/gnu_arm/4.8_2013q4/bin/../lib/gcc/arm-none-eabi/4.8.3/../../../../arm-none-eabi/lib/armv7-m/libc_s.a
END GROUP
START GROUP
LOAD /Applications/SimplicityStudio_v3/developer/toolchains/gnu_arm/4.8_2013q4/bin/../lib/gcc/arm-none-eabi/4.8.3/armv7-m/libgcc.a
LOAD /Applications/SimplicityStudio_v3/developer/toolchains/gnu_arm/4.8_2013q4/bin/../lib/gcc/arm-none-eabi/4.8.3/../../../../arm-none-eabi/lib/armv7-m/libc_s.a
END GROUP
LOAD /Applications/SimplicityStudio_v3/developer/toolchains/gnu_arm/4.8_2013q4/bin/../lib/gcc/arm-none-eabi/4.8.3/armv7-m/crtend.o
LOAD /Applications/SimplicityStudio_v3/developer/toolchains/gnu_arm/4.8_2013q4/bin/../lib/gcc/arm-none-eabi/4.8.3/armv7-m/crtn.o

.text           0x0000000000000000      0x5c0
 *(.vectors)
 .vectors       0x0000000000000000       0xdc ./CMSIS/efm32gg/startup_gcc_efm32gg.o
                0x0000000000000000                __Vectors
                0x00000000000000dc                __Vectors_End = .
                0x00000000000000dc                __Vectors_Size = (__Vectors_End - __Vectors)
                0x00000000000000dc                __end__ = .
 *(.text*)
 .text          0x00000000000000dc       0x54 /Applications/SimplicityStudio_v3/developer/toolchains/gnu_arm/4.8_2013q4/bin/../lib/gcc/arm-none-eabi/4.8.3/armv7-m/crtbegin.o
 .text          0x0000000000000130       0x74 /Applications/SimplicityStudio_v3/developer/toolchains/gnu_arm/4.8_2013q4/bin/../lib/gcc/arm-none-eabi/4.8.3/../../../../arm-none-eabi/lib/armv7-m/crt0.o
                0x0000000000000130                _mainCRTStartup
                0x0000000000000130                _start
 .text.GPIO_PinOutClear
                0x00000000000001a4       0x44 ./src/Relais.o
 .text.GPIO_PinOutSet
                0x00000000000001e8       0x44 ./src/Relais.o
 .text.Relais_bediening
                0x000000000000022c       0x70 ./src/Relais.o
                0x000000000000022c                Relais_bediening
 .text.NVIC_SetPriority
                0x000000000000029c       0x54 ./src/main.o
 .text.SysTick_Config
                0x00000000000002f0       0x44 ./src/main.o
 .text.CHIP_Init
                0x0000000000000334       0x40 ./src/main.o
 .text.SysTick_Handler
                0x0000000000000374       0x1c ./src/main.o
                0x0000000000000374                SysTick_Handler
 .text.Delay    0x0000000000000390       0x2c ./src/main.o
                0x0000000000000390                Delay
 .text.main     0x00000000000003bc       0xa8 ./src/main.o
                0x00000000000003bc                main
 .text.SYSTEM_ChipRevisionGet
                0x0000000000000464       0x74 ./emlib/em_system.o
                0x0000000000000464                SYSTEM_ChipRevisionGet
 .text          0x00000000000004d8       0x30 ./CMSIS/efm32gg/startup_gcc_efm32gg.o
                0x00000000000004d8                Reset_Handler
                0x0000000000000504                DebugMon_Handler
                0x0000000000000504                USART0_TX_IRQHandler
                0x0000000000000504                I2C0_IRQHandler
                0x0000000000000504                HardFault_Handler
                0x0000000000000504                LEUART1_IRQHandler
                0x0000000000000504                USART1_RX_IRQHandler
                0x0000000000000504                PendSV_Handler
                0x0000000000000504                NMI_Handler
                0x0000000000000504                I2C1_IRQHandler
                0x0000000000000504                TIMER3_IRQHandler
                0x0000000000000504                USART1_TX_IRQHandler
                0x0000000000000504                MSC_IRQHandler
                0x0000000000000504                ADC0_IRQHandler
                0x0000000000000504                UsageFault_Handler
                0x0000000000000504                LEUART0_IRQHandler
                0x0000000000000504                GPIO_EVEN_IRQHandler
                0x0000000000000504                UART0_TX_IRQHandler
                0x0000000000000504                UART1_TX_IRQHandler
                0x0000000000000504                RTC_IRQHandler
                0x0000000000000504                TIMER0_IRQHandler
                0x0000000000000504                LCD_IRQHandler
                0x0000000000000504                PCNT2_IRQHandler
                0x0000000000000504                UART0_RX_IRQHandler
                0x0000000000000504                LETIMER0_IRQHandler
                0x0000000000000504                TIMER1_IRQHandler
                0x0000000000000504                USART2_RX_IRQHandler
                0x0000000000000504                Default_Handler
                0x0000000000000504                EMU_IRQHandler
                0x0000000000000504                PCNT0_IRQHandler
                0x0000000000000504                USB_IRQHandler
                0x0000000000000504                BURTC_IRQHandler
                0x0000000000000504                PCNT1_IRQHandler
                0x0000000000000504                ACMP0_IRQHandler
                0x0000000000000504                USART0_RX_IRQHandler
                0x0000000000000504                MemManage_Handler
                0x0000000000000504                SVC_Handler
                0x0000000000000504                DAC0_IRQHandler
                0x0000000000000504                UART1_RX_IRQHandler
                0x0000000000000504                CMU_IRQHandler
                0x0000000000000504                EBI_IRQHandler
                0x0000000000000504                LESENSE_IRQHandler
                0x0000000000000504                GPIO_ODD_IRQHandler
                0x0000000000000504                AES_IRQHandler
                0x0000000000000504                VCMP_IRQHandler
                0x0000000000000504                DMA_IRQHandler
                0x0000000000000504                BusFault_Handler
                0x0000000000000504                TIMER2_IRQHandler
                0x0000000000000504                USART2_TX_IRQHandler
 .text.SystemInit
                0x0000000000000508        0xc ./CMSIS/efm32gg/system_efm32gg.o
                0x0000000000000508                SystemInit
 .text.exit     0x0000000000000514       0x28 /Applications/SimplicityStudio_v3/developer/toolchains/gnu_arm/4.8_2013q4/bin/../lib/gcc/arm-none-eabi/4.8.3/../../../../arm-none-eabi/lib/armv7-m/libc_s.a(lib_a-exit.o)
                0x0000000000000514                exit
 .text.__libc_init_array
                0x000000000000053c       0x4c /Applications/SimplicityStudio_v3/developer/toolchains/gnu_arm/4.8_2013q4/bin/../lib/gcc/arm-none-eabi/4.8.3/../../../../arm-none-eabi/lib/armv7-m/libc_s.a(lib_a-init.o)
                0x000000000000053c                __libc_init_array
 .text.memset   0x0000000000000588       0x10 /Applications/SimplicityStudio_v3/developer/toolchains/gnu_arm/4.8_2013q4/bin/../lib/gcc/arm-none-eabi/4.8.3/../../../../arm-none-eabi/lib/armv7-m/libc_s.a(lib_a-memset.o)
                0x0000000000000588                memset
 .text._exit    0x0000000000000598        0x4 /Applications/SimplicityStudio_v3/developer/toolchains/gnu_arm/4.8_2013q4/bin/../lib/gcc/arm-none-eabi/4.8.3/../../../../arm-none-eabi/lib/armv7-m/libnosys.a(_exit.o)
                0x0000000000000598                _exit
 *(.init)
 .init          0x000000000000059c        0x4 /Applications/SimplicityStudio_v3/developer/toolchains/gnu_arm/4.8_2013q4/bin/../lib/gcc/arm-none-eabi/4.8.3/armv7-m/crti.o
                0x000000000000059c                _init
 .init          0x00000000000005a0        0x8 /Applications/SimplicityStudio_v3/developer/toolchains/gnu_arm/4.8_2013q4/bin/../lib/gcc/arm-none-eabi/4.8.3/armv7-m/crtn.o
 *(.fini)
 .fini          0x00000000000005a8        0x4 /Applications/SimplicityStudio_v3/developer/toolchains/gnu_arm/4.8_2013q4/bin/../lib/gcc/arm-none-eabi/4.8.3/armv7-m/crti.o
                0x00000000000005a8                _fini
 .fini          0x00000000000005ac        0x8 /Applications/SimplicityStudio_v3/developer/toolchains/gnu_arm/4.8_2013q4/bin/../lib/gcc/arm-none-eabi/4.8.3/armv7-m/crtn.o
 *crtbegin.o(.ctors)
 *crtbegin?.o(.ctors)
 *(EXCLUDE_FILE(*crtend.o *crtend?.o) .ctors)
 *(SORT(.ctors.*))
 *(.ctors)
 *crtbegin.o(.dtors)
 *crtbegin?.o(.dtors)
 *(EXCLUDE_FILE(*crtend.o *crtend?.o) .dtors)
 *(SORT(.dtors.*))
 *(.dtors)
 *(.rodata*)
 .rodata.str1.1
                0x00000000000005b4        0x2 /Applications/SimplicityStudio_v3/developer/toolchains/gnu_arm/4.8_2013q4/bin/../lib/gcc/arm-none-eabi/4.8.3/../../../../arm-none-eabi/lib/armv7-m/libc_s.a(lib_a-impure.o)
 *fill*         0x00000000000005b6        0x2 
 .rodata._global_impure_ptr
                0x00000000000005b8        0x4 /Applications/SimplicityStudio_v3/developer/toolchains/gnu_arm/4.8_2013q4/bin/../lib/gcc/arm-none-eabi/4.8.3/../../../../arm-none-eabi/lib/armv7-m/libc_s.a(lib_a-impure.o)
                0x00000000000005b8                _global_impure_ptr
 *(.eh_frame*)
 .eh_frame      0x00000000000005bc        0x0 /Applications/SimplicityStudio_v3/developer/toolchains/gnu_arm/4.8_2013q4/bin/../lib/gcc/arm-none-eabi/4.8.3/armv7-m/crtbegin.o
 .eh_frame      0x00000000000005bc        0x4 /Applications/SimplicityStudio_v3/developer/toolchains/gnu_arm/4.8_2013q4/bin/../lib/gcc/arm-none-eabi/4.8.3/armv7-m/crtend.o

.glue_7         0x00000000000005c0        0x0
 .glue_7        0x0000000000000000        0x0 linker stubs

.glue_7t        0x00000000000005c0        0x0
 .glue_7t       0x0000000000000000        0x0 linker stubs

.vfp11_veneer   0x00000000000005c0        0x0
 .vfp11_veneer  0x0000000000000000        0x0 linker stubs

.v4_bx          0x00000000000005c0        0x0
 .v4_bx         0x0000000000000000        0x0 linker stubs

.iplt           0x00000000000005c0        0x0
 .iplt          0x0000000000000000        0x0 /Applications/SimplicityStudio_v3/developer/toolchains/gnu_arm/4.8_2013q4/bin/../lib/gcc/arm-none-eabi/4.8.3/armv7-m/crtbegin.o

.ARM.extab
 *(.ARM.extab* .gnu.linkonce.armextab.*)
                0x00000000000005c0                __exidx_start = .

.ARM.exidx      0x00000000000005c0        0x8
 *(.ARM.exidx* .gnu.linkonce.armexidx.*)
 .ARM.exidx     0x00000000000005c0        0x8 /Applications/SimplicityStudio_v3/developer/toolchains/gnu_arm/4.8_2013q4/bin/../lib/gcc/arm-none-eabi/4.8.3/../../../../arm-none-eabi/lib/armv7-m/crt0.o
                0x00000000000005c8                __exidx_end = .
                0x00000000000005c8                __etext = .

.rel.dyn        0x00000000000005c8        0x0
 .rel.iplt      0x0000000000000000        0x0 /Applications/SimplicityStudio_v3/developer/toolchains/gnu_arm/4.8_2013q4/bin/../lib/gcc/arm-none-eabi/4.8.3/armv7-m/crtbegin.o

.data           0x0000000020000000       0x6c load address 0x00000000000005c8
                0x0000000020000000                __data_start__ = .
 *(vtable)
 *(.data*)
 .data.impure_data
                0x0000000020000000       0x60 /Applications/SimplicityStudio_v3/developer/toolchains/gnu_arm/4.8_2013q4/bin/../lib/gcc/arm-none-eabi/4.8.3/../../../../arm-none-eabi/lib/armv7-m/libc_s.a(lib_a-impure.o)
                0x0000000020000060                . = ALIGN (0x4)
 *(.ram)
                0x0000000020000060                . = ALIGN (0x4)
                0x0000000020000060                PROVIDE (__preinit_array_start, .)
 *(.preinit_array)
                0x0000000020000060                PROVIDE (__preinit_array_end, .)
                0x0000000020000060                . = ALIGN (0x4)
                0x0000000020000060                PROVIDE (__init_array_start, .)
 *(SORT(.init_array.*))
 *(.init_array)
 .init_array    0x0000000020000060        0x4 /Applications/SimplicityStudio_v3/developer/toolchains/gnu_arm/4.8_2013q4/bin/../lib/gcc/arm-none-eabi/4.8.3/armv7-m/crtbegin.o
                0x0000000020000064                PROVIDE (__init_array_end, .)
                0x0000000020000064                . = ALIGN (0x4)
                0x0000000020000064                PROVIDE (__fini_array_start, .)
 *(SORT(.fini_array.*))
 *(.fini_array)
 .fini_array    0x0000000020000064        0x4 /Applications/SimplicityStudio_v3/developer/toolchains/gnu_arm/4.8_2013q4/bin/../lib/gcc/arm-none-eabi/4.8.3/armv7-m/crtbegin.o
                0x0000000020000068                PROVIDE (__fini_array_end, .)
 *(.jcr*)
 .jcr           0x0000000020000068        0x0 /Applications/SimplicityStudio_v3/developer/toolchains/gnu_arm/4.8_2013q4/bin/../lib/gcc/arm-none-eabi/4.8.3/armv7-m/crtbegin.o
 .jcr           0x0000000020000068        0x4 /Applications/SimplicityStudio_v3/developer/toolchains/gnu_arm/4.8_2013q4/bin/../lib/gcc/arm-none-eabi/4.8.3/armv7-m/crtend.o
                0x000000002000006c                . = ALIGN (0x4)
                0x000000002000006c                __data_end__ = .

.igot.plt       0x000000002000006c        0x0 load address 0x0000000000000634
 .igot.plt      0x0000000000000000        0x0 /Applications/SimplicityStudio_v3/developer/toolchains/gnu_arm/4.8_2013q4/bin/../lib/gcc/arm-none-eabi/4.8.3/armv7-m/crtbegin.o

.bss            0x000000002000006c       0x20 load address 0x0000000000000634
                0x000000002000006c                . = ALIGN (0x4)
                0x000000002000006c                __bss_start__ = .
 *(.bss*)
 .bss           0x000000002000006c       0x1c /Applications/SimplicityStudio_v3/developer/toolchains/gnu_arm/4.8_2013q4/bin/../lib/gcc/arm-none-eabi/4.8.3/armv7-m/crtbegin.o
 *(COMMON)
 COMMON         0x0000000020000088        0x4 ./src/main.o
                0x0000000020000088                msTicks
                0x000000002000008c                . = ALIGN (0x4)
                0x000000002000008c                __bss_end__ = .

.heap           0x0000000020000090      0xc00
                0x0000000020000090                __HeapBase = .
                0x0000000020000090                __end__ = .
                0x0000000020000090                end = __end__
                0x0000000020000090                _end = __end__
 *(.heap*)
 .heap          0x0000000020000090      0xc00 ./CMSIS/efm32gg/startup_gcc_efm32gg.o
                0x0000000020000c90                __HeapLimit = .

.stack_dummy    0x0000000020000090      0x400
 *(.stack*)
 .stack         0x0000000020000090      0x400 ./CMSIS/efm32gg/startup_gcc_efm32gg.o
                0x0000000020020000                __StackTop = (ORIGIN (RAM) + 0x20000)
                0x000000002001fc00                __StackLimit = (__StackTop - SIZEOF (.stack_dummy))
                0x0000000020020000                PROVIDE (__stack, __StackTop)
                0x0000000000000001                ASSERT ((__StackLimit >= __HeapLimit), region RAM overflowed with stack)
                0x0000000000000001                ASSERT ((0x100000 >= (__etext + SIZEOF (.data))), FLASH memory overflowed !)
OUTPUT(Domotica_2.axf elf32-littlearm)

.ARM.attributes
                0x0000000000000000       0x29
 .ARM.attributes
                0x0000000000000000       0x1d /Applications/SimplicityStudio_v3/developer/toolchains/gnu_arm/4.8_2013q4/bin/../lib/gcc/arm-none-eabi/4.8.3/armv7-m/crti.o
 .ARM.attributes
                0x000000000000001d       0x2d /Applications/SimplicityStudio_v3/developer/toolchains/gnu_arm/4.8_2013q4/bin/../lib/gcc/arm-none-eabi/4.8.3/armv7-m/crtbegin.o
 .ARM.attributes
                0x000000000000004a       0x1b /Applications/SimplicityStudio_v3/developer/toolchains/gnu_arm/4.8_2013q4/bin/../lib/gcc/arm-none-eabi/4.8.3/../../../../arm-none-eabi/lib/armv7-m/crt0.o
 .ARM.attributes
                0x0000000000000065       0x33 ./src/Relais.o
 .ARM.attributes
                0x0000000000000098       0x33 ./src/main.o
 .ARM.attributes
                0x00000000000000cb       0x33 ./emlib/em_system.o
 .ARM.attributes
                0x00000000000000fe       0x1b ./CMSIS/efm32gg/startup_gcc_efm32gg.o
 .ARM.attributes
                0x0000000000000119       0x33 ./CMSIS/efm32gg/system_efm32gg.o
 .ARM.attributes
                0x000000000000014c       0x2d /Applications/SimplicityStudio_v3/developer/toolchains/gnu_arm/4.8_2013q4/bin/../lib/gcc/arm-none-eabi/4.8.3/../../../../arm-none-eabi/lib/armv7-m/libc_s.a(lib_a-exit.o)
 .ARM.attributes
                0x0000000000000179       0x2d /Applications/SimplicityStudio_v3/developer/toolchains/gnu_arm/4.8_2013q4/bin/../lib/gcc/arm-none-eabi/4.8.3/../../../../arm-none-eabi/lib/armv7-m/libc_s.a(lib_a-impure.o)
 .ARM.attributes
                0x00000000000001a6       0x2d /Applications/SimplicityStudio_v3/developer/toolchains/gnu_arm/4.8_2013q4/bin/../lib/gcc/arm-none-eabi/4.8.3/../../../../arm-none-eabi/lib/armv7-m/libc_s.a(lib_a-init.o)
 .ARM.attributes
                0x00000000000001d3       0x2d /Applications/SimplicityStudio_v3/developer/toolchains/gnu_arm/4.8_2013q4/bin/../lib/gcc/arm-none-eabi/4.8.3/../../../../arm-none-eabi/lib/armv7-m/libc_s.a(lib_a-memset.o)
 .ARM.attributes
                0x0000000000000200       0x2d /Applications/SimplicityStudio_v3/developer/toolchains/gnu_arm/4.8_2013q4/bin/../lib/gcc/arm-none-eabi/4.8.3/../../../../arm-none-eabi/lib/armv7-m/libnosys.a(_exit.o)
 .ARM.attributes
                0x000000000000022d       0x2d /Applications/SimplicityStudio_v3/developer/toolchains/gnu_arm/4.8_2013q4/bin/../lib/gcc/arm-none-eabi/4.8.3/armv7-m/crtend.o
 .ARM.attributes
                0x000000000000025a       0x1d /Applications/SimplicityStudio_v3/developer/toolchains/gnu_arm/4.8_2013q4/bin/../lib/gcc/arm-none-eabi/4.8.3/armv7-m/crtn.o

.comment        0x0000000000000000       0x70
 .comment       0x0000000000000000       0x70 ./src/Relais.o
                                         0x71 (size before relaxing)
 .comment       0x0000000000000000       0x71 ./src/main.o
 .comment       0x0000000000000000       0x71 ./emlib/em_system.o
 .comment       0x0000000000000000       0x71 ./CMSIS/efm32gg/system_efm32gg.o

.debug_info     0x0000000000000000     0x1483
 .debug_info    0x0000000000000000      0x38a ./src/Relais.o
 .debug_info    0x000000000000038a      0x8aa ./src/main.o
 .debug_info    0x0000000000000c34      0x245 ./emlib/em_system.o
 .debug_info    0x0000000000000e79       0xc3 ./CMSIS/efm32gg/startup_gcc_efm32gg.o
 .debug_info    0x0000000000000f3c      0x547 ./CMSIS/efm32gg/system_efm32gg.o

.debug_abbrev   0x0000000000000000      0x595
 .debug_abbrev  0x0000000000000000      0x13e ./src/Relais.o
 .debug_abbrev  0x000000000000013e      0x1e7 ./src/main.o
 .debug_abbrev  0x0000000000000325       0xef ./emlib/em_system.o
 .debug_abbrev  0x0000000000000414       0x14 ./CMSIS/efm32gg/startup_gcc_efm32gg.o
 .debug_abbrev  0x0000000000000428      0x16d ./CMSIS/efm32gg/system_efm32gg.o

.debug_loc      0x0000000000000000      0x444
 .debug_loc     0x0000000000000000       0xa8 ./src/Relais.o
 .debug_loc     0x00000000000000a8      0x144 ./src/main.o
 .debug_loc     0x00000000000001ec       0x70 ./emlib/em_system.o
 .debug_loc     0x000000000000025c      0x1e8 ./CMSIS/efm32gg/system_efm32gg.o

.debug_aranges  0x0000000000000000      0x128
 .debug_aranges
                0x0000000000000000       0x30 ./src/Relais.o
 .debug_aranges
                0x0000000000000030       0x48 ./src/main.o
 .debug_aranges
                0x0000000000000078       0x28 ./emlib/em_system.o
 .debug_aranges
                0x00000000000000a0       0x20 ./CMSIS/efm32gg/startup_gcc_efm32gg.o
 .debug_aranges
                0x00000000000000c0       0x68 ./CMSIS/efm32gg/system_efm32gg.o

.debug_ranges   0x0000000000000000       0xc8
 .debug_ranges  0x0000000000000000       0x20 ./src/Relais.o
 .debug_ranges  0x0000000000000020       0x38 ./src/main.o
 .debug_ranges  0x0000000000000058       0x18 ./emlib/em_system.o
 .debug_ranges  0x0000000000000070       0x58 ./CMSIS/efm32gg/system_efm32gg.o

.debug_line     0x0000000000000000      0x9c3
 .debug_line    0x0000000000000000      0x225 ./src/Relais.o
 .debug_line    0x0000000000000225      0x2bb ./src/main.o
 .debug_line    0x00000000000004e0      0x20f ./emlib/em_system.o
 .debug_line    0x00000000000006ef       0x72 ./CMSIS/efm32gg/startup_gcc_efm32gg.o
 .debug_line    0x0000000000000761      0x262 ./CMSIS/efm32gg/system_efm32gg.o

.debug_str      0x0000000000000000      0xdab
 .debug_str     0x0000000000000000      0x30c ./src/Relais.o
                                        0x352 (size before relaxing)
 .debug_str     0x000000000000030c      0x78d ./src/main.o
                                        0x9e8 (size before relaxing)
 .debug_str     0x0000000000000a99       0xb9 ./emlib/em_system.o
                                        0x2e0 (size before relaxing)
 .debug_str     0x0000000000000b52      0x259 ./CMSIS/efm32gg/system_efm32gg.o
                                        0x4a7 (size before relaxing)

.debug_frame    0x0000000000000000      0x324
 .debug_frame   0x0000000000000000       0x68 ./src/Relais.o
 .debug_frame   0x0000000000000068       0xc0 ./src/main.o
 .debug_frame   0x0000000000000128       0x48 ./emlib/em_system.o
 .debug_frame   0x0000000000000170      0x120 ./CMSIS/efm32gg/system_efm32gg.o
 .debug_frame   0x0000000000000290       0x28 /Applications/SimplicityStudio_v3/developer/toolchains/gnu_arm/4.8_2013q4/bin/../lib/gcc/arm-none-eabi/4.8.3/../../../../arm-none-eabi/lib/armv7-m/libc_s.a(lib_a-exit.o)
 .debug_frame   0x00000000000002b8       0x2c /Applications/SimplicityStudio_v3/developer/toolchains/gnu_arm/4.8_2013q4/bin/../lib/gcc/arm-none-eabi/4.8.3/../../../../arm-none-eabi/lib/armv7-m/libc_s.a(lib_a-init.o)
 .debug_frame   0x00000000000002e4       0x20 /Applications/SimplicityStudio_v3/developer/toolchains/gnu_arm/4.8_2013q4/bin/../lib/gcc/arm-none-eabi/4.8.3/../../../../arm-none-eabi/lib/armv7-m/libc_s.a(lib_a-memset.o)
 .debug_frame   0x0000000000000304       0x20 /Applications/SimplicityStudio_v3/developer/toolchains/gnu_arm/4.8_2013q4/bin/../lib/gcc/arm-none-eabi/4.8.3/../../../../arm-none-eabi/lib/armv7-m/libnosys.a(_exit.o)
