Archive member included because of file (symbol)

/Applications/SimplicityStudio_v3/developer/toolchains/gnu_arm/4.8_2013q4/bin/../lib/gcc/arm-none-eabi/4.8.3/../../../../arm-none-eabi/lib/armv7-m/libc_s.a(lib_a-exit.o)
                              /Applications/SimplicityStudio_v3/developer/toolchains/gnu_arm/4.8_2013q4/bin/../lib/gcc/arm-none-eabi/4.8.3/../../../../arm-none-eabi/lib/armv7-m/crt0.o (exit)
/Applications/SimplicityStudio_v3/developer/toolchains/gnu_arm/4.8_2013q4/bin/../lib/gcc/arm-none-eabi/4.8.3/../../../../arm-none-eabi/lib/armv7-m/libc_s.a(lib_a-impure.o)
                              /Applications/SimplicityStudio_v3/developer/toolchains/gnu_arm/4.8_2013q4/bin/../lib/gcc/arm-none-eabi/4.8.3/../../../../arm-none-eabi/lib/armv7-m/libc_s.a(lib_a-exit.o) (_global_impure_ptr)
/Applications/SimplicityStudio_v3/developer/toolchains/gnu_arm/4.8_2013q4/bin/../lib/gcc/arm-none-eabi/4.8.3/../../../../arm-none-eabi/lib/armv7-m/libc_s.a(lib_a-init.o)
                              /Applications/SimplicityStudio_v3/developer/toolchains/gnu_arm/4.8_2013q4/bin/../lib/gcc/arm-none-eabi/4.8.3/../../../../arm-none-eabi/lib/armv7-m/crt0.o (__libc_init_array)
/Applications/SimplicityStudio_v3/developer/toolchains/gnu_arm/4.8_2013q4/bin/../lib/gcc/arm-none-eabi/4.8.3/../../../../arm-none-eabi/lib/armv7-m/libc_s.a(lib_a-memcpy-stub.o)
                              ./BSP/bsp_stk.o (memcpy)
/Applications/SimplicityStudio_v3/developer/toolchains/gnu_arm/4.8_2013q4/bin/../lib/gcc/arm-none-eabi/4.8.3/../../../../arm-none-eabi/lib/armv7-m/libc_s.a(lib_a-memset.o)
                              /Applications/SimplicityStudio_v3/developer/toolchains/gnu_arm/4.8_2013q4/bin/../lib/gcc/arm-none-eabi/4.8.3/../../../../arm-none-eabi/lib/armv7-m/crt0.o (memset)
/Applications/SimplicityStudio_v3/developer/toolchains/gnu_arm/4.8_2013q4/bin/../lib/gcc/arm-none-eabi/4.8.3/../../../../arm-none-eabi/lib/armv7-m/libnosys.a(_exit.o)
                              /Applications/SimplicityStudio_v3/developer/toolchains/gnu_arm/4.8_2013q4/bin/../lib/gcc/arm-none-eabi/4.8.3/../../../../arm-none-eabi/lib/armv7-m/libc_s.a(lib_a-exit.o) (_exit)

Allocating common symbols
Common symbol       size              file

SystemCoreClock     0x4               ./CMSIS/efm32gg/system_efm32gg.o
msTicks             0x4               ./src/blink.o

Discarded input sections

 .text          0x0000000000000000        0x0 /Applications/SimplicityStudio_v3/developer/toolchains/gnu_arm/4.8_2013q4/bin/../lib/gcc/arm-none-eabi/4.8.3/armv7-m/crti.o
 .data          0x0000000000000000        0x0 /Applications/SimplicityStudio_v3/developer/toolchains/gnu_arm/4.8_2013q4/bin/../lib/gcc/arm-none-eabi/4.8.3/armv7-m/crti.o
 .bss           0x0000000000000000        0x0 /Applications/SimplicityStudio_v3/developer/toolchains/gnu_arm/4.8_2013q4/bin/../lib/gcc/arm-none-eabi/4.8.3/armv7-m/crti.o
 .data          0x0000000000000000        0x4 /Applications/SimplicityStudio_v3/developer/toolchains/gnu_arm/4.8_2013q4/bin/../lib/gcc/arm-none-eabi/4.8.3/armv7-m/crtbegin.o
 .data          0x0000000000000000        0x0 /Applications/SimplicityStudio_v3/developer/toolchains/gnu_arm/4.8_2013q4/bin/../lib/gcc/arm-none-eabi/4.8.3/../../../../arm-none-eabi/lib/armv7-m/crt0.o
 .bss           0x0000000000000000        0x0 /Applications/SimplicityStudio_v3/developer/toolchains/gnu_arm/4.8_2013q4/bin/../lib/gcc/arm-none-eabi/4.8.3/../../../../arm-none-eabi/lib/armv7-m/crt0.o
 .ARM.extab     0x0000000000000000        0x0 /Applications/SimplicityStudio_v3/developer/toolchains/gnu_arm/4.8_2013q4/bin/../lib/gcc/arm-none-eabi/4.8.3/../../../../arm-none-eabi/lib/armv7-m/crt0.o
 .text          0x0000000000000000        0x0 ./src/blink.o
 .data          0x0000000000000000        0x0 ./src/blink.o
 .bss           0x0000000000000000        0x0 ./src/blink.o
 .text          0x0000000000000000        0x0 ./emlib/em_assert.o
 .data          0x0000000000000000        0x0 ./emlib/em_assert.o
 .bss           0x0000000000000000        0x0 ./emlib/em_assert.o
 .text          0x0000000000000000        0x0 ./emlib/em_cmu.o
 .data          0x0000000000000000        0x0 ./emlib/em_cmu.o
 .bss           0x0000000000000000        0x0 ./emlib/em_cmu.o
 .text.CMU_FlashWaitStateControl
                0x0000000000000000       0xb8 ./emlib/em_cmu.o
 .text.CMU_FlashWaitStateMax
                0x0000000000000000       0x1c ./emlib/em_cmu.o
 .text.CMU_Log2ToDiv
                0x0000000000000000       0x1c ./emlib/em_cmu.o
 .text.CMU_Calibrate
                0x0000000000000000       0xa4 ./emlib/em_cmu.o
 .text.CMU_CalibrateConfig
                0x0000000000000000       0xfc ./emlib/em_cmu.o
 .text.CMU_ClockDivGet
                0x0000000000000000      0x18c ./emlib/em_cmu.o
 .text.CMU_ClockDivSet
                0x0000000000000000      0x2e8 ./emlib/em_cmu.o
 .text.CMU_ClockSelectSet
                0x0000000000000000      0x2d8 ./emlib/em_cmu.o
 .text.CMU_FreezeEnable
                0x0000000000000000       0x38 ./emlib/em_cmu.o
 .text.CMU_AUXHFRCOBandGet
                0x0000000000000000       0x20 ./emlib/em_cmu.o
 .text.CMU_AUXHFRCOBandSet
                0x0000000000000000       0xb8 ./emlib/em_cmu.o
 .text.CMU_HFRCOBandGet
                0x0000000000000000       0x20 ./emlib/em_cmu.o
 .text.CMU_HFRCOBandSet
                0x0000000000000000       0xd8 ./emlib/em_cmu.o
 .text.CMU_HFRCOStartupDelayGet
                0x0000000000000000       0x1c ./emlib/em_cmu.o
 .text.CMU_HFRCOStartupDelaySet
                0x0000000000000000       0x40 ./emlib/em_cmu.o
 .text.CMU_LCDClkFDIVGet
                0x0000000000000000       0x1c ./emlib/em_cmu.o
 .text.CMU_LCDClkFDIVSet
                0x0000000000000000       0x4c ./emlib/em_cmu.o
 .text.CMU_OscillatorEnable
                0x0000000000000000       0xd0 ./emlib/em_cmu.o
 .text.CMU_OscillatorTuningGet
                0x0000000000000000       0x5c ./emlib/em_cmu.o
 .text.CMU_OscillatorTuningSet
                0x0000000000000000       0xb0 ./emlib/em_cmu.o
 .text.CMU_PCNTClockExternalGet
                0x0000000000000000       0x64 ./emlib/em_cmu.o
 .text.CMU_PCNTClockExternalSet
                0x0000000000000000       0x48 ./emlib/em_cmu.o
 .text          0x0000000000000000        0x0 ./emlib/em_ebi.o
 .data          0x0000000000000000        0x0 ./emlib/em_ebi.o
 .bss           0x0000000000000000        0x0 ./emlib/em_ebi.o
 .text.EBI_TFTFrameBaseSet
                0x0000000000000000       0x1c ./emlib/em_ebi.o
 .text.BITBAND_Peripheral
                0x0000000000000000       0x2c ./emlib/em_ebi.o
 .text.EBI_Init
                0x0000000000000000      0x354 ./emlib/em_ebi.o
 .text.EBI_Disable
                0x0000000000000000       0x1c ./emlib/em_ebi.o
 .text.EBI_BankEnable
                0x0000000000000000       0x70 ./emlib/em_ebi.o
 .rodata        0x0000000000000000       0x50 ./emlib/em_ebi.o
 .text.EBI_BankAddress
                0x0000000000000000      0x104 ./emlib/em_ebi.o
 .text.EBI_ChipSelectEnable
                0x0000000000000000       0x70 ./emlib/em_ebi.o
 .text.EBI_PolaritySet
                0x0000000000000000      0x100 ./emlib/em_ebi.o
 .text.EBI_ReadTimingSet
                0x0000000000000000       0x70 ./emlib/em_ebi.o
 .text.EBI_WriteTimingSet
                0x0000000000000000       0x70 ./emlib/em_ebi.o
 .text.EBI_AddressTimingSet
                0x0000000000000000       0x58 ./emlib/em_ebi.o
 .text.EBI_TFTInit
                0x0000000000000000      0x100 ./emlib/em_ebi.o
 .text.EBI_TFTSizeSet
                0x0000000000000000       0x50 ./emlib/em_ebi.o
 .text.EBI_TFTHPorchSet
                0x0000000000000000       0x60 ./emlib/em_ebi.o
 .text.EBI_TFTVPorchSet
                0x0000000000000000       0x60 ./emlib/em_ebi.o
 .text.EBI_TFTTimingSet
                0x0000000000000000       0x78 ./emlib/em_ebi.o
 .text.EBI_BankReadTimingConfig
                0x0000000000000000       0xf4 ./emlib/em_ebi.o
 .text.EBI_BankReadTimingSet
                0x0000000000000000       0xe8 ./emlib/em_ebi.o
 .text.EBI_BankWriteTimingConfig
                0x0000000000000000       0xc8 ./emlib/em_ebi.o
 .text.EBI_BankWriteTimingSet
                0x0000000000000000       0xe8 ./emlib/em_ebi.o
 .text.EBI_BankAddressTimingConfig
                0x0000000000000000       0x94 ./emlib/em_ebi.o
 .text.EBI_BankAddressTimingSet
                0x0000000000000000       0xd0 ./emlib/em_ebi.o
 .text.EBI_BankPolaritySet
                0x0000000000000000      0x188 ./emlib/em_ebi.o
 .text.EBI_BankByteLaneEnable
                0x0000000000000000       0x88 ./emlib/em_ebi.o
 .text.EBI_AltMapEnable
                0x0000000000000000       0x20 ./emlib/em_ebi.o
 .debug_info    0x0000000000000000     0x10a1 ./emlib/em_ebi.o
 .debug_abbrev  0x0000000000000000      0x1d7 ./emlib/em_ebi.o
 .debug_loc     0x0000000000000000      0x56c ./emlib/em_ebi.o
 .debug_aranges
                0x0000000000000000       0xe0 ./emlib/em_ebi.o
 .debug_ranges  0x0000000000000000       0xd0 ./emlib/em_ebi.o
 .debug_line    0x0000000000000000      0x676 ./emlib/em_ebi.o
 .debug_str     0x0000000000000000      0xdc5 ./emlib/em_ebi.o
 .comment       0x0000000000000000       0x71 ./emlib/em_ebi.o
 .ARM.attributes
                0x0000000000000000       0x33 ./emlib/em_ebi.o
 .debug_frame   0x0000000000000000      0x320 ./emlib/em_ebi.o
 .text          0x0000000000000000        0x0 ./emlib/em_emu.o
 .data          0x0000000000000000        0x0 ./emlib/em_emu.o
 .bss           0x0000000000000000        0x0 ./emlib/em_emu.o
 .text.SystemCoreClockUpdate
                0x0000000000000000        0xc ./emlib/em_emu.o
 .text.BITBAND_Peripheral
                0x0000000000000000       0x2c ./emlib/em_emu.o
 .text.EMU_BUPinEnable
                0x0000000000000000       0x20 ./emlib/em_emu.o
 .text.EMU_Unlock
                0x0000000000000000       0x18 ./emlib/em_emu.o
 .text.CMU_Lock
                0x0000000000000000       0x18 ./emlib/em_emu.o
 .text.CMU_Unlock
                0x0000000000000000       0x1c ./emlib/em_emu.o
 .bss.cmuStatus
                0x0000000000000000        0x4 ./emlib/em_emu.o
 .text.EMU_Restore
                0x0000000000000000       0xf4 ./emlib/em_emu.o
 .text.getErrataFixEmuE107En
                0x0000000000000000       0x68 ./emlib/em_emu.o
 .text.EMU_EnterEM2
                0x0000000000000000       0x9c ./emlib/em_emu.o
 .text.EMU_EnterEM3
                0x0000000000000000       0xbc ./emlib/em_emu.o
 .text.EMU_EnterEM4
                0x0000000000000000       0x50 ./emlib/em_emu.o
 .rodata        0x0000000000000000       0x50 ./emlib/em_emu.o
 .text.EMU_MemPwrDown
                0x0000000000000000       0x2c ./emlib/em_emu.o
 .text.EMU_UpdateOscConfig
                0x0000000000000000       0x1c ./emlib/em_emu.o
 .text.EMU_EM23Init
                0x0000000000000000       0x34 ./emlib/em_emu.o
 .text.EMU_EM4Init
                0x0000000000000000       0x50 ./emlib/em_emu.o
 .text.EMU_BUPDInit
                0x0000000000000000       0xcc ./emlib/em_emu.o
 .text.EMU_BUThresholdSet
                0x0000000000000000       0x5c ./emlib/em_emu.o
 .text.EMU_BUThresRangeSet
                0x0000000000000000       0x60 ./emlib/em_emu.o
 .debug_info    0x0000000000000000      0xd78 ./emlib/em_emu.o
 .debug_abbrev  0x0000000000000000      0x261 ./emlib/em_emu.o
 .debug_loc     0x0000000000000000      0x3b4 ./emlib/em_emu.o
 .debug_aranges
                0x0000000000000000       0xa8 ./emlib/em_emu.o
 .debug_ranges  0x0000000000000000       0x98 ./emlib/em_emu.o
 .debug_line    0x0000000000000000      0x4ce ./emlib/em_emu.o
 .debug_str     0x0000000000000000      0x82a ./emlib/em_emu.o
 .comment       0x0000000000000000       0x71 ./emlib/em_emu.o
 .ARM.attributes
                0x0000000000000000       0x33 ./emlib/em_emu.o
 .debug_frame   0x0000000000000000      0x21c ./emlib/em_emu.o
 .text          0x0000000000000000        0x0 ./emlib/em_gpio.o
 .data          0x0000000000000000        0x0 ./emlib/em_gpio.o
 .bss           0x0000000000000000        0x0 ./emlib/em_gpio.o
 .text.BITBAND_Peripheral
                0x0000000000000000       0x2c ./emlib/em_gpio.o
 .text.GPIO_DbgLocationSet
                0x0000000000000000       0x3c ./emlib/em_gpio.o
 .text.GPIO_DriveModeSet
                0x0000000000000000       0x58 ./emlib/em_gpio.o
 .text.GPIO_IntConfig
                0x0000000000000000       0xcc ./emlib/em_gpio.o
 .text          0x0000000000000000        0x0 ./emlib/em_system.o
 .data          0x0000000000000000        0x0 ./emlib/em_system.o
 .bss           0x0000000000000000        0x0 ./emlib/em_system.o
 .text.SYSTEM_GetCalibrationValue
                0x0000000000000000       0x5c ./emlib/em_system.o
 .text          0x0000000000000000        0x0 ./emlib/em_usart.o
 .data          0x0000000000000000        0x0 ./emlib/em_usart.o
 .bss           0x0000000000000000        0x0 ./emlib/em_usart.o
 .rodata        0x0000000000000000       0x50 ./emlib/em_usart.o
 .text.USART_BaudrateAsyncSet
                0x0000000000000000      0x130 ./emlib/em_usart.o
 .text.USART_BaudrateCalc
                0x0000000000000000       0xb8 ./emlib/em_usart.o
 .text.USART_BaudrateGet
                0x0000000000000000       0x50 ./emlib/em_usart.o
 .text.USART_BaudrateSyncSet
                0x0000000000000000       0x90 ./emlib/em_usart.o
 .text.USART_Enable
                0x0000000000000000       0x78 ./emlib/em_usart.o
 .text.USART_InitAsync
                0x0000000000000000       0xc0 ./emlib/em_usart.o
 .text.USART_InitSync
                0x0000000000000000       0xd4 ./emlib/em_usart.o
 .text.USART_InitIrDA
                0x0000000000000000       0x74 ./emlib/em_usart.o
 .text.USART_InitI2s
                0x0000000000000000       0xa0 ./emlib/em_usart.o
 .text.USART_InitPrsTrigger
                0x0000000000000000       0x60 ./emlib/em_usart.o
 .text.USART_Reset
                0x0000000000000000       0xb8 ./emlib/em_usart.o
 .text.USART_Rx
                0x0000000000000000       0x28 ./emlib/em_usart.o
 .text.USART_RxDouble
                0x0000000000000000       0x28 ./emlib/em_usart.o
 .text.USART_RxDoubleExt
                0x0000000000000000       0x28 ./emlib/em_usart.o
 .text.USART_RxExt
                0x0000000000000000       0x28 ./emlib/em_usart.o
 .text.USART_SpiTransfer
                0x0000000000000000       0x40 ./emlib/em_usart.o
 .text.USART_Tx
                0x0000000000000000       0x2c ./emlib/em_usart.o
 .text.USART_TxDouble
                0x0000000000000000       0x2c ./emlib/em_usart.o
 .text.USART_TxDoubleExt
                0x0000000000000000       0x28 ./emlib/em_usart.o
 .text.USART_TxExt
                0x0000000000000000       0x2c ./emlib/em_usart.o
 .debug_info    0x0000000000000000      0xe6e ./emlib/em_usart.o
 .debug_abbrev  0x0000000000000000      0x1b8 ./emlib/em_usart.o
 .debug_loc     0x0000000000000000      0x460 ./emlib/em_usart.o
 .debug_aranges
                0x0000000000000000       0xb8 ./emlib/em_usart.o
 .debug_ranges  0x0000000000000000       0xa8 ./emlib/em_usart.o
 .debug_line    0x0000000000000000      0x506 ./emlib/em_usart.o
 .debug_str     0x0000000000000000      0xdaf ./emlib/em_usart.o
 .comment       0x0000000000000000       0x71 ./emlib/em_usart.o
 .ARM.attributes
                0x0000000000000000       0x33 ./emlib/em_usart.o
 .debug_frame   0x0000000000000000      0x264 ./emlib/em_usart.o
 .data          0x0000000000000000        0x0 ./CMSIS/efm32gg/startup_efm32gg.o
 .bss           0x0000000000000000        0x0 ./CMSIS/efm32gg/startup_efm32gg.o
 .text          0x0000000000000000        0x0 ./CMSIS/efm32gg/system_efm32gg.o
 .data          0x0000000000000000        0x0 ./CMSIS/efm32gg/system_efm32gg.o
 .bss           0x0000000000000000        0x0 ./CMSIS/efm32gg/system_efm32gg.o
 .text.SystemHFXOClockGet
                0x0000000000000000       0x18 ./CMSIS/efm32gg/system_efm32gg.o
 .text.SystemHFXOClockSet
                0x0000000000000000       0x2c ./CMSIS/efm32gg/system_efm32gg.o
 .text.SystemLFXOClockSet
                0x0000000000000000       0x2c ./CMSIS/efm32gg/system_efm32gg.o
 .text          0x0000000000000000        0x0 ./BSP/bsp_bcc.o
 .data          0x0000000000000000        0x0 ./BSP/bsp_bcc.o
 .bss           0x0000000000000000        0x0 ./BSP/bsp_bcc.o
 .bss.rxByteCount
                0x0000000000000000        0x4 ./BSP/bsp_bcc.o
 .bss.txByteCount
                0x0000000000000000        0x4 ./BSP/bsp_bcc.o
 .text.BSP_BccDeInit
                0x0000000000000000       0x40 ./BSP/bsp_bcc.o
 .rodata        0x0000000000000000       0x18 ./BSP/bsp_bcc.o
 .text.BSP_BccInit
                0x0000000000000000       0x74 ./BSP/bsp_bcc.o
 .text.BSP_BccPacketReceive
                0x0000000000000000       0xac ./BSP/bsp_bcc.o
 .text.BSP_BccPacketSend
                0x0000000000000000       0x68 ./BSP/bsp_bcc.o
 .text.BSP_BccPinsEnable
                0x0000000000000000       0x80 ./BSP/bsp_bcc.o
 .text.RxByte   0x0000000000000000       0x3c ./BSP/bsp_bcc.o
 .text.TxByte   0x0000000000000000       0x3c ./BSP/bsp_bcc.o
 .debug_info    0x0000000000000000      0x818 ./BSP/bsp_bcc.o
 .debug_abbrev  0x0000000000000000      0x1aa ./BSP/bsp_bcc.o
 .debug_loc     0x0000000000000000      0x17c ./BSP/bsp_bcc.o
 .debug_aranges
                0x0000000000000000       0x50 ./BSP/bsp_bcc.o
 .debug_ranges  0x0000000000000000       0x40 ./BSP/bsp_bcc.o
 .debug_line    0x0000000000000000      0x307 ./BSP/bsp_bcc.o
 .debug_str     0x0000000000000000      0xa73 ./BSP/bsp_bcc.o
 .comment       0x0000000000000000       0x71 ./BSP/bsp_bcc.o
 .ARM.attributes
                0x0000000000000000       0x33 ./BSP/bsp_bcc.o
 .debug_frame   0x0000000000000000       0xe8 ./BSP/bsp_bcc.o
 .text          0x0000000000000000        0x0 ./BSP/bsp_stk.o
 .data          0x0000000000000000        0x0 ./BSP/bsp_stk.o
 .bss           0x0000000000000000        0x0 ./BSP/bsp_stk.o
 .text.BSP_Disable
                0x0000000000000000       0x14 ./BSP/bsp_stk.o
 .rodata        0x0000000000000000       0x50 ./BSP/bsp_stk.o
 .text.BSP_EbiInit
                0x0000000000000000      0x11c ./BSP/bsp_stk.o
 .text.BSP_EbiDeInit
                0x0000000000000000       0x10 ./BSP/bsp_stk.o
 .text.BSP_Init
                0x0000000000000000       0x20 ./BSP/bsp_stk.o
 .text.BSP_CurrentGet
                0x0000000000000000       0x44 ./BSP/bsp_stk.o
 .text.BSP_VoltageGet
                0x0000000000000000       0x44 ./BSP/bsp_stk.o
 .debug_info    0x0000000000000000      0xa18 ./BSP/bsp_stk.o
 .debug_abbrev  0x0000000000000000      0x158 ./BSP/bsp_stk.o
 .debug_loc     0x0000000000000000      0x13e ./BSP/bsp_stk.o
 .debug_aranges
                0x0000000000000000       0x48 ./BSP/bsp_stk.o
 .debug_ranges  0x0000000000000000       0x38 ./BSP/bsp_stk.o
 .debug_line    0x0000000000000000      0x2af ./BSP/bsp_stk.o
 .debug_str     0x0000000000000000      0xb9b ./BSP/bsp_stk.o
 .comment       0x0000000000000000       0x71 ./BSP/bsp_stk.o
 .ARM.attributes
                0x0000000000000000       0x33 ./BSP/bsp_stk.o
 .debug_frame   0x0000000000000000       0xc4 ./BSP/bsp_stk.o
 .text          0x0000000000000000        0x0 ./BSP/bsp_stk_leds.o
 .data          0x0000000000000000        0x0 ./BSP/bsp_stk_leds.o
 .bss           0x0000000000000000        0x0 ./BSP/bsp_stk_leds.o
 .text.GPIO_PinOutClear
                0x0000000000000000       0x4c ./BSP/bsp_stk_leds.o
 .text.GPIO_PinOutGet
                0x0000000000000000       0x50 ./BSP/bsp_stk_leds.o
 .text.BSP_LedsGet
                0x0000000000000000       0x5c ./BSP/bsp_stk_leds.o
 .text.BSP_LedsSet
                0x0000000000000000       0x74 ./BSP/bsp_stk_leds.o
 .text.BSP_LedClear
                0x0000000000000000       0x44 ./BSP/bsp_stk_leds.o
 .text.BSP_LedGet
                0x0000000000000000       0x48 ./BSP/bsp_stk_leds.o
 .text          0x0000000000000000        0x0 ./BSP/bsp_trace.o
 .data          0x0000000000000000        0x0 ./BSP/bsp_trace.o
 .bss           0x0000000000000000        0x0 ./BSP/bsp_trace.o
 .text          0x0000000000000000        0x0 /Applications/SimplicityStudio_v3/developer/toolchains/gnu_arm/4.8_2013q4/bin/../lib/gcc/arm-none-eabi/4.8.3/../../../../arm-none-eabi/lib/armv7-m/libc_s.a(lib_a-exit.o)
 .data          0x0000000000000000        0x0 /Applications/SimplicityStudio_v3/developer/toolchains/gnu_arm/4.8_2013q4/bin/../lib/gcc/arm-none-eabi/4.8.3/../../../../arm-none-eabi/lib/armv7-m/libc_s.a(lib_a-exit.o)
 .bss           0x0000000000000000        0x0 /Applications/SimplicityStudio_v3/developer/toolchains/gnu_arm/4.8_2013q4/bin/../lib/gcc/arm-none-eabi/4.8.3/../../../../arm-none-eabi/lib/armv7-m/libc_s.a(lib_a-exit.o)
 .text          0x0000000000000000        0x0 /Applications/SimplicityStudio_v3/developer/toolchains/gnu_arm/4.8_2013q4/bin/../lib/gcc/arm-none-eabi/4.8.3/../../../../arm-none-eabi/lib/armv7-m/libc_s.a(lib_a-impure.o)
 .data          0x0000000000000000        0x0 /Applications/SimplicityStudio_v3/developer/toolchains/gnu_arm/4.8_2013q4/bin/../lib/gcc/arm-none-eabi/4.8.3/../../../../arm-none-eabi/lib/armv7-m/libc_s.a(lib_a-impure.o)
 .bss           0x0000000000000000        0x0 /Applications/SimplicityStudio_v3/developer/toolchains/gnu_arm/4.8_2013q4/bin/../lib/gcc/arm-none-eabi/4.8.3/../../../../arm-none-eabi/lib/armv7-m/libc_s.a(lib_a-impure.o)
 .data._impure_ptr
                0x0000000000000000        0x4 /Applications/SimplicityStudio_v3/developer/toolchains/gnu_arm/4.8_2013q4/bin/../lib/gcc/arm-none-eabi/4.8.3/../../../../arm-none-eabi/lib/armv7-m/libc_s.a(lib_a-impure.o)
 .text          0x0000000000000000        0x0 /Applications/SimplicityStudio_v3/developer/toolchains/gnu_arm/4.8_2013q4/bin/../lib/gcc/arm-none-eabi/4.8.3/../../../../arm-none-eabi/lib/armv7-m/libc_s.a(lib_a-init.o)
 .data          0x0000000000000000        0x0 /Applications/SimplicityStudio_v3/developer/toolchains/gnu_arm/4.8_2013q4/bin/../lib/gcc/arm-none-eabi/4.8.3/../../../../arm-none-eabi/lib/armv7-m/libc_s.a(lib_a-init.o)
 .bss           0x0000000000000000        0x0 /Applications/SimplicityStudio_v3/developer/toolchains/gnu_arm/4.8_2013q4/bin/../lib/gcc/arm-none-eabi/4.8.3/../../../../arm-none-eabi/lib/armv7-m/libc_s.a(lib_a-init.o)
 .text          0x0000000000000000        0x0 /Applications/SimplicityStudio_v3/developer/toolchains/gnu_arm/4.8_2013q4/bin/../lib/gcc/arm-none-eabi/4.8.3/../../../../arm-none-eabi/lib/armv7-m/libc_s.a(lib_a-memcpy-stub.o)
 .data          0x0000000000000000        0x0 /Applications/SimplicityStudio_v3/developer/toolchains/gnu_arm/4.8_2013q4/bin/../lib/gcc/arm-none-eabi/4.8.3/../../../../arm-none-eabi/lib/armv7-m/libc_s.a(lib_a-memcpy-stub.o)
 .bss           0x0000000000000000        0x0 /Applications/SimplicityStudio_v3/developer/toolchains/gnu_arm/4.8_2013q4/bin/../lib/gcc/arm-none-eabi/4.8.3/../../../../arm-none-eabi/lib/armv7-m/libc_s.a(lib_a-memcpy-stub.o)
 .text.memcpy   0x0000000000000000       0x12 /Applications/SimplicityStudio_v3/developer/toolchains/gnu_arm/4.8_2013q4/bin/../lib/gcc/arm-none-eabi/4.8.3/../../../../arm-none-eabi/lib/armv7-m/libc_s.a(lib_a-memcpy-stub.o)
 .ARM.attributes
                0x0000000000000000       0x2d /Applications/SimplicityStudio_v3/developer/toolchains/gnu_arm/4.8_2013q4/bin/../lib/gcc/arm-none-eabi/4.8.3/../../../../arm-none-eabi/lib/armv7-m/libc_s.a(lib_a-memcpy-stub.o)
 .debug_frame   0x0000000000000000       0x28 /Applications/SimplicityStudio_v3/developer/toolchains/gnu_arm/4.8_2013q4/bin/../lib/gcc/arm-none-eabi/4.8.3/../../../../arm-none-eabi/lib/armv7-m/libc_s.a(lib_a-memcpy-stub.o)
 .text          0x0000000000000000        0x0 /Applications/SimplicityStudio_v3/developer/toolchains/gnu_arm/4.8_2013q4/bin/../lib/gcc/arm-none-eabi/4.8.3/../../../../arm-none-eabi/lib/armv7-m/libc_s.a(lib_a-memset.o)
 .data          0x0000000000000000        0x0 /Applications/SimplicityStudio_v3/developer/toolchains/gnu_arm/4.8_2013q4/bin/../lib/gcc/arm-none-eabi/4.8.3/../../../../arm-none-eabi/lib/armv7-m/libc_s.a(lib_a-memset.o)
 .bss           0x0000000000000000        0x0 /Applications/SimplicityStudio_v3/developer/toolchains/gnu_arm/4.8_2013q4/bin/../lib/gcc/arm-none-eabi/4.8.3/../../../../arm-none-eabi/lib/armv7-m/libc_s.a(lib_a-memset.o)
 .text          0x0000000000000000        0x0 /Applications/SimplicityStudio_v3/developer/toolchains/gnu_arm/4.8_2013q4/bin/../lib/gcc/arm-none-eabi/4.8.3/../../../../arm-none-eabi/lib/armv7-m/libnosys.a(_exit.o)
 .data          0x0000000000000000        0x0 /Applications/SimplicityStudio_v3/developer/toolchains/gnu_arm/4.8_2013q4/bin/../lib/gcc/arm-none-eabi/4.8.3/../../../../arm-none-eabi/lib/armv7-m/libnosys.a(_exit.o)
 .bss           0x0000000000000000        0x0 /Applications/SimplicityStudio_v3/developer/toolchains/gnu_arm/4.8_2013q4/bin/../lib/gcc/arm-none-eabi/4.8.3/../../../../arm-none-eabi/lib/armv7-m/libnosys.a(_exit.o)
 .text          0x0000000000000000        0x0 /Applications/SimplicityStudio_v3/developer/toolchains/gnu_arm/4.8_2013q4/bin/../lib/gcc/arm-none-eabi/4.8.3/armv7-m/crtend.o
 .data          0x0000000000000000        0x0 /Applications/SimplicityStudio_v3/developer/toolchains/gnu_arm/4.8_2013q4/bin/../lib/gcc/arm-none-eabi/4.8.3/armv7-m/crtend.o
 .bss           0x0000000000000000        0x0 /Applications/SimplicityStudio_v3/developer/toolchains/gnu_arm/4.8_2013q4/bin/../lib/gcc/arm-none-eabi/4.8.3/armv7-m/crtend.o
 .text          0x0000000000000000        0x0 /Applications/SimplicityStudio_v3/developer/toolchains/gnu_arm/4.8_2013q4/bin/../lib/gcc/arm-none-eabi/4.8.3/armv7-m/crtn.o
 .data          0x0000000000000000        0x0 /Applications/SimplicityStudio_v3/developer/toolchains/gnu_arm/4.8_2013q4/bin/../lib/gcc/arm-none-eabi/4.8.3/armv7-m/crtn.o
 .bss           0x0000000000000000        0x0 /Applications/SimplicityStudio_v3/developer/toolchains/gnu_arm/4.8_2013q4/bin/../lib/gcc/arm-none-eabi/4.8.3/armv7-m/crtn.o

Memory Configuration

Name             Origin             Length             Attributes
FLASH            0x0000000000000000 0x0000000000100000 xr
RAM              0x0000000020000000 0x0000000000020000 xrw
*default*        0x0000000000000000 0xffffffffffffffff

Linker script and memory map

LOAD /Applications/SimplicityStudio_v3/developer/toolchains/gnu_arm/4.8_2013q4/bin/../lib/gcc/arm-none-eabi/4.8.3/armv7-m/crti.o
LOAD /Applications/SimplicityStudio_v3/developer/toolchains/gnu_arm/4.8_2013q4/bin/../lib/gcc/arm-none-eabi/4.8.3/armv7-m/crtbegin.o
LOAD /Applications/SimplicityStudio_v3/developer/toolchains/gnu_arm/4.8_2013q4/bin/../lib/gcc/arm-none-eabi/4.8.3/../../../../arm-none-eabi/lib/armv7-m/crt0.o
LOAD ./src/blink.o
LOAD ./emlib/em_assert.o
LOAD ./emlib/em_cmu.o
LOAD ./emlib/em_ebi.o
LOAD ./emlib/em_emu.o
LOAD ./emlib/em_gpio.o
LOAD ./emlib/em_system.o
LOAD ./emlib/em_usart.o
LOAD ./CMSIS/efm32gg/startup_efm32gg.o
LOAD ./CMSIS/efm32gg/system_efm32gg.o
LOAD ./BSP/bsp_bcc.o
LOAD ./BSP/bsp_stk.o
LOAD ./BSP/bsp_stk_leds.o
LOAD ./BSP/bsp_trace.o
START GROUP
LOAD /Applications/SimplicityStudio_v3/developer/toolchains/gnu_arm/4.8_2013q4/bin/../lib/gcc/arm-none-eabi/4.8.3/armv7-m/libgcc.a
LOAD /Applications/SimplicityStudio_v3/developer/toolchains/gnu_arm/4.8_2013q4/bin/../lib/gcc/arm-none-eabi/4.8.3/../../../../arm-none-eabi/lib/armv7-m/libc_s.a
LOAD /Applications/SimplicityStudio_v3/developer/toolchains/gnu_arm/4.8_2013q4/bin/../lib/gcc/arm-none-eabi/4.8.3/../../../../arm-none-eabi/lib/armv7-m/libnosys.a
END GROUP
START GROUP
LOAD /Applications/SimplicityStudio_v3/developer/toolchains/gnu_arm/4.8_2013q4/bin/../lib/gcc/arm-none-eabi/4.8.3/armv7-m/libgcc.a
LOAD /Applications/SimplicityStudio_v3/developer/toolchains/gnu_arm/4.8_2013q4/bin/../lib/gcc/arm-none-eabi/4.8.3/../../../../arm-none-eabi/lib/armv7-m/libg_s.a
LOAD /Applications/SimplicityStudio_v3/developer/toolchains/gnu_arm/4.8_2013q4/bin/../lib/gcc/arm-none-eabi/4.8.3/../../../../arm-none-eabi/lib/armv7-m/libc_s.a
END GROUP
START GROUP
LOAD /Applications/SimplicityStudio_v3/developer/toolchains/gnu_arm/4.8_2013q4/bin/../lib/gcc/arm-none-eabi/4.8.3/armv7-m/libgcc.a
LOAD /Applications/SimplicityStudio_v3/developer/toolchains/gnu_arm/4.8_2013q4/bin/../lib/gcc/arm-none-eabi/4.8.3/../../../../arm-none-eabi/lib/armv7-m/libc_s.a
END GROUP
LOAD /Applications/SimplicityStudio_v3/developer/toolchains/gnu_arm/4.8_2013q4/bin/../lib/gcc/arm-none-eabi/4.8.3/armv7-m/crtend.o
LOAD /Applications/SimplicityStudio_v3/developer/toolchains/gnu_arm/4.8_2013q4/bin/../lib/gcc/arm-none-eabi/4.8.3/armv7-m/crtn.o

.text           0x0000000000000000     0x12e4
 *(.vectors)
 .vectors       0x0000000000000000       0xdc ./CMSIS/efm32gg/startup_efm32gg.o
                0x0000000000000000                __Vectors
                0x00000000000000dc                __Vectors_End = .
                0x00000000000000dc                __Vectors_Size = (__Vectors_End - __Vectors)
                0x00000000000000dc                __end__ = .
 *(.text*)
 .text          0x00000000000000dc       0x54 /Applications/SimplicityStudio_v3/developer/toolchains/gnu_arm/4.8_2013q4/bin/../lib/gcc/arm-none-eabi/4.8.3/armv7-m/crtbegin.o
 .text          0x0000000000000130       0x74 /Applications/SimplicityStudio_v3/developer/toolchains/gnu_arm/4.8_2013q4/bin/../lib/gcc/arm-none-eabi/4.8.3/../../../../arm-none-eabi/lib/armv7-m/crt0.o
                0x0000000000000130                _mainCRTStartup
                0x0000000000000130                _start
 .text.NVIC_SetPriority
                0x00000000000001a4       0x54 ./src/blink.o
 .text.SysTick_Config
                0x00000000000001f8       0x44 ./src/blink.o
 .text.CHIP_Init
                0x000000000000023c       0x40 ./src/blink.o
 .text.SysTick_Handler
                0x000000000000027c       0x1c ./src/blink.o
                0x000000000000027c                SysTick_Handler
 .text.Delay    0x0000000000000298       0x2c ./src/blink.o
                0x0000000000000298                Delay
 .text.main     0x00000000000002c4       0x54 ./src/blink.o
                0x00000000000002c4                main
 .text.assertEFM
                0x0000000000000318        0xc ./emlib/em_assert.o
                0x0000000000000318                assertEFM
 .text.BITBAND_Peripheral
                0x0000000000000324       0x2c ./emlib/em_cmu.o
 .text.CMU_MaxFreqHfle
                0x0000000000000350       0x94 ./emlib/em_cmu.o
 .text.CMU_DivToLog2
                0x00000000000003e4       0x44 ./emlib/em_cmu.o
 .text.CMU_USBCClkGet
                0x0000000000000428       0x4c ./emlib/em_cmu.o
 .text.CMU_AUXClkGet
                0x0000000000000474       0x8c ./emlib/em_cmu.o
 .text.CMU_DBGClkGet
                0x0000000000000500       0x64 ./emlib/em_cmu.o
 .text.CMU_LFClkGet
                0x0000000000000564       0xc0 ./emlib/em_cmu.o
 .text.CMU_Sync
                0x0000000000000624       0x34 ./emlib/em_cmu.o
 .text.CMU_ClockEnable
                0x0000000000000658       0xec ./emlib/em_cmu.o
                0x0000000000000658                CMU_ClockEnable
 .text.CMU_ClockFreqGet
                0x0000000000000744      0x20c ./emlib/em_cmu.o
                0x0000000000000744                CMU_ClockFreqGet
 .text.CMU_ClockSelectGet
                0x0000000000000950      0x16c ./emlib/em_cmu.o
                0x0000000000000950                CMU_ClockSelectGet
 .text.GPIO_PinModeSet
                0x0000000000000abc      0x14c ./emlib/em_gpio.o
                0x0000000000000abc                GPIO_PinModeSet
 .text.SYSTEM_ChipRevisionGet
                0x0000000000000c08       0x80 ./emlib/em_system.o
                0x0000000000000c08                SYSTEM_ChipRevisionGet
 .text          0x0000000000000c88       0x30 ./CMSIS/efm32gg/startup_efm32gg.o
                0x0000000000000c88                Reset_Handler
                0x0000000000000cb4                DebugMon_Handler
                0x0000000000000cb4                USART0_TX_IRQHandler
                0x0000000000000cb4                I2C0_IRQHandler
                0x0000000000000cb4                HardFault_Handler
                0x0000000000000cb4                LEUART1_IRQHandler
                0x0000000000000cb4                USART1_RX_IRQHandler
                0x0000000000000cb4                PendSV_Handler
                0x0000000000000cb4                NMI_Handler
                0x0000000000000cb4                I2C1_IRQHandler
                0x0000000000000cb4                TIMER3_IRQHandler
                0x0000000000000cb4                USART1_TX_IRQHandler
                0x0000000000000cb4                MSC_IRQHandler
                0x0000000000000cb4                ADC0_IRQHandler
                0x0000000000000cb4                UsageFault_Handler
                0x0000000000000cb4                LEUART0_IRQHandler
                0x0000000000000cb4                GPIO_EVEN_IRQHandler
                0x0000000000000cb4                UART0_TX_IRQHandler
                0x0000000000000cb4                UART1_TX_IRQHandler
                0x0000000000000cb4                RTC_IRQHandler
                0x0000000000000cb4                TIMER0_IRQHandler
                0x0000000000000cb4                LCD_IRQHandler
                0x0000000000000cb4                PCNT2_IRQHandler
                0x0000000000000cb4                UART0_RX_IRQHandler
                0x0000000000000cb4                LETIMER0_IRQHandler
                0x0000000000000cb4                TIMER1_IRQHandler
                0x0000000000000cb4                USART2_RX_IRQHandler
                0x0000000000000cb4                Default_Handler
                0x0000000000000cb4                EMU_IRQHandler
                0x0000000000000cb4                PCNT0_IRQHandler
                0x0000000000000cb4                USB_IRQHandler
                0x0000000000000cb4                BURTC_IRQHandler
                0x0000000000000cb4                PCNT1_IRQHandler
                0x0000000000000cb4                ACMP0_IRQHandler
                0x0000000000000cb4                USART0_RX_IRQHandler
                0x0000000000000cb4                MemManage_Handler
                0x0000000000000cb4                SVC_Handler
                0x0000000000000cb4                DAC0_IRQHandler
                0x0000000000000cb4                UART1_RX_IRQHandler
                0x0000000000000cb4                CMU_IRQHandler
                0x0000000000000cb4                EBI_IRQHandler
                0x0000000000000cb4                LESENSE_IRQHandler
                0x0000000000000cb4                GPIO_ODD_IRQHandler
                0x0000000000000cb4                AES_IRQHandler
                0x0000000000000cb4                VCMP_IRQHandler
                0x0000000000000cb4                DMA_IRQHandler
                0x0000000000000cb4                BusFault_Handler
                0x0000000000000cb4                TIMER2_IRQHandler
                0x0000000000000cb4                USART2_TX_IRQHandler
 .text.GetProdRev
                0x0000000000000cb8       0x1c ./CMSIS/efm32gg/system_efm32gg.o
 .text.SystemCoreClockGet
                0x0000000000000cd4       0x48 ./CMSIS/efm32gg/system_efm32gg.o
                0x0000000000000cd4                SystemCoreClockGet
 .text.SystemHFClockGet
                0x0000000000000d1c       0xf0 ./CMSIS/efm32gg/system_efm32gg.o
                0x0000000000000d1c                SystemHFClockGet
 .text.SystemInit
                0x0000000000000e0c        0xc ./CMSIS/efm32gg/system_efm32gg.o
                0x0000000000000e0c                SystemInit
 .text.SystemLFRCOClockGet
                0x0000000000000e18       0x14 ./CMSIS/efm32gg/system_efm32gg.o
                0x0000000000000e18                SystemLFRCOClockGet
 .text.SystemULFRCOClockGet
                0x0000000000000e2c       0x14 ./CMSIS/efm32gg/system_efm32gg.o
                0x0000000000000e2c                SystemULFRCOClockGet
 .text.SystemLFXOClockGet
                0x0000000000000e40       0x18 ./CMSIS/efm32gg/system_efm32gg.o
                0x0000000000000e40                SystemLFXOClockGet
 .text.GPIO_PinOutSet
                0x0000000000000e58       0x4c ./BSP/bsp_stk_leds.o
 .text.GPIO_PinOutToggle
                0x0000000000000ea4       0x4c ./BSP/bsp_stk_leds.o
 .text.BSP_LedsInit
                0x0000000000000ef0       0x5c ./BSP/bsp_stk_leds.o
                0x0000000000000ef0                BSP_LedsInit
 .text.BSP_LedSet
                0x0000000000000f4c       0x44 ./BSP/bsp_stk_leds.o
                0x0000000000000f4c                BSP_LedSet
 .text.BSP_LedToggle
                0x0000000000000f90       0x44 ./BSP/bsp_stk_leds.o
                0x0000000000000f90                BSP_LedToggle
 .text.BSP_TraceSwoSetup
                0x0000000000000fd4       0xec ./BSP/bsp_trace.o
                0x0000000000000fd4                BSP_TraceSwoSetup
 .text.BSP_TraceProfilerSetup
                0x00000000000010c0       0x28 ./BSP/bsp_trace.o
                0x00000000000010c0                BSP_TraceProfilerSetup
 .text.exit     0x00000000000010e8       0x28 /Applications/SimplicityStudio_v3/developer/toolchains/gnu_arm/4.8_2013q4/bin/../lib/gcc/arm-none-eabi/4.8.3/../../../../arm-none-eabi/lib/armv7-m/libc_s.a(lib_a-exit.o)
                0x00000000000010e8                exit
 .text.__libc_init_array
                0x0000000000001110       0x4c /Applications/SimplicityStudio_v3/developer/toolchains/gnu_arm/4.8_2013q4/bin/../lib/gcc/arm-none-eabi/4.8.3/../../../../arm-none-eabi/lib/armv7-m/libc_s.a(lib_a-init.o)
                0x0000000000001110                __libc_init_array
 .text.memset   0x000000000000115c       0x10 /Applications/SimplicityStudio_v3/developer/toolchains/gnu_arm/4.8_2013q4/bin/../lib/gcc/arm-none-eabi/4.8.3/../../../../arm-none-eabi/lib/armv7-m/libc_s.a(lib_a-memset.o)
                0x000000000000115c                memset
 .text._exit    0x000000000000116c        0x4 /Applications/SimplicityStudio_v3/developer/toolchains/gnu_arm/4.8_2013q4/bin/../lib/gcc/arm-none-eabi/4.8.3/../../../../arm-none-eabi/lib/armv7-m/libnosys.a(_exit.o)
                0x000000000000116c                _exit
 *(.init)
 .init          0x0000000000001170        0x4 /Applications/SimplicityStudio_v3/developer/toolchains/gnu_arm/4.8_2013q4/bin/../lib/gcc/arm-none-eabi/4.8.3/armv7-m/crti.o
                0x0000000000001170                _init
 .init          0x0000000000001174        0x8 /Applications/SimplicityStudio_v3/developer/toolchains/gnu_arm/4.8_2013q4/bin/../lib/gcc/arm-none-eabi/4.8.3/armv7-m/crtn.o
 *(.fini)
 .fini          0x000000000000117c        0x4 /Applications/SimplicityStudio_v3/developer/toolchains/gnu_arm/4.8_2013q4/bin/../lib/gcc/arm-none-eabi/4.8.3/armv7-m/crti.o
                0x000000000000117c                _fini
 .fini          0x0000000000001180        0x8 /Applications/SimplicityStudio_v3/developer/toolchains/gnu_arm/4.8_2013q4/bin/../lib/gcc/arm-none-eabi/4.8.3/armv7-m/crtn.o
 *crtbegin.o(.ctors)
 *crtbegin?.o(.ctors)
 *(EXCLUDE_FILE(*crtend.o *crtend?.o) .ctors)
 *(SORT(.ctors.*))
 *(.ctors)
 *crtbegin.o(.dtors)
 *crtbegin?.o(.dtors)
 *(EXCLUDE_FILE(*crtend.o *crtend?.o) .dtors)
 *(SORT(.dtors.*))
 *(.dtors)
 *(.rodata*)
 .rodata        0x0000000000001188       0x50 ./emlib/em_cmu.o
 .rodata        0x00000000000011d8       0x50 ./emlib/em_gpio.o
 .rodata        0x0000000000001228       0x50 ./emlib/em_system.o
 .rodata        0x0000000000001278       0x50 ./BSP/bsp_stk_leds.o
 .rodata.ledArray
                0x00000000000012c8       0x10 ./BSP/bsp_stk_leds.o
 .rodata.str1.1
                0x00000000000012d8        0x2 /Applications/SimplicityStudio_v3/developer/toolchains/gnu_arm/4.8_2013q4/bin/../lib/gcc/arm-none-eabi/4.8.3/../../../../arm-none-eabi/lib/armv7-m/libc_s.a(lib_a-impure.o)
 *fill*         0x00000000000012da        0x2 
 .rodata._global_impure_ptr
                0x00000000000012dc        0x4 /Applications/SimplicityStudio_v3/developer/toolchains/gnu_arm/4.8_2013q4/bin/../lib/gcc/arm-none-eabi/4.8.3/../../../../arm-none-eabi/lib/armv7-m/libc_s.a(lib_a-impure.o)
                0x00000000000012dc                _global_impure_ptr
 *(.eh_frame*)
 .eh_frame      0x00000000000012e0        0x0 /Applications/SimplicityStudio_v3/developer/toolchains/gnu_arm/4.8_2013q4/bin/../lib/gcc/arm-none-eabi/4.8.3/armv7-m/crtbegin.o
 .eh_frame      0x00000000000012e0        0x4 /Applications/SimplicityStudio_v3/developer/toolchains/gnu_arm/4.8_2013q4/bin/../lib/gcc/arm-none-eabi/4.8.3/armv7-m/crtend.o

.glue_7         0x00000000000012e4        0x0
 .glue_7        0x0000000000000000        0x0 linker stubs

.glue_7t        0x00000000000012e4        0x0
 .glue_7t       0x0000000000000000        0x0 linker stubs

.vfp11_veneer   0x00000000000012e4        0x0
 .vfp11_veneer  0x0000000000000000        0x0 linker stubs

.v4_bx          0x00000000000012e4        0x0
 .v4_bx         0x0000000000000000        0x0 linker stubs

.iplt           0x00000000000012e4        0x0
 .iplt          0x0000000000000000        0x0 /Applications/SimplicityStudio_v3/developer/toolchains/gnu_arm/4.8_2013q4/bin/../lib/gcc/arm-none-eabi/4.8.3/armv7-m/crtbegin.o

.ARM.extab
 *(.ARM.extab* .gnu.linkonce.armextab.*)
                0x00000000000012e4                __exidx_start = .

.ARM.exidx      0x00000000000012e4        0x8
 *(.ARM.exidx* .gnu.linkonce.armexidx.*)
 .ARM.exidx     0x00000000000012e4        0x8 /Applications/SimplicityStudio_v3/developer/toolchains/gnu_arm/4.8_2013q4/bin/../lib/gcc/arm-none-eabi/4.8.3/../../../../arm-none-eabi/lib/armv7-m/crt0.o
                0x00000000000012ec                __exidx_end = .
                0x00000000000012ec                __etext = .

.rel.dyn        0x00000000000012ec        0x0
 .rel.iplt      0x0000000000000000        0x0 /Applications/SimplicityStudio_v3/developer/toolchains/gnu_arm/4.8_2013q4/bin/../lib/gcc/arm-none-eabi/4.8.3/armv7-m/crtbegin.o

.data           0x0000000020000000       0x74 load address 0x00000000000012ec
                0x0000000020000000                __data_start__ = .
 *(vtable)
 *(.data*)
 .data.SystemHFXOClock
                0x0000000020000000        0x4 ./CMSIS/efm32gg/system_efm32gg.o
 .data.SystemLFXOClock
                0x0000000020000004        0x4 ./CMSIS/efm32gg/system_efm32gg.o
 .data.impure_data
                0x0000000020000008       0x60 /Applications/SimplicityStudio_v3/developer/toolchains/gnu_arm/4.8_2013q4/bin/../lib/gcc/arm-none-eabi/4.8.3/../../../../arm-none-eabi/lib/armv7-m/libc_s.a(lib_a-impure.o)
                0x0000000020000068                . = ALIGN (0x4)
 *(.ram)
                0x0000000020000068                . = ALIGN (0x4)
                0x0000000020000068                PROVIDE (__preinit_array_start, .)
 *(.preinit_array)
                0x0000000020000068                PROVIDE (__preinit_array_end, .)
                0x0000000020000068                . = ALIGN (0x4)
                0x0000000020000068                PROVIDE (__init_array_start, .)
 *(SORT(.init_array.*))
 *(.init_array)
 .init_array    0x0000000020000068        0x4 /Applications/SimplicityStudio_v3/developer/toolchains/gnu_arm/4.8_2013q4/bin/../lib/gcc/arm-none-eabi/4.8.3/armv7-m/crtbegin.o
                0x000000002000006c                PROVIDE (__init_array_end, .)
                0x000000002000006c                . = ALIGN (0x4)
                0x000000002000006c                PROVIDE (__fini_array_start, .)
 *(SORT(.fini_array.*))
 *(.fini_array)
 .fini_array    0x000000002000006c        0x4 /Applications/SimplicityStudio_v3/developer/toolchains/gnu_arm/4.8_2013q4/bin/../lib/gcc/arm-none-eabi/4.8.3/armv7-m/crtbegin.o
                0x0000000020000070                PROVIDE (__fini_array_end, .)
 *(.jcr*)
 .jcr           0x0000000020000070        0x0 /Applications/SimplicityStudio_v3/developer/toolchains/gnu_arm/4.8_2013q4/bin/../lib/gcc/arm-none-eabi/4.8.3/armv7-m/crtbegin.o
 .jcr           0x0000000020000070        0x4 /Applications/SimplicityStudio_v3/developer/toolchains/gnu_arm/4.8_2013q4/bin/../lib/gcc/arm-none-eabi/4.8.3/armv7-m/crtend.o
                0x0000000020000074                . = ALIGN (0x4)
                0x0000000020000074                __data_end__ = .

.igot.plt       0x0000000020000074        0x0 load address 0x0000000000001360
 .igot.plt      0x0000000000000000        0x0 /Applications/SimplicityStudio_v3/developer/toolchains/gnu_arm/4.8_2013q4/bin/../lib/gcc/arm-none-eabi/4.8.3/armv7-m/crtbegin.o

.bss            0x0000000020000074       0x24 load address 0x0000000000001360
                0x0000000020000074                . = ALIGN (0x4)
                0x0000000020000074                __bss_start__ = .
 *(.bss*)
 .bss           0x0000000020000074       0x1c /Applications/SimplicityStudio_v3/developer/toolchains/gnu_arm/4.8_2013q4/bin/../lib/gcc/arm-none-eabi/4.8.3/armv7-m/crtbegin.o
 *(COMMON)
 COMMON         0x0000000020000090        0x4 ./src/blink.o
                0x0000000020000090                msTicks
 COMMON         0x0000000020000094        0x4 ./CMSIS/efm32gg/system_efm32gg.o
                0x0000000020000094                SystemCoreClock
                0x0000000020000098                . = ALIGN (0x4)
                0x0000000020000098                __bss_end__ = .

.heap           0x0000000020000098      0xc00
                0x0000000020000098                __HeapBase = .
                0x0000000020000098                __end__ = .
                0x0000000020000098                end = __end__
                0x0000000020000098                _end = __end__
 *(.heap*)
 .heap          0x0000000020000098      0xc00 ./CMSIS/efm32gg/startup_efm32gg.o
                0x0000000020000c98                __HeapLimit = .

.stack_dummy    0x0000000020000098      0x400
 *(.stack*)
 .stack         0x0000000020000098      0x400 ./CMSIS/efm32gg/startup_efm32gg.o
                0x0000000020020000                __StackTop = (ORIGIN (RAM) + 0x20000)
                0x000000002001fc00                __StackLimit = (__StackTop - SIZEOF (.stack_dummy))
                0x0000000020020000                PROVIDE (__stack, __StackTop)
                0x0000000000000001                ASSERT ((__StackLimit >= __HeapLimit), region RAM overflowed with stack)
                0x0000000000000001                ASSERT ((0x100000 >= (__etext + SIZEOF (.data))), FLASH memory overflowed !)
OUTPUT(STK3700_blink_2.axf elf32-littlearm)

.ARM.attributes
                0x0000000000000000       0x29
 .ARM.attributes
                0x0000000000000000       0x1d /Applications/SimplicityStudio_v3/developer/toolchains/gnu_arm/4.8_2013q4/bin/../lib/gcc/arm-none-eabi/4.8.3/armv7-m/crti.o
 .ARM.attributes
                0x000000000000001d       0x2d /Applications/SimplicityStudio_v3/developer/toolchains/gnu_arm/4.8_2013q4/bin/../lib/gcc/arm-none-eabi/4.8.3/armv7-m/crtbegin.o
 .ARM.attributes
                0x000000000000004a       0x1b /Applications/SimplicityStudio_v3/developer/toolchains/gnu_arm/4.8_2013q4/bin/../lib/gcc/arm-none-eabi/4.8.3/../../../../arm-none-eabi/lib/armv7-m/crt0.o
 .ARM.attributes
                0x0000000000000065       0x33 ./src/blink.o
 .ARM.attributes
                0x0000000000000098       0x33 ./emlib/em_assert.o
 .ARM.attributes
                0x00000000000000cb       0x33 ./emlib/em_cmu.o
 .ARM.attributes
                0x00000000000000fe       0x33 ./emlib/em_gpio.o
 .ARM.attributes
                0x0000000000000131       0x33 ./emlib/em_system.o
 .ARM.attributes
                0x0000000000000164       0x1b ./CMSIS/efm32gg/startup_efm32gg.o
 .ARM.attributes
                0x000000000000017f       0x33 ./CMSIS/efm32gg/system_efm32gg.o
 .ARM.attributes
                0x00000000000001b2       0x33 ./BSP/bsp_stk_leds.o
 .ARM.attributes
                0x00000000000001e5       0x33 ./BSP/bsp_trace.o
 .ARM.attributes
                0x0000000000000218       0x2d /Applications/SimplicityStudio_v3/developer/toolchains/gnu_arm/4.8_2013q4/bin/../lib/gcc/arm-none-eabi/4.8.3/../../../../arm-none-eabi/lib/armv7-m/libc_s.a(lib_a-exit.o)
 .ARM.attributes
                0x0000000000000245       0x2d /Applications/SimplicityStudio_v3/developer/toolchains/gnu_arm/4.8_2013q4/bin/../lib/gcc/arm-none-eabi/4.8.3/../../../../arm-none-eabi/lib/armv7-m/libc_s.a(lib_a-impure.o)
 .ARM.attributes
                0x0000000000000272       0x2d /Applications/SimplicityStudio_v3/developer/toolchains/gnu_arm/4.8_2013q4/bin/../lib/gcc/arm-none-eabi/4.8.3/../../../../arm-none-eabi/lib/armv7-m/libc_s.a(lib_a-init.o)
 .ARM.attributes
                0x000000000000029f       0x2d /Applications/SimplicityStudio_v3/developer/toolchains/gnu_arm/4.8_2013q4/bin/../lib/gcc/arm-none-eabi/4.8.3/../../../../arm-none-eabi/lib/armv7-m/libc_s.a(lib_a-memset.o)
 .ARM.attributes
                0x00000000000002cc       0x2d /Applications/SimplicityStudio_v3/developer/toolchains/gnu_arm/4.8_2013q4/bin/../lib/gcc/arm-none-eabi/4.8.3/../../../../arm-none-eabi/lib/armv7-m/libnosys.a(_exit.o)
 .ARM.attributes
                0x00000000000002f9       0x2d /Applications/SimplicityStudio_v3/developer/toolchains/gnu_arm/4.8_2013q4/bin/../lib/gcc/arm-none-eabi/4.8.3/armv7-m/crtend.o
 .ARM.attributes
                0x0000000000000326       0x1d /Applications/SimplicityStudio_v3/developer/toolchains/gnu_arm/4.8_2013q4/bin/../lib/gcc/arm-none-eabi/4.8.3/armv7-m/crtn.o

.comment        0x0000000000000000       0x70
 .comment       0x0000000000000000       0x70 ./src/blink.o
                                         0x71 (size before relaxing)
 .comment       0x0000000000000000       0x71 ./emlib/em_assert.o
 .comment       0x0000000000000000       0x71 ./emlib/em_cmu.o
 .comment       0x0000000000000000       0x71 ./emlib/em_gpio.o
 .comment       0x0000000000000000       0x71 ./emlib/em_system.o
 .comment       0x0000000000000000       0x71 ./CMSIS/efm32gg/system_efm32gg.o
 .comment       0x0000000000000000       0x71 ./BSP/bsp_stk_leds.o
 .comment       0x0000000000000000       0x71 ./BSP/bsp_trace.o

.debug_info     0x0000000000000000     0x3886
 .debug_info    0x0000000000000000      0x7f9 ./src/blink.o
 .debug_info    0x00000000000007f9       0x76 ./emlib/em_assert.o
 .debug_info    0x000000000000086f     0x10bc ./emlib/em_cmu.o
 .debug_info    0x000000000000192b      0x4d0 ./emlib/em_gpio.o
 .debug_info    0x0000000000001dfb      0x241 ./emlib/em_system.o
 .debug_info    0x000000000000203c       0xf1 ./CMSIS/efm32gg/startup_efm32gg.o
 .debug_info    0x000000000000212d      0x543 ./CMSIS/efm32gg/system_efm32gg.o
 .debug_info    0x0000000000002670      0x72f ./BSP/bsp_stk_leds.o
 .debug_info    0x0000000000002d9f      0xae7 ./BSP/bsp_trace.o

.debug_abbrev   0x0000000000000000      0xb23
 .debug_abbrev  0x0000000000000000      0x1dc ./src/blink.o
 .debug_abbrev  0x00000000000001dc       0x63 ./emlib/em_assert.o
 .debug_abbrev  0x000000000000023f      0x2b7 ./emlib/em_cmu.o
 .debug_abbrev  0x00000000000004f6      0x11e ./emlib/em_gpio.o
 .debug_abbrev  0x0000000000000614       0xed ./emlib/em_system.o
 .debug_abbrev  0x0000000000000701       0x14 ./CMSIS/efm32gg/startup_efm32gg.o
 .debug_abbrev  0x0000000000000715      0x16b ./CMSIS/efm32gg/system_efm32gg.o
 .debug_abbrev  0x0000000000000880      0x14f ./BSP/bsp_stk_leds.o
 .debug_abbrev  0x00000000000009cf      0x154 ./BSP/bsp_trace.o

.debug_loc      0x0000000000000000      0xeb4
 .debug_loc     0x0000000000000000      0x138 ./src/blink.o
 .debug_loc     0x0000000000000138       0x38 ./emlib/em_assert.o
 .debug_loc     0x0000000000000170      0x708 ./emlib/em_cmu.o
 .debug_loc     0x0000000000000878      0x118 ./emlib/em_gpio.o
 .debug_loc     0x0000000000000990       0x70 ./emlib/em_system.o
 .debug_loc     0x0000000000000a00      0x1e8 ./CMSIS/efm32gg/system_efm32gg.o
 .debug_loc     0x0000000000000be8      0x268 ./BSP/bsp_stk_leds.o
 .debug_loc     0x0000000000000e50       0x64 ./BSP/bsp_trace.o

.debug_aranges  0x0000000000000000      0x310
 .debug_aranges
                0x0000000000000000       0x48 ./src/blink.o
 .debug_aranges
                0x0000000000000048       0x20 ./emlib/em_assert.o
 .debug_aranges
                0x0000000000000068      0x120 ./emlib/em_cmu.o
 .debug_aranges
                0x0000000000000188       0x40 ./emlib/em_gpio.o
 .debug_aranges
                0x00000000000001c8       0x28 ./emlib/em_system.o
 .debug_aranges
                0x00000000000001f0       0x20 ./CMSIS/efm32gg/startup_efm32gg.o
 .debug_aranges
                0x0000000000000210       0x68 ./CMSIS/efm32gg/system_efm32gg.o
 .debug_aranges
                0x0000000000000278       0x70 ./BSP/bsp_stk_leds.o
 .debug_aranges
                0x00000000000002e8       0x28 ./BSP/bsp_trace.o

.debug_ranges   0x0000000000000000      0x270
 .debug_ranges  0x0000000000000000       0x38 ./src/blink.o
 .debug_ranges  0x0000000000000038       0x10 ./emlib/em_assert.o
 .debug_ranges  0x0000000000000048      0x110 ./emlib/em_cmu.o
 .debug_ranges  0x0000000000000158       0x30 ./emlib/em_gpio.o
 .debug_ranges  0x0000000000000188       0x18 ./emlib/em_system.o
 .debug_ranges  0x00000000000001a0       0x58 ./CMSIS/efm32gg/system_efm32gg.o
 .debug_ranges  0x00000000000001f8       0x60 ./BSP/bsp_stk_leds.o
 .debug_ranges  0x0000000000000258       0x18 ./BSP/bsp_trace.o

.debug_line     0x0000000000000000     0x199a
 .debug_line    0x0000000000000000      0x284 ./src/blink.o
 .debug_line    0x0000000000000284       0x84 ./emlib/em_assert.o
 .debug_line    0x0000000000000308      0x894 ./emlib/em_cmu.o
 .debug_line    0x0000000000000b9c      0x2c6 ./emlib/em_gpio.o
 .debug_line    0x0000000000000e62      0x253 ./emlib/em_system.o
 .debug_line    0x00000000000010b5       0xbd ./CMSIS/efm32gg/startup_efm32gg.o
 .debug_line    0x0000000000001172      0x2ad ./CMSIS/efm32gg/system_efm32gg.o
 .debug_line    0x000000000000141f      0x373 ./BSP/bsp_stk_leds.o
 .debug_line    0x0000000000001792      0x208 ./BSP/bsp_trace.o

.debug_str      0x0000000000000000     0x18e6
 .debug_str     0x0000000000000000      0x7d1 ./src/blink.o
                                        0x82c (size before relaxing)
 .debug_str     0x00000000000007d1       0x64 ./emlib/em_assert.o
                                        0x13a (size before relaxing)
 .debug_str     0x0000000000000835      0x837 ./emlib/em_cmu.o
                                        0xc69 (size before relaxing)
 .debug_str     0x000000000000106c      0x378 ./emlib/em_gpio.o
                                        0x538 (size before relaxing)
 .debug_str     0x00000000000013e4       0xb6 ./emlib/em_system.o
                                        0x2a7 (size before relaxing)
 .debug_str     0x000000000000149a      0x14c ./CMSIS/efm32gg/system_efm32gg.o
                                        0x47e (size before relaxing)
 .debug_str     0x00000000000015e6      0x115 ./BSP/bsp_stk_leds.o
                                        0x75d (size before relaxing)
 .debug_str     0x00000000000016fb      0x1eb ./BSP/bsp_trace.o
                                        0x55f (size before relaxing)

.debug_frame    0x0000000000000000      0x948
 .debug_frame   0x0000000000000000       0xbc ./src/blink.o
 .debug_frame   0x00000000000000bc       0x2c ./emlib/em_assert.o
 .debug_frame   0x00000000000000e8      0x3f8 ./emlib/em_cmu.o
 .debug_frame   0x00000000000004e0       0xac ./emlib/em_gpio.o
 .debug_frame   0x000000000000058c       0x50 ./emlib/em_system.o
 .debug_frame   0x00000000000005dc      0x120 ./CMSIS/efm32gg/system_efm32gg.o
 .debug_frame   0x00000000000006fc      0x170 ./BSP/bsp_stk_leds.o
 .debug_frame   0x000000000000086c       0x48 ./BSP/bsp_trace.o
 .debug_frame   0x00000000000008b4       0x28 /Applications/SimplicityStudio_v3/developer/toolchains/gnu_arm/4.8_2013q4/bin/../lib/gcc/arm-none-eabi/4.8.3/../../../../arm-none-eabi/lib/armv7-m/libc_s.a(lib_a-exit.o)
 .debug_frame   0x00000000000008dc       0x2c /Applications/SimplicityStudio_v3/developer/toolchains/gnu_arm/4.8_2013q4/bin/../lib/gcc/arm-none-eabi/4.8.3/../../../../arm-none-eabi/lib/armv7-m/libc_s.a(lib_a-init.o)
 .debug_frame   0x0000000000000908       0x20 /Applications/SimplicityStudio_v3/developer/toolchains/gnu_arm/4.8_2013q4/bin/../lib/gcc/arm-none-eabi/4.8.3/../../../../arm-none-eabi/lib/armv7-m/libc_s.a(lib_a-memset.o)
 .debug_frame   0x0000000000000928       0x20 /Applications/SimplicityStudio_v3/developer/toolchains/gnu_arm/4.8_2013q4/bin/../lib/gcc/arm-none-eabi/4.8.3/../../../../arm-none-eabi/lib/armv7-m/libnosys.a(_exit.o)
